Archive member included to satisfy reference by file (symbol)

C:/MaximSDK/Libraries/PeriphDrivers/bin/MAX78000/softfp/libPeriphDriver_softfp.a(mxc_delay.o)
                              C:/MaximSDK/Examples/AiBirdFeeder/bird_feeder/build/main.o (MXC_Delay)
C:/MaximSDK/Libraries/PeriphDrivers/bin/MAX78000/softfp/libPeriphDriver_softfp.a(pins_ai85.o)
                              C:/MaximSDK/Examples/AiBirdFeeder/bird_feeder/build/camera.o (gpio_cfg_pcif_xclk)
C:/MaximSDK/Libraries/PeriphDrivers/bin/MAX78000/softfp/libPeriphDriver_softfp.a(sys_ai85.o)
                              C:/MaximSDK/Examples/AiBirdFeeder/bird_feeder/build/cnn.o (MXC_SYS_ClockDisable)
C:/MaximSDK/Libraries/PeriphDrivers/bin/MAX78000/softfp/libPeriphDriver_softfp.a(nvic_table.o)
                              C:/MaximSDK/Examples/AiBirdFeeder/bird_feeder/build/cnn.o (NVIC_SetVector)
C:/MaximSDK/Libraries/PeriphDrivers/bin/MAX78000/softfp/libPeriphDriver_softfp.a(cameraif_ai85.o)
                              C:/MaximSDK/Examples/AiBirdFeeder/bird_feeder/build/camera.o (MXC_PCIF_Init)
C:/MaximSDK/Libraries/PeriphDrivers/bin/MAX78000/softfp/libPeriphDriver_softfp.a(cameraif_reva.o)
                              C:/MaximSDK/Libraries/PeriphDrivers/bin/MAX78000/softfp/libPeriphDriver_softfp.a(cameraif_ai85.o) (MXC_PCIF_RevA_SetDatawidth)
C:/MaximSDK/Libraries/PeriphDrivers/bin/MAX78000/softfp/libPeriphDriver_softfp.a(dma_me17.o)
                              C:/MaximSDK/Examples/AiBirdFeeder/bird_feeder/build/main.o (MXC_DMA_Init)
C:/MaximSDK/Libraries/PeriphDrivers/bin/MAX78000/softfp/libPeriphDriver_softfp.a(dma_reva.o)
                              C:/MaximSDK/Libraries/PeriphDrivers/bin/MAX78000/softfp/libPeriphDriver_softfp.a(dma_me17.o) (MXC_DMA_RevA_Init)
C:/MaximSDK/Libraries/PeriphDrivers/bin/MAX78000/softfp/libPeriphDriver_softfp.a(flc_me17.o)
                              C:/MaximSDK/Libraries/PeriphDrivers/bin/MAX78000/softfp/libPeriphDriver_softfp.a(sys_ai85.o) (MXC_FLC_UnlockInfoBlock)
C:/MaximSDK/Libraries/PeriphDrivers/bin/MAX78000/softfp/libPeriphDriver_softfp.a(flc_revb.o)
                              C:/MaximSDK/Libraries/PeriphDrivers/bin/MAX78000/softfp/libPeriphDriver_softfp.a(flc_me17.o) (MXC_FLC_RevB_Busy)
C:/MaximSDK/Libraries/PeriphDrivers/bin/MAX78000/softfp/libPeriphDriver_softfp.a(gpio_ai85.o)
                              C:/MaximSDK/Examples/AiBirdFeeder/bird_feeder/build/cnn.o (MXC_GPIO_Config)
C:/MaximSDK/Libraries/PeriphDrivers/bin/MAX78000/softfp/libPeriphDriver_softfp.a(gpio_reva.o)
                              C:/MaximSDK/Libraries/PeriphDrivers/bin/MAX78000/softfp/libPeriphDriver_softfp.a(gpio_ai85.o) (MXC_GPIO_RevA_InGet)
C:/MaximSDK/Libraries/PeriphDrivers/bin/MAX78000/softfp/libPeriphDriver_softfp.a(i2c_me17.o)
                              C:/MaximSDK/Examples/AiBirdFeeder/bird_feeder/build/max20303.o (MXC_I2C_Init)
C:/MaximSDK/Libraries/PeriphDrivers/bin/MAX78000/softfp/libPeriphDriver_softfp.a(i2c_reva.o)
                              C:/MaximSDK/Libraries/PeriphDrivers/bin/MAX78000/softfp/libPeriphDriver_softfp.a(i2c_me17.o) (MXC_I2C_RevA_DMACallback)
C:/MaximSDK/Libraries/PeriphDrivers/bin/MAX78000/softfp/libPeriphDriver_softfp.a(icc_me17.o)
                              C:/MaximSDK/Examples/AiBirdFeeder/bird_feeder/build/main.o (MXC_ICC_Enable)
C:/MaximSDK/Libraries/PeriphDrivers/bin/MAX78000/softfp/libPeriphDriver_softfp.a(icc_reva.o)
                              C:/MaximSDK/Libraries/PeriphDrivers/bin/MAX78000/softfp/libPeriphDriver_softfp.a(icc_me17.o) (MXC_ICC_RevA_ID)
C:/MaximSDK/Libraries/PeriphDrivers/bin/MAX78000/softfp/libPeriphDriver_softfp.a(pt_me17.o)
                              C:/MaximSDK/Examples/AiBirdFeeder/bird_feeder/build/camera.o (MXC_PT_Init)
C:/MaximSDK/Libraries/PeriphDrivers/bin/MAX78000/softfp/libPeriphDriver_softfp.a(pt_reva.o)
                              C:/MaximSDK/Libraries/PeriphDrivers/bin/MAX78000/softfp/libPeriphDriver_softfp.a(pt_me17.o) (MXC_PT_RevA_Init)
C:/MaximSDK/Libraries/PeriphDrivers/bin/MAX78000/softfp/libPeriphDriver_softfp.a(spi_me17.o)
                              C:/MaximSDK/Examples/AiBirdFeeder/bird_feeder/build/tft_ili9341.o (MXC_SPI_Init)
C:/MaximSDK/Libraries/PeriphDrivers/bin/MAX78000/softfp/libPeriphDriver_softfp.a(spi_reva.o)
                              C:/MaximSDK/Libraries/PeriphDrivers/bin/MAX78000/softfp/libPeriphDriver_softfp.a(spi_me17.o) (MXC_SPI_RevA_Init)
C:/MaximSDK/Libraries/PeriphDrivers/bin/MAX78000/softfp/libPeriphDriver_softfp.a(tmr_ai85.o)
                              C:/MaximSDK/Examples/AiBirdFeeder/bird_feeder/build/main.o (MXC_TMR_Init)
C:/MaximSDK/Libraries/PeriphDrivers/bin/MAX78000/softfp/libPeriphDriver_softfp.a(tmr_revb.o)
                              C:/MaximSDK/Libraries/PeriphDrivers/bin/MAX78000/softfp/libPeriphDriver_softfp.a(tmr_ai85.o) (MXC_TMR_RevB_Init)
C:/MaximSDK/Libraries/PeriphDrivers/bin/MAX78000/softfp/libPeriphDriver_softfp.a(uart_ai85.o)
[...]
Memory Configuration

Name             Origin             Length             Attributes
ROM              0x00000000         0x00010000         xr
FLASH            0x10000000         0x00080000         xr
SRAM             0x20000000         0x00020000         xrw
*default*        0x00000000         0xffffffff

Linker script and memory map

LOAD c:/maximsdk/tools/gnutools/10.3/bin/../lib/gcc/arm-none-eabi/10.3.1/thumb/v7e-m+fp/softfp/crti.o
LOAD c:/maximsdk/tools/gnutools/10.3/bin/../lib/gcc/arm-none-eabi/10.3.1/thumb/v7e-m+fp/softfp/crtbegin.o
LOAD c:/maximsdk/tools/gnutools/10.3/bin/../lib/gcc/arm-none-eabi/10.3.1/../../../../arm-none-eabi/lib/thumb/v7e-m+fp/softfp/crt0.o
LOAD C:/MaximSDK/Examples/AiBirdFeeder/bird_feeder/build/main.o
LOAD C:/MaximSDK/Examples/AiBirdFeeder/bird_feeder/build/cnn.o
LOAD C:/MaximSDK/Examples/AiBirdFeeder/bird_feeder/build/softmax.o
LOAD C:/MaximSDK/Examples/AiBirdFeeder/bird_feeder/build/img_1_rgb565.o
LOAD C:/MaximSDK/Examples/AiBirdFeeder/bird_feeder/build/logo_rgb565.o
LOAD C:/MaximSDK/Examples/AiBirdFeeder/bird_feeder/build/SansSerif16x16.o
LOAD C:/MaximSDK/Examples/AiBirdFeeder/bird_feeder/build/board.o
LOAD C:/MaximSDK/Examples/AiBirdFeeder/bird_feeder/build/stdio.o
LOAD C:/MaximSDK/Examples/AiBirdFeeder/bird_feeder/build/led.o
LOAD C:/MaximSDK/Examples/AiBirdFeeder/bird_feeder/build/pb.o
LOAD C:/MaximSDK/Examples/AiBirdFeeder/bird_feeder/build/tft_ili9341.o
LOAD C:/MaximSDK/Examples/AiBirdFeeder/bird_feeder/build/camera.o
LOAD C:/MaximSDK/Examples/AiBirdFeeder/bird_feeder/build/ov7692.o
LOAD C:/MaximSDK/Examples/AiBirdFeeder/bird_feeder/build/sccb.o
LOAD C:/MaximSDK/Examples/AiBirdFeeder/bird_feeder/build/max20303.o
LOAD C:/MaximSDK/Examples/AiBirdFeeder/bird_feeder/build/startup_max78000.o
LOAD C:/MaximSDK/Examples/AiBirdFeeder/bird_feeder/build/heap.o
LOAD C:/MaximSDK/Examples/AiBirdFeeder/bird_feeder/build/system_max78000.o
START GROUP
LOAD C:/MaximSDK/Libraries/PeriphDrivers/bin/MAX78000/softfp/libPeriphDriver_softfp.a
LOAD c:/maximsdk/tools/gnutools/10.3/bin/../lib/gcc/arm-none-eabi/10.3.1/../../../../arm-none-eabi/lib/thumb/v7e-m+fp/softfp\libc.a
LOAD c:/maximsdk/tools/gnutools/10.3/bin/../lib/gcc/arm-none-eabi/10.3.1/../../../../arm-none-eabi/lib/thumb/v7e-m+fp/softfp\libm.a
LOAD c:/maximsdk/tools/gnutools/10.3/bin/../lib/gcc/arm-none-eabi/10.3.1/../../../../arm-none-eabi/lib/thumb/v7e-m+fp/softfp\libnosys.a
END GROUP
START GROUP
LOAD c:/maximsdk/tools/gnutools/10.3/bin/../lib/gcc/arm-none-eabi/10.3.1/thumb/v7e-m+fp/softfp\libgcc.a
LOAD c:/maximsdk/tools/gnutools/10.3/bin/../lib/gcc/arm-none-eabi/10.3.1/../../../../arm-none-eabi/lib/thumb/v7e-m+fp/softfp\libc.a
END GROUP
LOAD c:/maximsdk/tools/gnutools/10.3/bin/../lib/gcc/arm-none-eabi/10.3.1/thumb/v7e-m+fp/softfp/crtend.o
LOAD c:/maximsdk/tools/gnutools/10.3/bin/../lib/gcc/arm-none-eabi/10.3.1/thumb/v7e-m+fp/softfp/crtn.o

.rom
 *(.rom_vector)
 *(.rom_handlers*)

.text           0x10000000    0x1f548
                0x10000000                _text = .
 *(.isr_vector)
 .isr_vector    0x10000000      0x1e0 C:/MaximSDK/Examples/AiBirdFeeder/bird_feeder/build/startup_max78000.o
                0x10000000                __isr_vector
 *(.text*)
 .text          0x100001e0       0x40 c:/maximsdk/tools/gnutools/10.3/bin/../lib/gcc/arm-none-eabi/10.3.1/thumb/v7e-m+fp/softfp/crtbegin.o
 .text.asciiart
                0x10000220       0xbc C:/MaximSDK/Examples/AiBirdFeeder/bird_feeder/build/main.o
                0x10000220                asciiart
 .text.capture_process_camera
                0x100002dc       0xd4 C:/MaximSDK/Examples/AiBirdFeeder/bird_feeder/build/main.o
                0x100002dc                capture_process_camera
 .text.MoveDoor
                0x100003b0       0xa8 C:/MaximSDK/Examples/AiBirdFeeder/bird_feeder/build/main.o
                0x100003b0                MoveDoor
 .text.startup.main
                0x10000458      0x27c C:/MaximSDK/Examples/AiBirdFeeder/bird_feeder/build/main.o
                0x10000458                main
 .text.CNN_ISR  0x100006d4       0x50 C:/MaximSDK/Examples/AiBirdFeeder/bird_feeder/build/cnn.o
                0x100006d4                CNN_ISR
 .text.cnn_stop
                0x10000724       0x14 C:/MaximSDK/Examples/AiBirdFeeder/bird_feeder/build/cnn.o
                0x10000724                cnn_stop
 .text.cnn_load_weights
                0x10000738      0xcb4 C:/MaximSDK/Examples/AiBirdFeeder/bird_feeder/build/cnn.o
                0x10000738                cnn_load_weights
 .text.cnn_load_bias
                0x100013ec       0x14 C:/MaximSDK/Examples/AiBirdFeeder/bird_feeder/build/cnn.o
                0x100013ec                cnn_load_bias
 .text.cnn_init
                0x10001400       0x54 C:/MaximSDK/Examples/AiBirdFeeder/bird_feeder/build/cnn.o
                0x10001400                cnn_init
 .text.cnn_configure
                0x10001454      0x76c C:/MaximSDK/Examples/AiBirdFeeder/bird_feeder/build/cnn.o
                0x10001454                cnn_configure
 .text.cnn_start
                0x10001bc0       0x50 C:/MaximSDK/Examples/AiBirdFeeder/bird_feeder/build/cnn.o
                0x10001bc0                cnn_start
 .text.cnn_unload
                0x10001c10       0x14 C:/MaximSDK/Examples/AiBirdFeeder/bird_feeder/build/cnn.o
                0x10001c10                cnn_unload
 .text.cnn_enable
                0x10001c24       0x3c C:/MaximSDK/Examples/AiBirdFeeder/bird_feeder/build/cnn.o
                0x10001c24                cnn_enable
 .text.cnn_boost_enable
                0x10001c60       0x24 C:/MaximSDK/Examples/AiBirdFeeder/bird_feeder/build/cnn.o
                0x10001c60                cnn_boost_enable
 .text.softmax_q17p14_q15
                0x10001c84       0xa8 C:/MaximSDK/Examples/AiBirdFeeder/bird_feeder/build/softmax.o
                0x10001c84                softmax_q17p14_q15
 .text.mxc_assert
                0x10001d2c       0x10 C:/MaximSDK/Examples/AiBirdFeeder/bird_feeder/build/board.o
                0x10001d2c                mxc_assert
 .text.Board_Init
                0x10001d3c       0x6c C:/MaximSDK/Examples/AiBirdFeeder/bird_feeder/build/board.o
                0x10001d3c                Board_Init
 .text.NMI_Handler
                0x10001da8        0x4 C:/MaximSDK/Examples/AiBirdFeeder/bird_feeder/build/board.o
                0x10001da8                NMI_Handler
 .text.Camera_Power
                0x10001dac       0x1c C:/MaximSDK/Examples/AiBirdFeeder/bird_feeder/build/board.o
                0x10001dac                Camera_Power
 .text._close   0x10001dc8        0x8 C:/MaximSDK/Examples/AiBirdFeeder/bird_feeder/build/stdio.o
                0x10001dc8                _close
 .text._isatty  0x10001dd0        0x8 C:/MaximSDK/Examples/AiBirdFeeder/bird_feeder/build/stdio.o
                0x10001dd0                _isatty
 .text._lseek   0x10001dd8        0x8 C:/MaximSDK/Examples/AiBirdFeeder/bird_feeder/build/stdio.o
                0x10001dd8                _lseek
 .text._fstat   0x10001de0        0x8 C:/MaximSDK/Examples/AiBirdFeeder/bird_feeder/build/stdio.o
                0x10001de0                _fstat
 .text._read    0x10001de8       0x50 C:/MaximSDK/Examples/AiBirdFeeder/bird_feeder/build/stdio.o
                0x10001de8                _read
 .text._write   0x10001e38       0x54 C:/MaximSDK/Examples/AiBirdFeeder/bird_feeder/build/stdio.o
                0x10001e38                _write
 .text.LED_Init
                0x10001e8c       0x40 C:/MaximSDK/Examples/AiBirdFeeder/bird_feeder/build/led.o
                0x10001e8c                LED_Init
 .text.LED_On   0x10001ecc       0x40 C:/MaximSDK/Examples/AiBirdFeeder/bird_feeder/build/led.o
                0x10001ecc                LED_On
 .text.LED_Off  0x10001f0c       0x40 C:/MaximSDK/Examples/AiBirdFeeder/bird_feeder/build/led.o
                0x10001f0c                LED_Off
 .text.PB_Init  0x10001f4c       0x38 C:/MaximSDK/Examples/AiBirdFeeder/bird_feeder/build/pb.o
                0x10001f4c                PB_Init
 .text.GPIO0_IRQHandler
                0x10001f84        0x8 C:/MaximSDK/Examples/AiBirdFeeder/bird_feeder/build/pb.o
                0x10001f84                GPIO0_IRQHandler
 .text.GPIO1_IRQHandler
                0x10001f8c        0x8 C:/MaximSDK/Examples/AiBirdFeeder/bird_feeder/build/pb.o
                0x10001f8c                GPIO1_IRQHandler
 .text.GPIO2_IRQHandler
                0x10001f94        0x8 C:/MaximSDK/Examples/AiBirdFeeder/bird_feeder/build/pb.o
                0x10001f94                GPIO2_IRQHandler
 .text.camera_irq_handler
                0x10001f9c      0x13c C:/MaximSDK/Examples/AiBirdFeeder/bird_feeder/build/camera.o
                0x10001f9c                camera_irq_handler
 .text.stream_callback
                0x100020d8       0xbc C:/MaximSDK/Examples/AiBirdFeeder/bird_feeder/build/camera.o
 .text.setup_dma
                0x10002194       0x90 C:/MaximSDK/Examples/AiBirdFeeder/bird_feeder/build/camera.o
 .text.stream_irq_handler
                0x10002224        0x4 C:/MaximSDK/Examples/AiBirdFeeder/bird_feeder/build/camera.o
                0x10002224                stream_irq_handler
 .text.camera_init
                0x10002228      0x138 C:/MaximSDK/Examples/AiBirdFeeder/bird_feeder/build/camera.o
                0x10002228                camera_init
 .text.camera_setup
                0x10002360      0x1d8 C:/MaximSDK/Examples/AiBirdFeeder/bird_feeder/build/camera.o
                0x10002360                camera_setup
 .text.camera_write_reg
                0x10002538        0xc C:/MaximSDK/Examples/AiBirdFeeder/bird_feeder/build/camera.o
                0x10002538                camera_write_reg
 .text.camera_start_capture_image
                0x10002544       0x3c C:/MaximSDK/Examples/AiBirdFeeder/bird_feeder/build/camera.o
                0x10002544                camera_start_capture_image
 .text.camera_is_image_rcv
                0x10002580       0x10 C:/MaximSDK/Examples/AiBirdFeeder/bird_feeder/build/camera.o
                0x10002580                camera_is_image_rcv
 .text.camera_get_image
                0x10002590       0x3c C:/MaximSDK/Examples/AiBirdFeeder/bird_feeder/build/camera.o
                0x10002590                camera_get_image
 .text.get_camera_stream_buffer
                0x100025cc        0xc C:/MaximSDK/Examples/AiBirdFeeder/bird_feeder/build/camera.o
                0x100025cc                get_camera_stream_buffer
 .text.release_camera_stream_buffer
                0x100025d8        0xc C:/MaximSDK/Examples/AiBirdFeeder/bird_feeder/build/camera.o
                0x100025d8                release_camera_stream_buffer
 .text.get_camera_stream_statistic
                0x100025e4        0x8 C:/MaximSDK/Examples/AiBirdFeeder/bird_feeder/build/camera.o
                0x100025e4                get_camera_stream_statistic
 .text.init     0x100025ec       0x10 C:/MaximSDK/Examples/AiBirdFeeder/bird_feeder/build/ov7692.o
 .text.get_slave_address
                0x100025fc        0xc C:/MaximSDK/Examples/AiBirdFeeder/bird_feeder/build/ov7692.o
 .text.get_pixformat
                0x10002608       0x10 C:/MaximSDK/Examples/AiBirdFeeder/bird_feeder/build/ov7692.o
 .text.set_saturation
                0x10002618        0x4 C:/MaximSDK/Examples/AiBirdFeeder/bird_feeder/build/ov7692.o
 .text.get_luminance
                0x1000261c       0x60 C:/MaximSDK/Examples/AiBirdFeeder/bird_feeder/build/ov7692.o
 .text.read_reg
                0x1000267c       0x20 C:/MaximSDK/Examples/AiBirdFeeder/bird_feeder/build/ov7692.o
 .text.get_manufacture_id
                0x1000269c       0x3c C:/MaximSDK/Examples/AiBirdFeeder/bird_feeder/build/ov7692.o
 .text.get_product_id
                0x100026d8       0x3c C:/MaximSDK/Examples/AiBirdFeeder/bird_feeder/build/ov7692.o
 .text.set_negateimage
                0x10002714       0x90 C:/MaximSDK/Examples/AiBirdFeeder/bird_feeder/build/ov7692.o
 .text.set_vflip
                0x100027a4       0x3c C:/MaximSDK/Examples/AiBirdFeeder/bird_feeder/build/ov7692.o
 .text.set_hmirror
                0x100027e0       0x3c C:/MaximSDK/Examples/AiBirdFeeder/bird_feeder/build/ov7692.o
 .text.set_colorbar
                0x1000281c       0x3c C:/MaximSDK/Examples/AiBirdFeeder/bird_feeder/build/ov7692.o
 .text.set_gainceiling
                0x10002858       0xa0 C:/MaximSDK/Examples/AiBirdFeeder/bird_feeder/build/ov7692.o
 .text.set_brightness
                0x100028f8       0xa8 C:/MaximSDK/Examples/AiBirdFeeder/bird_feeder/build/ov7692.o
 .text.set_contrast
                0x100029a0       0xa0 C:/MaximSDK/Examples/AiBirdFeeder/bird_feeder/build/ov7692.o
 .text.set_windowing
                0x10002a40      0x120 C:/MaximSDK/Examples/AiBirdFeeder/bird_feeder/build/ov7692.o
 .text.set_framesize
                0x10002b60       0xc0 C:/MaximSDK/Examples/AiBirdFeeder/bird_feeder/build/ov7692.o
 .text.set_pixformat
                0x10002c20       0x54 C:/MaximSDK/Examples/AiBirdFeeder/bird_feeder/build/ov7692.o
 .text.write_reg
                0x10002c74       0x18 C:/MaximSDK/Examples/AiBirdFeeder/bird_feeder/build/ov7692.o
 .text.sleep    0x10002c8c       0x3c C:/MaximSDK/Examples/AiBirdFeeder/bird_feeder/build/ov7692.o
 .text.reset    0x10002cc8       0x64 C:/MaximSDK/Examples/AiBirdFeeder/bird_feeder/build/ov7692.o
 .text.dump_registers
                0x10002d2c       0xa4 C:/MaximSDK/Examples/AiBirdFeeder/bird_feeder/build/ov7692.o
 .text.sensor_register
                0x10002dd0       0xbc C:/MaximSDK/Examples/AiBirdFeeder/bird_feeder/build/ov7692.o
                0x10002dd0                sensor_register
 .text.send_byte
                0x10002e8c       0x68 C:/MaximSDK/Examples/AiBirdFeeder/bird_feeder/build/sccb.o
 .text.get_byte
                0x10002ef4       0x50 C:/MaximSDK/Examples/AiBirdFeeder/bird_feeder/build/sccb.o
 .text.sccb_init
                0x10002f44       0x2c C:/MaximSDK/Examples/AiBirdFeeder/bird_feeder/build/sccb.o
                0x10002f44                sccb_init
 .text.sccb_read_byt
                0x10002f70      0x11c C:/MaximSDK/Examples/AiBirdFeeder/bird_feeder/build/sccb.o
                0x10002f70                sccb_read_byt
 .text.sccb_write_byt
                0x1000308c       0xa4 C:/MaximSDK/Examples/AiBirdFeeder/bird_feeder/build/sccb.o
                0x1000308c                sccb_write_byt
 .text.reg_read
                0x10003130       0x78 C:/MaximSDK/Examples/AiBirdFeeder/bird_feeder/build/max20303.o
 .text.reg_write
                0x100031a8       0x60 C:/MaximSDK/Examples/AiBirdFeeder/bird_feeder/build/max20303.o
 .text.reg_write_buf.constprop.0
                0x10003208       0x70 C:/MaximSDK/Examples/AiBirdFeeder/bird_feeder/build/max20303.o
 .text.max20303_camera_power
                0x10003278       0x68 C:/MaximSDK/Examples/AiBirdFeeder/bird_feeder/build/max20303.o
                0x10003278                max20303_camera_power
 .text.max20303_init
                0x100032e0       0x68 C:/MaximSDK/Examples/AiBirdFeeder/bird_feeder/build/max20303.o
                0x100032e0                max20303_init
 .text          0x10003348      0x148 C:/MaximSDK/Examples/AiBirdFeeder/bird_feeder/build/startup_max78000.o
                0x10003348                Reset_Handler
                0x10003386                HardFault_Handler
                0x10003388                MemManage_Handler
                0x1000338a                BusFault_Handler
                0x1000338c                UsageFault_Handler
                0x1000338e                SVC_Handler
                0x10003390                DebugMon_Handler
                0x10003392                PendSV_Handler
                0x10003394                SysTick_Handler
                0x10003396                Default_Handler
                0x10003398                PF_IRQHandler
                0x1000339a                WDT0_IRQHandler
                0x1000339c                RSV02_IRQHandler
                0x1000339e                RTC_IRQHandler
                0x100033a0                TRNG_IRQHandler
                0x100033a2                TMR0_IRQHandler
                0x100033a4                TMR1_IRQHandler
                0x100033a6                TMR2_IRQHandler
                0x100033a8                TMR3_IRQHandler
                0x100033aa                TMR4_IRQHandler
                0x100033ac                TMR5_IRQHandler
                0x100033ae                RSV11_IRQHandler
                0x100033b0                RSV12_IRQHandler
                0x100033b2                I2C0_IRQHandler
                0x100033b4                UART0_IRQHandler
                0x100033b6                UART1_IRQHandler
                0x100033b8                SPI1_IRQHandler
                0x100033ba                RSV17_IRQHandler
                0x100033bc                RSV18_IRQHandler
                0x100033be                RSV19_IRQHandler
                0x100033c0                ADC_IRQHandler
                0x100033c2                RSV21_IRQHandler
                0x100033c4                RSV22_IRQHandler
                0x100033c6                FLC0_IRQHandler
                0x100033ce                RSV27_IRQHandler
                0x100033d0                DMA0_IRQHandler
                0x100033d2                DMA1_IRQHandler
                0x100033d4                DMA2_IRQHandler
                0x100033d6                DMA3_IRQHandler
                0x100033d8                RSV32_IRQHandler
                0x100033da                RSV33_IRQHandler
                0x100033dc                UART2_IRQHandler
                0x100033de                RSV35_IRQHandler
                0x100033e0                I2C1_IRQHandler
                0x100033e2                RSV37_IRQHandler
                0x100033e4                RSV38_IRQHandler
                0x100033e6                RSV39_IRQHandler
                0x100033e8                RSV40_IRQHandler
                0x100033ea                RSV41_IRQHandler
                0x100033ec                RSV42_IRQHandler
                0x100033ee                RSV43_IRQHandler
                0x100033f0                RSV44_IRQHandler
                0x100033f2                RSV45_IRQHandler
                0x100033f4                RSV46_IRQHandler
                0x100033f6                RSV47_IRQHandler
                0x100033f8                RSV48_IRQHandler
                0x100033fa                RSV49_IRQHandler
                0x100033fc                RSV50_IRQHandler
                0x100033fe                RSV51_IRQHandler
                0x10003400                RSV52_IRQHandler
                0x10003402                WUT_IRQHandler
                0x10003404                GPIOWAKE_IRQHandler
                0x10003406                RSV55_IRQHandler
                0x10003408                SPI0_IRQHandler
                0x1000340a                WDT1_IRQHandler
                0x1000340c                RSV58_IRQHandler
                0x1000340e                PT_IRQHandler
                0x10003410                RSV60_IRQHandler
                0x10003412                RSV61_IRQHandler
                0x10003414                I2C2_IRQHandler
                0x10003416                RISCV_IRQHandler
                0x10003418                RSV64_IRQHandler
                0x1000341a                RSV65_IRQHandler
                0x1000341c                RSV66_IRQHandler
                0x1000341e                OWM_IRQHandler
                0x10003420                RSV68_IRQHandler
                0x10003422                RSV69_IRQHandler
                0x10003424                RSV70_IRQHandler
                0x10003426                RSV71_IRQHandler
                0x10003428                RSV72_IRQHandler
                0x1000342a                RSV73_IRQHandler
                0x1000342c                RSV74_IRQHandler
                0x1000342e                RSV75_IRQHandler
                0x10003430                RSV76_IRQHandler
                0x10003432                RSV77_IRQHandler
                0x10003434                RSV78_IRQHandler
                0x10003436                RSV79_IRQHandler
                0x10003438                RSV80_IRQHandler
                0x1000343a                RSV81_IRQHandler
                0x1000343c                ECC_IRQHandler
                0x1000343e                DVS_IRQHandler
                0x10003440                SIMO_IRQHandler
                0x10003442                RSV85_IRQHandler
                0x10003444                RSV86_IRQHandler
                0x10003446                RSV87_IRQHandler
                0x10003448                UART3_IRQHandler
                0x1000344a                RSV89_IRQHandler
                0x1000344c                RSV90_IRQHandler
                0x1000344e                PCIF_IRQHandler
                0x10003450                RSV92_IRQHandler
                0x10003452                RSV93_IRQHandler
                0x10003454                RSV94_IRQHandler
                0x10003456                RSV95_IRQHandler
                0x10003458                RSV96_IRQHandler
                0x1000345a                AES_IRQHandler
                0x1000345c                RSV98_IRQHandler
                0x1000345e                I2S_IRQHandler
                0x10003460                CNN_FIFO_IRQHandler
                0x10003462                CNN_IRQHandler
                0x10003464                RSV102_IRQHandler
                0x10003466                LPCMP_IRQHandler
 .text._sbrk    0x10003490       0x3c C:/MaximSDK/Examples/AiBirdFeeder/bird_feeder/build/heap.o
                0x10003490                _sbrk
 .text.SystemCoreClockUpdate
                0x100034cc       0x68 C:/MaximSDK/Examples/AiBirdFeeder/bird_feeder/build/system_max78000.o
                0x100034cc                SystemCoreClockUpdate
 .text.PreInit  0x10003534        0x4 C:/MaximSDK/Examples/AiBirdFeeder/bird_feeder/build/system_max78000.o
                0x10003534                PreInit
 .text.SystemInit
                0x10003538       0x38 C:/MaximSDK/Examples/AiBirdFeeder/bird_feeder/build/system_max78000.o
                0x10003538                SystemInit
 .text.MXC_DelayInit
                0x10003570       0x7c C:/MaximSDK/Libraries/PeriphDrivers/bin/MAX78000/softfp/libPeriphDriver_softfp.a(mxc_delay.o)
 .text.MXC_DelayAsync
                0x100035ec       0x3c C:/MaximSDK/Libraries/PeriphDrivers/bin/MAX78000/softfp/libPeriphDriver_softfp.a(mxc_delay.o)
                0x100035ec                MXC_DelayAsync
 .text.MXC_DelayAbort
                0x10003628       0x34 C:/MaximSDK/Libraries/PeriphDrivers/bin/MAX78000/softfp/libPeriphDriver_softfp.a(mxc_delay.o)
                0x10003628                MXC_DelayAbort
 .text.MXC_DelayCheck
                0x1000365c       0x58 C:/MaximSDK/Libraries/PeriphDrivers/bin/MAX78000/softfp/libPeriphDriver_softfp.a(mxc_delay.o)
                0x1000365c                MXC_DelayCheck
 .text.MXC_Delay
                0x100036b4       0x50 C:/MaximSDK/Libraries/PeriphDrivers/bin/MAX78000/softfp/libPeriphDriver_softfp.a(mxc_delay.o)
                0x100036b4                MXC_Delay
 .text.MXC_SYS_IsClockEnabled
                0x10003704       0x34 C:/MaximSDK/Libraries/PeriphDrivers/bin/MAX78000/softfp/libPeriphDriver_softfp.a(sys_ai85.o)
                0x10003704                MXC_SYS_IsClockEnabled
 .text.MXC_SYS_ClockDisable
                0x10003738       0x44 C:/MaximSDK/Libraries/PeriphDrivers/bin/MAX78000/softfp/libPeriphDriver_softfp.a(sys_ai85.o)
                0x10003738                MXC_SYS_ClockDisable
 .text.MXC_SYS_ClockEnable
                0x1000377c       0x4c C:/MaximSDK/Libraries/PeriphDrivers/bin/MAX78000/softfp/libPeriphDriver_softfp.a(sys_ai85.o)
                0x1000377c                MXC_SYS_ClockEnable
 .text.MXC_SYS_Clock_Timeout
                0x100037c8       0x2e C:/MaximSDK/Libraries/PeriphDrivers/bin/MAX78000/softfp/libPeriphDriver_softfp.a(sys_ai85.o)
                0x100037c8                MXC_SYS_Clock_Timeout
 .text.MXC_SYS_ClockSourceEnable
                0x100037f6       0x6c C:/MaximSDK/Libraries/PeriphDrivers/bin/MAX78000/softfp/libPeriphDriver_softfp.a(sys_ai85.o)
                0x100037f6                MXC_SYS_ClockSourceEnable
 .text.MXC_SYS_Clock_Select
                0x10003862      0x106 C:/MaximSDK/Libraries/PeriphDrivers/bin/MAX78000/softfp/libPeriphDriver_softfp.a(sys_ai85.o)
                0x10003862                MXC_SYS_Clock_Select
 .text.MXC_SYS_Reset_Periph
                0x10003968       0x4c C:/MaximSDK/Libraries/PeriphDrivers/bin/MAX78000/softfp/libPeriphDriver_softfp.a(sys_ai85.o)
                0x10003968                MXC_SYS_Reset_Periph
 .text.NVIC_SetRAM
                0x100039b4       0x24 C:/MaximSDK/Libraries/PeriphDrivers/bin/MAX78000/softfp/libPeriphDriver_softfp.a(nvic_table.o)
                0x100039b4                NVIC_SetRAM
 .text.NVIC_SetVector
                0x100039d8       0x3c C:/MaximSDK/Libraries/PeriphDrivers/bin/MAX78000/softfp/libPeriphDriver_softfp.a(nvic_table.o)
                0x100039d8                NVIC_SetVector
 .text.MXC_PCIF_Init
                0x10003a14       0x68 C:/MaximSDK/Libraries/PeriphDrivers/bin/MAX78000/softfp/libPeriphDriver_softfp.a(cameraif_ai85.o)
                0x10003a14                MXC_PCIF_Init
 .text.MXC_PCIF_SetDataWidth
                0x10003a7c        0xc C:/MaximSDK/Libraries/PeriphDrivers/bin/MAX78000/softfp/libPeriphDriver_softfp.a(cameraif_ai85.o)
                0x10003a7c                MXC_PCIF_SetDataWidth
 .text.MXC_PCIF_SetTimingSel
                0x10003a88        0xc C:/MaximSDK/Libraries/PeriphDrivers/bin/MAX78000/softfp/libPeriphDriver_softfp.a(cameraif_ai85.o)
                0x10003a88                MXC_PCIF_SetTimingSel
 .text.MXC_PCIF_SetThreshold
                0x10003a94        0xc C:/MaximSDK/Libraries/PeriphDrivers/bin/MAX78000/softfp/libPeriphDriver_softfp.a(cameraif_ai85.o)
                0x10003a94                MXC_PCIF_SetThreshold
 .text.MXC_PCIF_EnableInt
                0x10003aa0        0xc C:/MaximSDK/Libraries/PeriphDrivers/bin/MAX78000/softfp/libPeriphDriver_softfp.a(cameraif_ai85.o)
                0x10003aa0                MXC_PCIF_EnableInt
 .text.MXC_PCIF_DisableInt
                0x10003aac        0xc C:/MaximSDK/Libraries/PeriphDrivers/bin/MAX78000/softfp/libPeriphDriver_softfp.a(cameraif_ai85.o)
                0x10003aac                MXC_PCIF_DisableInt
 .text.MXC_PCIF_Start
                0x10003ab8        0xc C:/MaximSDK/Libraries/PeriphDrivers/bin/MAX78000/softfp/libPeriphDriver_softfp.a(cameraif_ai85.o)
                0x10003ab8                MXC_PCIF_Start
 .text.MXC_PCIF_RevA_SetDatawidth
                0x10003ac4       0x12 C:/MaximSDK/Libraries/PeriphDrivers/bin/MAX78000/softfp/libPeriphDriver_softfp.a(cameraif_reva.o)
                0x10003ac4                MXC_PCIF_RevA_SetDatawidth
 .text.MXC_PCIF_RevA_SetTimingSel
                0x10003ad6       0x12 C:/MaximSDK/Libraries/PeriphDrivers/bin/MAX78000/softfp/libPeriphDriver_softfp.a(cameraif_reva.o)
                0x10003ad6                MXC_PCIF_RevA_SetTimingSel
 .text.MXC_PCIF_RevA_SetThreshold
                0x10003ae8       0x16 C:/MaximSDK/Libraries/PeriphDrivers/bin/MAX78000/softfp/libPeriphDriver_softfp.a(cameraif_reva.o)
                0x10003ae8                MXC_PCIF_RevA_SetThreshold
 .text.MXC_PCIF_RevA_EnableInt
                0x10003afe        0xc C:/MaximSDK/Libraries/PeriphDrivers/bin/MAX78000/softfp/libPeriphDriver_softfp.a(cameraif_reva.o)
                0x10003afe                MXC_PCIF_RevA_EnableInt
 .text.MXC_PCIF_RevA_DisableInt
                0x10003b0a        0xe C:/MaximSDK/Libraries/PeriphDrivers/bin/MAX78000/softfp/libPeriphDriver_softfp.a(cameraif_reva.o)
                0x10003b0a                MXC_PCIF_RevA_DisableInt
 .text.MXC_PCIF_RevA_Start
                0x10003b18       0x14 C:/MaximSDK/Libraries/PeriphDrivers/bin/MAX78000/softfp/libPeriphDriver_softfp.a(cameraif_reva.o)
                0x10003b18                MXC_PCIF_RevA_Start
 .text.MXC_DMA_Init
                0x10003b2c       0x28 C:/MaximSDK/Libraries/PeriphDrivers/bin/MAX78000/softfp/libPeriphDriver_softfp.a(dma_me17.o)
                0x10003b2c                MXC_DMA_Init
 .text.MXC_DMA_AcquireChannel
                0x10003b54        0xc C:/MaximSDK/Libraries/PeriphDrivers/bin/MAX78000/softfp/libPeriphDriver_softfp.a(dma_me17.o)
                0x10003b54                MXC_DMA_AcquireChannel
 .text.MXC_DMA_SetCallback
                0x10003b60        0x4 C:/MaximSDK/Libraries/PeriphDrivers/bin/MAX78000/softfp/libPeriphDriver_softfp.a(dma_me17.o)
                0x10003b60                MXC_DMA_SetCallback
 .text.MXC_DMA_ChannelClearFlags
                0x10003b64        0x4 C:/MaximSDK/Libraries/PeriphDrivers/bin/MAX78000/softfp/libPeriphDriver_softfp.a(dma_me17.o)
                0x10003b64                MXC_DMA_ChannelClearFlags
 .text.MXC_DMA_Handler
                0x10003b68        0xc C:/MaximSDK/Libraries/PeriphDrivers/bin/MAX78000/softfp/libPeriphDriver_softfp.a(dma_me17.o)
                0x10003b68                MXC_DMA_Handler
 .text.MXC_DMA_RevA_Init
                0x10003b74       0x8c C:/MaximSDK/Libraries/PeriphDrivers/bin/MAX78000/softfp/libPeriphDriver_softfp.a(dma_reva.o)
                0x10003b74                MXC_DMA_RevA_Init
 .text.MXC_DMA_RevA_AcquireChannel
                0x10003c00       0x6c C:/MaximSDK/Libraries/PeriphDrivers/bin/MAX78000/softfp/libPeriphDriver_softfp.a(dma_reva.o)
                0x10003c00                MXC_DMA_RevA_AcquireChannel
 .text.MXC_DMA_RevA_SetCallback
                0x10003c6c       0x20 C:/MaximSDK/Libraries/PeriphDrivers/bin/MAX78000/softfp/libPeriphDriver_softfp.a(dma_reva.o)
                0x10003c6c                MXC_DMA_RevA_SetCallback
 .text.MXC_DMA_RevA_ChannelGetFlags
                0x10003c8c       0x20 C:/MaximSDK/Libraries/PeriphDrivers/bin/MAX78000/softfp/libPeriphDriver_softfp.a(dma_reva.o)
                0x10003c8c                MXC_DMA_RevA_ChannelGetFlags
 .text.MXC_DMA_RevA_ChannelClearFlags
                0x10003cac       0x2c C:/MaximSDK/Libraries/PeriphDrivers/bin/MAX78000/softfp/libPeriphDriver_softfp.a(dma_reva.o)
                0x10003cac                MXC_DMA_RevA_ChannelClearFlags
 .text.MXC_DMA_RevA_Handler
                0x10003cd8       0x64 C:/MaximSDK/Libraries/PeriphDrivers/bin/MAX78000/softfp/libPeriphDriver_softfp.a(dma_reva.o)
                0x10003cd8                MXC_DMA_RevA_Handler
 .text.MXC_GPIO_Init
                0x10003d3c       0x22 C:/MaximSDK/Libraries/PeriphDrivers/bin/MAX78000/softfp/libPeriphDriver_softfp.a(gpio_ai85.o)
                0x10003d3c                MXC_GPIO_Init
 *fill*         0x10003d5e        0x2 
 .text.MXC_GPIO_Config
                0x10003d60      0x1e4 C:/MaximSDK/Libraries/PeriphDrivers/bin/MAX78000/softfp/libPeriphDriver_softfp.a(gpio_ai85.o)
                0x10003d60                MXC_GPIO_Config
 .text.MXC_GPIO_OutSet
                0x10003f44       0x34 C:/MaximSDK/Libraries/PeriphDrivers/bin/MAX78000/softfp/libPeriphDriver_softfp.a(gpio_ai85.o)
                0x10003f44                MXC_GPIO_OutSet
 .text.MXC_GPIO_OutClr
                0x10003f78       0x34 C:/MaximSDK/Libraries/PeriphDrivers/bin/MAX78000/softfp/libPeriphDriver_softfp.a(gpio_ai85.o)
                0x10003f78                MXC_GPIO_OutClr
 .text.MXC_GPIO_Handler
                0x10003fac        0x4 C:/MaximSDK/Libraries/PeriphDrivers/bin/MAX78000/softfp/libPeriphDriver_softfp.a(gpio_ai85.o)
                0x10003fac                MXC_GPIO_Handler
 .text.MXC_GPIO_ClearFlags
                0x10003fb0        0x4 C:/MaximSDK/Libraries/PeriphDrivers/bin/MAX78000/softfp/libPeriphDriver_softfp.a(gpio_ai85.o)
                0x10003fb0                MXC_GPIO_ClearFlags
 .text.MXC_GPIO_GetFlags
                0x10003fb4        0x4 C:/MaximSDK/Libraries/PeriphDrivers/bin/MAX78000/softfp/libPeriphDriver_softfp.a(gpio_ai85.o)
                0x10003fb4                MXC_GPIO_GetFlags
 .text.MXC_GPIO_SetVSSEL
                0x10003fb8        0x4 C:/MaximSDK/Libraries/PeriphDrivers/bin/MAX78000/softfp/libPeriphDriver_softfp.a(gpio_ai85.o)
                0x10003fb8                MXC_GPIO_SetVSSEL
 .text.MXC_GPIO_RevA_OutSet
                0x10003fbc        0x4 C:/MaximSDK/Libraries/PeriphDrivers/bin/MAX78000/softfp/libPeriphDriver_softfp.a(gpio_reva.o)
                0x10003fbc                MXC_GPIO_RevA_OutSet
 .text.MXC_GPIO_RevA_OutClr
                0x10003fc0        0x4 C:/MaximSDK/Libraries/PeriphDrivers/bin/MAX78000/softfp/libPeriphDriver_softfp.a(gpio_reva.o)
                0x10003fc0                MXC_GPIO_RevA_OutClr
 .text.MXC_GPIO_RevA_ClearFlags
                0x10003fc4        0x4 C:/MaximSDK/Libraries/PeriphDrivers/bin/MAX78000/softfp/libPeriphDriver_softfp.a(gpio_reva.o)
                0x10003fc4                MXC_GPIO_RevA_ClearFlags
 .text.MXC_GPIO_RevA_GetFlags
                0x10003fc8        0x4 C:/MaximSDK/Libraries/PeriphDrivers/bin/MAX78000/softfp/libPeriphDriver_softfp.a(gpio_reva.o)
                0x10003fc8                MXC_GPIO_RevA_GetFlags
 .text.MXC_GPIO_RevA_SetVSSEL
                0x10003fcc       0x24 C:/MaximSDK/Libraries/PeriphDrivers/bin/MAX78000/softfp/libPeriphDriver_softfp.a(gpio_reva.o)
                0x10003fcc                MXC_GPIO_RevA_SetVSSEL
 .text.MXC_GPIO_RevA_SetAF
                0x10003ff0       0x40 C:/MaximSDK/Libraries/PeriphDrivers/bin/MAX78000/softfp/libPeriphDriver_softfp.a(gpio_reva.o)
                0x10003ff0                MXC_GPIO_RevA_SetAF
 .text.MXC_I2C_SetSlaveAddr
                0x10004030        0x4 C:/MaximSDK/Libraries/PeriphDrivers/bin/MAX78000/softfp/libPeriphDriver_softfp.a(i2c_me17.o)
                0x10004030                MXC_I2C_SetSlaveAddr
 .text.MXC_I2C_Shutdown
                0x10004034       0x4c C:/MaximSDK/Libraries/PeriphDrivers/bin/MAX78000/softfp/libPeriphDriver_softfp.a(i2c_me17.o)
                0x10004034                MXC_I2C_Shutdown
 .text.MXC_I2C_Init
                0x10004080       0x74 C:/MaximSDK/Libraries/PeriphDrivers/bin/MAX78000/softfp/libPeriphDriver_softfp.a(i2c_me17.o)
                0x10004080                MXC_I2C_Init
 .text.MXC_I2C_SetFrequency
                0x100040f4       0x14 C:/MaximSDK/Libraries/PeriphDrivers/bin/MAX78000/softfp/libPeriphDriver_softfp.a(i2c_me17.o)
                0x100040f4                MXC_I2C_SetFrequency
 .text.MXC_I2C_GetFrequency
                0x10004108        0x4 C:/MaximSDK/Libraries/PeriphDrivers/bin/MAX78000/softfp/libPeriphDriver_softfp.a(i2c_me17.o)
                0x10004108                MXC_I2C_GetFrequency
 .text.MXC_I2C_ClearRXFIFO
                0x1000410c        0x4 C:/MaximSDK/Libraries/PeriphDrivers/bin/MAX78000/softfp/libPeriphDriver_softfp.a(i2c_me17.o)
                0x1000410c                MXC_I2C_ClearRXFIFO
 .text.MXC_I2C_ClearTXFIFO
                0x10004110        0x4 C:/MaximSDK/Libraries/PeriphDrivers/bin/MAX78000/softfp/libPeriphDriver_softfp.a(i2c_me17.o)
                0x10004110                MXC_I2C_ClearTXFIFO
 .text.MXC_I2C_Recover
                0x10004114        0x4 C:/MaximSDK/Libraries/PeriphDrivers/bin/MAX78000/softfp/libPeriphDriver_softfp.a(i2c_me17.o)
                0x10004114                MXC_I2C_Recover
 .text.MXC_I2C_SetRXThreshold
                0x10004118        0x4 C:/MaximSDK/Libraries/PeriphDrivers/bin/MAX78000/softfp/libPeriphDriver_softfp.a(i2c_me17.o)
                0x10004118                MXC_I2C_SetRXThreshold
 .text.MXC_I2C_SetTXThreshold
                0x1000411c        0x4 C:/MaximSDK/Libraries/PeriphDrivers/bin/MAX78000/softfp/libPeriphDriver_softfp.a(i2c_me17.o)
                0x1000411c                MXC_I2C_SetTXThreshold
 .text.MXC_I2C_RevA_Init
                0x10004120       0xc0 C:/MaximSDK/Libraries/PeriphDrivers/bin/MAX78000/softfp/libPeriphDriver_softfp.a(i2c_reva.o)
                0x10004120                MXC_I2C_RevA_Init
 .text.MXC_I2C_RevA_SetSlaveAddr
                0x100041e0       0x34 C:/MaximSDK/Libraries/PeriphDrivers/bin/MAX78000/softfp/libPeriphDriver_softfp.a(i2c_reva.o)
                0x100041e0                MXC_I2C_RevA_SetSlaveAddr
 .text.MXC_I2C_RevA_SetFrequency
                0x10004214       0x6c C:/MaximSDK/Libraries/PeriphDrivers/bin/MAX78000/softfp/libPeriphDriver_softfp.a(i2c_reva.o)
                0x10004214                MXC_I2C_RevA_SetFrequency
 .text.MXC_I2C_RevA_GetFrequency
                0x10004280       0x20 C:/MaximSDK/Libraries/PeriphDrivers/bin/MAX78000/softfp/libPeriphDriver_softfp.a(i2c_reva.o)
                0x10004280                MXC_I2C_RevA_GetFrequency
 .text.MXC_I2C_RevA_ClearRXFIFO
                0x100042a0       0x10 C:/MaximSDK/Libraries/PeriphDrivers/bin/MAX78000/softfp/libPeriphDriver_softfp.a(i2c_reva.o)
                0x100042a0                MXC_I2C_RevA_ClearRXFIFO
 .text.MXC_I2C_RevA_ClearTXFIFO
                0x100042b0       0x10 C:/MaximSDK/Libraries/PeriphDrivers/bin/MAX78000/softfp/libPeriphDriver_softfp.a(i2c_reva.o)
                0x100042b0                MXC_I2C_RevA_ClearTXFIFO
 .text.MXC_I2C_RevA_Recover
                0x100042c0       0xc6 C:/MaximSDK/Libraries/PeriphDrivers/bin/MAX78000/softfp/libPeriphDriver_softfp.a(i2c_reva.o)
                0x100042c0                MXC_I2C_RevA_Recover
 .text.MXC_I2C_RevA_SetRXThreshold
                0x10004386       0x1e C:/MaximSDK/Libraries/PeriphDrivers/bin/MAX78000/softfp/libPeriphDriver_softfp.a(i2c_reva.o)
                0x10004386                MXC_I2C_RevA_SetRXThreshold
 .text.MXC_I2C_RevA_SetTXThreshold
                0x100043a4       0x20 C:/MaximSDK/Libraries/PeriphDrivers/bin/MAX78000/softfp/libPeriphDriver_softfp.a(i2c_reva.o)
                0x100043a4                MXC_I2C_RevA_SetTXThreshold
 .text.MXC_ICC_Enable
                0x100043c4        0x4 C:/MaximSDK/Libraries/PeriphDrivers/bin/MAX78000/softfp/libPeriphDriver_softfp.a(icc_me17.o)
                0x100043c4                MXC_ICC_Enable
 .text.MXC_ICC_RevA_Enable
                0x100043c8       0x30 C:/MaximSDK/Libraries/PeriphDrivers/bin/MAX78000/softfp/libPeriphDriver_softfp.a(icc_reva.o)
                0x100043c8                MXC_ICC_RevA_Enable
 .text.MXC_PT_Init
                0x100043f8       0x90 C:/MaximSDK/Libraries/PeriphDrivers/bin/MAX78000/softfp/libPeriphDriver_softfp.a(pt_me17.o)
                0x100043f8                MXC_PT_Init
 .text.MXC_PT_Config
                0x10004488       0x4c C:/MaximSDK/Libraries/PeriphDrivers/bin/MAX78000/softfp/libPeriphDriver_softfp.a(pt_me17.o)
                0x10004488                MXC_PT_Config
 .text.MXC_PT_SqrWaveConfig
                0x100044d4       0x20 C:/MaximSDK/Libraries/PeriphDrivers/bin/MAX78000/softfp/libPeriphDriver_softfp.a(pt_me17.o)
                0x100044d4                MXC_PT_SqrWaveConfig
 .text.MXC_PT_Start
                0x100044f4        0xc C:/MaximSDK/Libraries/PeriphDrivers/bin/MAX78000/softfp/libPeriphDriver_softfp.a(pt_me17.o)
                0x100044f4                MXC_PT_Start
 .text.MXC_PT_IsActive
                0x10004500        0xc C:/MaximSDK/Libraries/PeriphDrivers/bin/MAX78000/softfp/libPeriphDriver_softfp.a(pt_me17.o)
                0x10004500                MXC_PT_IsActive
 .text.MXC_PT_RevA_Init
                0x1000450c        0xa C:/MaximSDK/Libraries/PeriphDrivers/bin/MAX78000/softfp/libPeriphDriver_softfp.a(pt_reva.o)
                0x1000450c                MXC_PT_RevA_Init
 *fill*         0x10004516        0x2 
 .text.MXC_PT_RevA_Config
                0x10004518       0xbc C:/MaximSDK/Libraries/PeriphDrivers/bin/MAX78000/softfp/libPeriphDriver_softfp.a(pt_reva.o)
                0x10004518                MXC_PT_RevA_Config
 .text.MXC_PT_RevA_SqrWaveConfig
                0x100045d4       0x14 C:/MaximSDK/Libraries/PeriphDrivers/bin/MAX78000/softfp/libPeriphDriver_softfp.a(pt_reva.o)
                0x100045d4                MXC_PT_RevA_SqrWaveConfig
 .text.MXC_PT_RevA_Start
                0x100045e8       0x10 C:/MaximSDK/Libraries/PeriphDrivers/bin/MAX78000/softfp/libPeriphDriver_softfp.a(pt_reva.o)
                0x100045e8                MXC_PT_RevA_Start
 .text.MXC_PT_RevA_IsActive
                0x100045f8        0xc C:/MaximSDK/Libraries/PeriphDrivers/bin/MAX78000/softfp/libPeriphDriver_softfp.a(pt_reva.o)
                0x100045f8                MXC_PT_RevA_IsActive
 .text.MXC_TMR_Init
                0x10004604      0x1d0 C:/MaximSDK/Libraries/PeriphDrivers/bin/MAX78000/softfp/libPeriphDriver_softfp.a(tmr_ai85.o)
                0x10004604                MXC_TMR_Init
 .text.MXC_TMR_Shutdown
                0x100047d4       0xac C:/MaximSDK/Libraries/PeriphDrivers/bin/MAX78000/softfp/libPeriphDriver_softfp.a(tmr_ai85.o)
                0x100047d4                MXC_TMR_Shutdown
 .text.MXC_TMR_Start
                0x10004880        0x4 C:/MaximSDK/Libraries/PeriphDrivers/bin/MAX78000/softfp/libPeriphDriver_softfp.a(tmr_ai85.o)
                0x10004880                MXC_TMR_Start
 .text.MXC_TMR_Stop
                0x10004884        0x4 C:/MaximSDK/Libraries/PeriphDrivers/bin/MAX78000/softfp/libPeriphDriver_softfp.a(tmr_ai85.o)
                0x10004884                MXC_TMR_Stop
 .text.MXC_TMR_SetPWM
                0x10004888        0x4 C:/MaximSDK/Libraries/PeriphDrivers/bin/MAX78000/softfp/libPeriphDriver_softfp.a(tmr_ai85.o)
                0x10004888                MXC_TMR_SetPWM
 .text.MXC_TMR_GetPeriod
                0x1000488c       0xd0 C:/MaximSDK/Libraries/PeriphDrivers/bin/MAX78000/softfp/libPeriphDriver_softfp.a(tmr_ai85.o)
                0x1000488c                MXC_TMR_GetPeriod
 .text.MXC_TMR_ClearFlags
                0x1000495c        0x4 C:/MaximSDK/Libraries/PeriphDrivers/bin/MAX78000/softfp/libPeriphDriver_softfp.a(tmr_ai85.o)
                0x1000495c                MXC_TMR_ClearFlags
 .text.MXC_TMR_SetCount
                0x10004960        0x4 C:/MaximSDK/Libraries/PeriphDrivers/bin/MAX78000/softfp/libPeriphDriver_softfp.a(tmr_ai85.o)
                0x10004960                MXC_TMR_SetCount
 .text.MXC_TMR_TO_Start
                0x10004964        0x4 C:/MaximSDK/Libraries/PeriphDrivers/bin/MAX78000/softfp/libPeriphDriver_softfp.a(tmr_ai85.o)
                0x10004964                MXC_TMR_TO_Start
 .text.MXC_TMR_TO_Stop
                0x10004968        0x4 C:/MaximSDK/Libraries/PeriphDrivers/bin/MAX78000/softfp/libPeriphDriver_softfp.a(tmr_ai85.o)
                0x10004968                MXC_TMR_TO_Stop
 .text.MXC_TMR_TO_Elapsed
                0x1000496c        0x4 C:/MaximSDK/Libraries/PeriphDrivers/bin/MAX78000/softfp/libPeriphDriver_softfp.a(tmr_ai85.o)
                0x1000496c                MXC_TMR_TO_Elapsed
 .text.MXC_TMR_SW_Start
                0x10004970        0x4 C:/MaximSDK/Libraries/PeriphDrivers/bin/MAX78000/softfp/libPeriphDriver_softfp.a(tmr_ai85.o)
                0x10004970                MXC_TMR_SW_Start
 .text.MXC_TMR_SW_Stop
                0x10004974        0x4 C:/MaximSDK/Libraries/PeriphDrivers/bin/MAX78000/softfp/libPeriphDriver_softfp.a(tmr_ai85.o)
                0x10004974                MXC_TMR_SW_Stop
 .text.MXC_TMR_GetTime
                0x10004978        0x4 C:/MaximSDK/Libraries/PeriphDrivers/bin/MAX78000/softfp/libPeriphDriver_softfp.a(tmr_ai85.o)
                0x10004978                MXC_TMR_GetTime
 .text.MXC_TMR_RevB_ConfigGeneric
                0x1000497c       0xcc C:/MaximSDK/Libraries/PeriphDrivers/bin/MAX78000/softfp/libPeriphDriver_softfp.a(tmr_revb.o)
                0x1000497c                MXC_TMR_RevB_ConfigGeneric
 .text.MXC_TMR_RevB_Init
                0x10004a48       0xc0 C:/MaximSDK/Libraries/PeriphDrivers/bin/MAX78000/softfp/libPeriphDriver_softfp.a(tmr_revb.o)
                0x10004a48                MXC_TMR_RevB_Init
 .text.MXC_TMR_RevB_Shutdown
                0x10004b08       0x58 C:/MaximSDK/Libraries/PeriphDrivers/bin/MAX78000/softfp/libPeriphDriver_softfp.a(tmr_revb.o)
                0x10004b08                MXC_TMR_RevB_Shutdown
 .text.MXC_TMR_RevB_Start
                0x10004b60       0x5c C:/MaximSDK/Libraries/PeriphDrivers/bin/MAX78000/softfp/libPeriphDriver_softfp.a(tmr_revb.o)
                0x10004b60                MXC_TMR_RevB_Start
 .text.MXC_TMR_RevB_Stop
                0x10004bbc       0x58 C:/MaximSDK/Libraries/PeriphDrivers/bin/MAX78000/softfp/libPeriphDriver_softfp.a(tmr_revb.o)
                0x10004bbc                MXC_TMR_RevB_Stop
 .text.MXC_TMR_RevB_SetPWM
                0x10004c14       0x6c C:/MaximSDK/Libraries/PeriphDrivers/bin/MAX78000/softfp/libPeriphDriver_softfp.a(tmr_revb.o)
                0x10004c14                MXC_TMR_RevB_SetPWM
 .text.MXC_TMR_RevB_GetPeriod
                0x10004c80       0x5c C:/MaximSDK/Libraries/PeriphDrivers/bin/MAX78000/softfp/libPeriphDriver_softfp.a(tmr_revb.o)
                0x10004c80                MXC_TMR_RevB_GetPeriod
 .text.MXC_TMR_RevB_ClearFlags
                0x10004cdc       0x58 C:/MaximSDK/Libraries/PeriphDrivers/bin/MAX78000/softfp/libPeriphDriver_softfp.a(tmr_revb.o)
                0x10004cdc                MXC_TMR_RevB_ClearFlags
 .text.MXC_TMR_RevB_SetCount
                0x10004d34       0x5c C:/MaximSDK/Libraries/PeriphDrivers/bin/MAX78000/softfp/libPeriphDriver_softfp.a(tmr_revb.o)
                0x10004d34                MXC_TMR_RevB_SetCount
 .text.MXC_TMR_RevB_TO_Start
                0x10004d90       0xc4 C:/MaximSDK/Libraries/PeriphDrivers/bin/MAX78000/softfp/libPeriphDriver_softfp.a(tmr_revb.o)
                0x10004d90                MXC_TMR_RevB_TO_Start
 .text.MXC_TMR_RevB_GetTime
                0x10004e54       0xf8 C:/MaximSDK/Libraries/PeriphDrivers/bin/MAX78000/softfp/libPeriphDriver_softfp.a(tmr_revb.o)
                0x10004e54                MXC_TMR_RevB_GetTime
 .text.MXC_UART_GetFrequency.part.0
                0x10004f4c       0x54 C:/MaximSDK/Libraries/PeriphDrivers/bin/MAX78000/softfp/libPeriphDriver_softfp.a(uart_ai85.o)
 .text.MXC_UART_Shutdown
                0x10004fa0       0x60 C:/MaximSDK/Libraries/PeriphDrivers/bin/MAX78000/softfp/libPeriphDriver_softfp.a(uart_ai85.o)
                0x10004fa0                MXC_UART_Shutdown
 .text.MXC_UART_Init
                0x10005000       0x98 C:/MaximSDK/Libraries/PeriphDrivers/bin/MAX78000/softfp/libPeriphDriver_softfp.a(uart_ai85.o)
                0x10005000                MXC_UART_Init
 .text.MXC_UART_SetFrequency
                0x10005098       0xb8 C:/MaximSDK/Libraries/PeriphDrivers/bin/MAX78000/softfp/libPeriphDriver_softfp.a(uart_ai85.o)
                0x10005098                MXC_UART_SetFrequency
 .text.MXC_UART_GetFrequency
                0x10005150       0x30 C:/MaximSDK/Libraries/PeriphDrivers/bin/MAX78000/softfp/libPeriphDriver_softfp.a(uart_ai85.o)
                0x10005150                MXC_UART_GetFrequency
 .text.MXC_UART_SetDataSize
                0x10005180        0x4 C:/MaximSDK/Libraries/PeriphDrivers/bin/MAX78000/softfp/libPeriphDriver_softfp.a(uart_ai85.o)
                0x10005180                MXC_UART_SetDataSize
 .text.MXC_UART_SetStopBits
                0x10005184        0x4 C:/MaximSDK/Libraries/PeriphDrivers/bin/MAX78000/softfp/libPeriphDriver_softfp.a(uart_ai85.o)
                0x10005184                MXC_UART_SetStopBits
 .text.MXC_UART_SetParity
                0x10005188        0x4 C:/MaximSDK/Libraries/PeriphDrivers/bin/MAX78000/softfp/libPeriphDriver_softfp.a(uart_ai85.o)
                0x10005188                MXC_UART_SetParity
 .text.MXC_UART_ReadCharacterRaw
                0x1000518c        0x4 C:/MaximSDK/Libraries/PeriphDrivers/bin/MAX78000/softfp/libPeriphDriver_softfp.a(uart_ai85.o)
                0x1000518c                MXC_UART_ReadCharacterRaw
 .text.MXC_UART_WriteCharacterRaw
                0x10005190        0x4 C:/MaximSDK/Libraries/PeriphDrivers/bin/MAX78000/softfp/libPeriphDriver_softfp.a(uart_ai85.o)
                0x10005190                MXC_UART_WriteCharacterRaw
 .text.MXC_UART_ReadCharacter
                0x10005194        0x4 C:/MaximSDK/Libraries/PeriphDrivers/bin/MAX78000/softfp/libPeriphDriver_softfp.a(uart_ai85.o)
                0x10005194                MXC_UART_ReadCharacter
 .text.MXC_UART_WriteCharacter
                0x10005198        0x4 C:/MaximSDK/Libraries/PeriphDrivers/bin/MAX78000/softfp/libPeriphDriver_softfp.a(uart_ai85.o)
                0x10005198                MXC_UART_WriteCharacter
 .text.MXC_UART_GetRXFIFOAvailable
                0x1000519c        0x4 C:/MaximSDK/Libraries/PeriphDrivers/bin/MAX78000/softfp/libPeriphDriver_softfp.a(uart_ai85.o)
                0x1000519c                MXC_UART_GetRXFIFOAvailable
 .text.MXC_UART_GetTXFIFOAvailable
                0x100051a0        0x4 C:/MaximSDK/Libraries/PeriphDrivers/bin/MAX78000/softfp/libPeriphDriver_softfp.a(uart_ai85.o)
                0x100051a0                MXC_UART_GetTXFIFOAvailable
 .text.MXC_UART_SetRXThreshold
                0x100051a4        0x4 C:/MaximSDK/Libraries/PeriphDrivers/bin/MAX78000/softfp/libPeriphDriver_softfp.a(uart_ai85.o)
                0x100051a4                MXC_UART_SetRXThreshold
 .text.MXC_UART_Common_ReadCharacter
                0x100051a8       0x18 C:/MaximSDK/Libraries/PeriphDrivers/bin/MAX78000/softfp/libPeriphDriver_softfp.a(uart_common.o)
                0x100051a8                MXC_UART_Common_ReadCharacter
 .text.MXC_UART_Common_WriteCharacter
                0x100051c0       0x1e C:/MaximSDK/Libraries/PeriphDrivers/bin/MAX78000/softfp/libPeriphDriver_softfp.a(uart_common.o)
                0x100051c0                MXC_UART_Common_WriteCharacter
 *fill*         0x100051de        0x2 
 .text.MXC_UART_RevB_Init
                0x100051e0       0x68 C:/MaximSDK/Libraries/PeriphDrivers/bin/MAX78000/softfp/libPeriphDriver_softfp.a(uart_revb.o)
                0x100051e0                MXC_UART_RevB_Init
 .text.MXC_UART_RevB_SetFrequency
                0x10005248       0x88 C:/MaximSDK/Libraries/PeriphDrivers/bin/MAX78000/softfp/libPeriphDriver_softfp.a(uart_revb.o)
                0x10005248                MXC_UART_RevB_SetFrequency
 .text.MXC_UART_RevB_GetFrequency
                0x100052d0       0x68 C:/MaximSDK/Libraries/PeriphDrivers/bin/MAX78000/softfp/libPeriphDriver_softfp.a(uart_revb.o)
                0x100052d0                MXC_UART_RevB_GetFrequency
 .text.MXC_UART_RevB_SetDataSize
                0x10005338       0x40 C:/MaximSDK/Libraries/PeriphDrivers/bin/MAX78000/softfp/libPeriphDriver_softfp.a(uart_revb.o)
                0x10005338                MXC_UART_RevB_SetDataSize
 .text.MXC_UART_RevB_SetStopBits
                0x10005378       0x44 C:/MaximSDK/Libraries/PeriphDrivers/bin/MAX78000/softfp/libPeriphDriver_softfp.a(uart_revb.o)
                0x10005378                MXC_UART_RevB_SetStopBits
 .text.MXC_UART_RevB_SetParity
                0x100053bc       0x94 C:/MaximSDK/Libraries/PeriphDrivers/bin/MAX78000/softfp/libPeriphDriver_softfp.a(uart_revb.o)
                0x100053bc                MXC_UART_RevB_SetParity
 .text.MXC_UART_RevB_ReadCharacterRaw
                0x10005450       0x38 C:/MaximSDK/Libraries/PeriphDrivers/bin/MAX78000/softfp/libPeriphDriver_softfp.a(uart_revb.o)
                0x10005450                MXC_UART_RevB_ReadCharacterRaw
 .text.MXC_UART_RevB_WriteCharacterRaw
                0x10005488       0x3c C:/MaximSDK/Libraries/PeriphDrivers/bin/MAX78000/softfp/libPeriphDriver_softfp.a(uart_revb.o)
                0x10005488                MXC_UART_RevB_WriteCharacterRaw
 .text.MXC_UART_RevB_GetRXFIFOAvailable
                0x100054c4        0x8 C:/MaximSDK/Libraries/PeriphDrivers/bin/MAX78000/softfp/libPeriphDriver_softfp.a(uart_revb.o)
                0x100054c4                MXC_UART_RevB_GetRXFIFOAvailable
 .text.MXC_UART_RevB_GetTXFIFOAvailable
                0x100054cc        0xc C:/MaximSDK/Libraries/PeriphDrivers/bin/MAX78000/softfp/libPeriphDriver_softfp.a(uart_revb.o)
                0x100054cc                MXC_UART_RevB_GetTXFIFOAvailable
 .text.MXC_UART_RevB_SetRXThreshold
                0x100054d8       0x3c C:/MaximSDK/Libraries/PeriphDrivers/bin/MAX78000/softfp/libPeriphDriver_softfp.a(uart_revb.o)
                0x100054d8                MXC_UART_RevB_SetRXThreshold
 .text.MXC_GetLock
                0x10005514       0x1c C:/MaximSDK/Libraries/PeriphDrivers/bin/MAX78000/softfp/libPeriphDriver_softfp.a(mxc_lock.o)
                0x10005514                MXC_GetLock
 .text.MXC_FreeLock
                0x10005530        0xa C:/MaximSDK/Libraries/PeriphDrivers/bin/MAX78000/softfp/libPeriphDriver_softfp.a(mxc_lock.o)
                0x10005530                MXC_FreeLock
 *fill*         0x1000553a        0x2 
 .text.MXC_GPIO_Common_Init
                0x1000553c       0x24 C:/MaximSDK/Libraries/PeriphDrivers/bin/MAX78000/softfp/libPeriphDriver_softfp.a(gpio_common.o)
                0x1000553c                MXC_GPIO_Common_Init
 .text.MXC_GPIO_Common_Handler
                0x10005560       0x84 C:/MaximSDK/Libraries/PeriphDrivers/bin/MAX78000/softfp/libPeriphDriver_softfp.a(gpio_common.o)
                0x10005560                MXC_GPIO_Common_Handler
 .text.MXC_TMR_Common_TO_Stop
                0x100055e4       0x14 C:/MaximSDK/Libraries/PeriphDrivers/bin/MAX78000/softfp/libPeriphDriver_softfp.a(tmr_common.o)
                0x100055e4                MXC_TMR_Common_TO_Stop
 .text.MXC_TMR_Common_SW_Start
                0x100055f8        0x8 C:/MaximSDK/Libraries/PeriphDrivers/bin/MAX78000/softfp/libPeriphDriver_softfp.a(tmr_common.o)
                0x100055f8                MXC_TMR_Common_SW_Start
 .text.MXC_TMR_Common_SW_Stop
                0x10005600       0x14 C:/MaximSDK/Libraries/PeriphDrivers/bin/MAX78000/softfp/libPeriphDriver_softfp.a(tmr_common.o)
                0x10005600                MXC_TMR_Common_SW_Stop
 .text.MXC_TMR_Common_TO_Elapsed
                0x10005614       0x40 C:/MaximSDK/Libraries/PeriphDrivers/bin/MAX78000/softfp/libPeriphDriver_softfp.a(tmr_common.o)
                0x10005614                MXC_TMR_Common_TO_Elapsed
 .text.__errno  0x10005654        0xc c:/maximsdk/tools/gnutools/10.3/bin/../lib/gcc/arm-none-eabi/10.3.1/../../../../arm-none-eabi/lib/thumb/v7e-m+fp/softfp\libc.a(lib_a-errno.o)
                0x10005654                __errno
 .text.__libc_init_array
                0x10005660       0x48 c:/maximsdk/tools/gnutools/10.3/bin/../lib/gcc/arm-none-eabi/10.3.1/../../../../arm-none-eabi/lib/thumb/v7e-m+fp/softfp\libc.a(lib_a-init.o)
                0x10005660                __libc_init_array
 .text.malloc   0x100056a8       0x10 c:/maximsdk/tools/gnutools/10.3/bin/../lib/gcc/arm-none-eabi/10.3.1/../../../../arm-none-eabi/lib/thumb/v7e-m+fp/softfp\libc.a(lib_a-malloc.o)
                0x100056a8                malloc
 .text.free     0x100056b8       0x10 c:/maximsdk/tools/gnutools/10.3/bin/../lib/gcc/arm-none-eabi/10.3.1/../../../../arm-none-eabi/lib/thumb/v7e-m+fp/softfp\libc.a(lib_a-malloc.o)
                0x100056b8                free
 .text._malloc_r
                0x100056c8      0x560 c:/maximsdk/tools/gnutools/10.3/bin/../lib/gcc/arm-none-eabi/10.3.1/../../../../arm-none-eabi/lib/thumb/v7e-m+fp/softfp\libc.a(lib_a-mallocr.o)
                0x100056c8                _malloc_r
 .text          0x10005c28      0x134 c:/maximsdk/tools/gnutools/10.3/bin/../lib/gcc/arm-none-eabi/10.3.1/../../../../arm-none-eabi/lib/thumb/v7e-m+fp/softfp\libc.a(lib_a-memcpy.o)
                0x10005c28                memcpy
 .text.memset   0x10005d5c       0xa4 c:/maximsdk/tools/gnutools/10.3/bin/../lib/gcc/arm-none-eabi/10.3.1/../../../../arm-none-eabi/lib/thumb/v7e-m+fp/softfp\libc.a(lib_a-memset.o)
                0x10005d5c                memset
 .text.__malloc_lock
                0x10005e00        0xc c:/maximsdk/tools/gnutools/10.3/bin/../lib/gcc/arm-none-eabi/10.3.1/../../../../arm-none-eabi/lib/thumb/v7e-m+fp/softfp\libc.a(lib_a-mlock.o)
                0x10005e00                __malloc_lock
 .text.__malloc_unlock
                0x10005e0c        0xc c:/maximsdk/tools/gnutools/10.3/bin/../lib/gcc/arm-none-eabi/10.3.1/../../../../arm-none-eabi/lib/thumb/v7e-m+fp/softfp\libc.a(lib_a-mlock.o)
                0x10005e0c                __malloc_unlock
 .text.printf   0x10005e18       0x28 c:/maximsdk/tools/gnutools/10.3/bin/../lib/gcc/arm-none-eabi/10.3.1/../../../../arm-none-eabi/lib/thumb/v7e-m+fp/softfp\libc.a(lib_a-printf.o)
                0x10005e18                printf
 .text.putchar  0x10005e40       0x10 c:/maximsdk/tools/gnutools/10.3/bin/../lib/gcc/arm-none-eabi/10.3.1/../../../../arm-none-eabi/lib/thumb/v7e-m+fp/softfp\libc.a(lib_a-putchar.o)
                0x10005e40                putchar
 .text._puts_r  0x10005e50       0x9c c:/maximsdk/tools/gnutools/10.3/bin/../lib/gcc/arm-none-eabi/10.3.1/../../../../arm-none-eabi/lib/thumb/v7e-m+fp/softfp\libc.a(lib_a-puts.o)
                0x10005e50                _puts_r
 .text.puts     0x10005eec       0x10 c:/maximsdk/tools/gnutools/10.3/bin/../lib/gcc/arm-none-eabi/10.3.1/../../../../arm-none-eabi/lib/thumb/v7e-m+fp/softfp\libc.a(lib_a-puts.o)
                0x10005eec                puts
 .text._sbrk_r  0x10005efc       0x24 c:/maximsdk/tools/gnutools/10.3/bin/../lib/gcc/arm-none-eabi/10.3.1/../../../../arm-none-eabi/lib/thumb/v7e-m+fp/softfp\libc.a(lib_a-sbrkr.o)
                0x10005efc                _sbrk_r
 .text.sprintf  0x10005f20       0x40 c:/maximsdk/tools/gnutools/10.3/bin/../lib/gcc/arm-none-eabi/10.3.1/../../../../arm-none-eabi/lib/thumb/v7e-m+fp/softfp\libc.a(lib_a-sprintf.o)
                0x10005f20                sprintf
 *fill*         0x10005f60       0x20 
 .text          0x10005f80       0xdc c:/maximsdk/tools/gnutools/10.3/bin/../lib/gcc/arm-none-eabi/10.3.1/../../../../arm-none-eabi/lib/thumb/v7e-m+fp/softfp\libc.a(lib_a-strlen.o)
                0x10005f80                strlen
 *fill*         0x1000605c        0x4 
 .text._svfprintf_r
                0x10006060     0x1ac8 c:/maximsdk/tools/gnutools/10.3/bin/../lib/gcc/arm-none-eabi/10.3.1/../../../../arm-none-eabi/lib/thumb/v7e-m+fp/softfp\libc.a(lib_a-svfprintf.o)
                0x10006060                _svfprintf_r
 .text._vfprintf_r
                0x10007b28     0x1b8c c:/maximsdk/tools/gnutools/10.3/bin/../lib/gcc/arm-none-eabi/10.3.1/../../../../arm-none-eabi/lib/thumb/v7e-m+fp/softfp\libc.a(lib_a-vfprintf.o)
                0x10007b28                _vfprintf_r
 .text.__sbprintf
                0x100096b4       0x80 c:/maximsdk/tools/gnutools/10.3/bin/../lib/gcc/arm-none-eabi/10.3.1/../../../../arm-none-eabi/lib/thumb/v7e-m+fp/softfp\libc.a(lib_a-vfprintf.o)
 .text.__swsetup_r
                0x10009734       0xd4 c:/maximsdk/tools/gnutools/10.3/bin/../lib/gcc/arm-none-eabi/10.3.1/../../../../arm-none-eabi/lib/thumb/v7e-m+fp/softfp\libc.a(lib_a-wsetup.o)
                0x10009734                __swsetup_r
 .text.startup.register_fini
                0x10009808       0x14 c:/maximsdk/tools/gnutools/10.3/bin/../lib/gcc/arm-none-eabi/10.3.1/../../../../arm-none-eabi/lib/thumb/v7e-m+fp/softfp\libc.a(lib_a-__call_atexit.o)
 .text.atexit   0x1000981c        0xc c:/maximsdk/tools/gnutools/10.3/bin/../lib/gcc/arm-none-eabi/10.3.1/../../../../arm-none-eabi/lib/thumb/v7e-m+fp/softfp\libc.a(lib_a-atexit.o)
                0x1000981c                atexit
 .text.quorem   0x10009828      0x128 c:/maximsdk/tools/gnutools/10.3/bin/../lib/gcc/arm-none-eabi/10.3.1/../../../../arm-none-eabi/lib/thumb/v7e-m+fp/softfp\libc.a(lib_a-dtoa.o)
 .text._dtoa_r  0x10009950      0xf34 c:/maximsdk/tools/gnutools/10.3/bin/../lib/gcc/arm-none-eabi/10.3.1/../../../../arm-none-eabi/lib/thumb/v7e-m+fp/softfp\libc.a(lib_a-dtoa.o)
                0x10009950                _dtoa_r
 .text.__sflush_r
                0x1000a884      0x130 c:/maximsdk/tools/gnutools/10.3/bin/../lib/gcc/arm-none-eabi/10.3.1/../../../../arm-none-eabi/lib/thumb/v7e-m+fp/softfp\libc.a(lib_a-fflush.o)
                0x1000a884                __sflush_r
 .text._fflush_r
                0x1000a9b4       0x5c c:/maximsdk/tools/gnutools/10.3/bin/../lib/gcc/arm-none-eabi/10.3.1/../../../../arm-none-eabi/lib/thumb/v7e-m+fp/softfp\libc.a(lib_a-fflush.o)
                0x1000a9b4                _fflush_r
 .text._cleanup_r
                0x1000aa10        0xc c:/maximsdk/tools/gnutools/10.3/bin/../lib/gcc/arm-none-eabi/10.3.1/../../../../arm-none-eabi/lib/thumb/v7e-m+fp/softfp\libc.a(lib_a-findfp.o)
                0x1000aa10                _cleanup_r
 .text.__sinit  0x1000aa1c      0x10c c:/maximsdk/tools/gnutools/10.3/bin/../lib/gcc/arm-none-eabi/10.3.1/../../../../arm-none-eabi/lib/thumb/v7e-m+fp/softfp\libc.a(lib_a-findfp.o)
                0x1000aa1c                __sinit
 .text.__sfp_lock_acquire
                0x1000ab28        0xc c:/maximsdk/tools/gnutools/10.3/bin/../lib/gcc/arm-none-eabi/10.3.1/../../../../arm-none-eabi/lib/thumb/v7e-m+fp/softfp\libc.a(lib_a-findfp.o)
                0x1000ab28                __sfp_lock_acquire
 .text.__sfp_lock_release
                0x1000ab34        0xc c:/maximsdk/tools/gnutools/10.3/bin/../lib/gcc/arm-none-eabi/10.3.1/../../../../arm-none-eabi/lib/thumb/v7e-m+fp/softfp\libc.a(lib_a-findfp.o)
                0x1000ab34                __sfp_lock_release
 .text.__libc_fini_array
                0x1000ab40       0x2c c:/maximsdk/tools/gnutools/10.3/bin/../lib/gcc/arm-none-eabi/10.3.1/../../../../arm-none-eabi/lib/thumb/v7e-m+fp/softfp\libc.a(lib_a-fini.o)
                0x1000ab40                __libc_fini_array
 .text._malloc_trim_r
                0x1000ab6c       0xa0 c:/maximsdk/tools/gnutools/10.3/bin/../lib/gcc/arm-none-eabi/10.3.1/../../../../arm-none-eabi/lib/thumb/v7e-m+fp/softfp\libc.a(lib_a-freer.o)
                0x1000ab6c                _malloc_trim_r
 .text._free_r  0x1000ac0c      0x20c c:/maximsdk/tools/gnutools/10.3/bin/../lib/gcc/arm-none-eabi/10.3.1/../../../../arm-none-eabi/lib/thumb/v7e-m+fp/softfp\libc.a(lib_a-freer.o)
                0x1000ac0c                _free_r
 .text.__sfvwrite_r
                0x1000ae18      0x2f0 c:/maximsdk/tools/gnutools/10.3/bin/../lib/gcc/arm-none-eabi/10.3.1/../../../../arm-none-eabi/lib/thumb/v7e-m+fp/softfp\libc.a(lib_a-fvwrite.o)
                0x1000ae18                __sfvwrite_r
 .text._fwalk_reent
                0x1000b108       0x48 c:/maximsdk/tools/gnutools/10.3/bin/../lib/gcc/arm-none-eabi/10.3.1/../../../../arm-none-eabi/lib/thumb/v7e-m+fp/softfp\libc.a(lib_a-fwalk.o)
                0x1000b108                _fwalk_reent
 .text._localeconv_r
                0x1000b150        0x8 c:/maximsdk/tools/gnutools/10.3/bin/../lib/gcc/arm-none-eabi/10.3.1/../../../../arm-none-eabi/lib/thumb/v7e-m+fp/softfp\libc.a(lib_a-localeconv.o)
                0x1000b150                _localeconv_r
 .text.__retarget_lock_init_recursive
                0x1000b158        0x4 c:/maximsdk/tools/gnutools/10.3/bin/../lib/gcc/arm-none-eabi/10.3.1/../../../../arm-none-eabi/lib/thumb/v7e-m+fp/softfp\libc.a(lib_a-lock.o)
                0x1000b158                __retarget_lock_init_recursive
 .text.__retarget_lock_close_recursive
                0x1000b15c        0x4 c:/maximsdk/tools/gnutools/10.3/bin/../lib/gcc/arm-none-eabi/10.3.1/../../../../arm-none-eabi/lib/thumb/v7e-m+fp/softfp\libc.a(lib_a-lock.o)
                0x1000b15c                __retarget_lock_close_recursive
 .text.__retarget_lock_acquire_recursive
                0x1000b160        0x4 c:/maximsdk/tools/gnutools/10.3/bin/../lib/gcc/arm-none-eabi/10.3.1/../../../../arm-none-eabi/lib/thumb/v7e-m+fp/softfp\libc.a(lib_a-lock.o)
                0x1000b160                __retarget_lock_acquire_recursive
 .text.__retarget_lock_release_recursive
                0x1000b164        0x4 c:/maximsdk/tools/gnutools/10.3/bin/../lib/gcc/arm-none-eabi/10.3.1/../../../../arm-none-eabi/lib/thumb/v7e-m+fp/softfp\libc.a(lib_a-lock.o)
                0x1000b164                __retarget_lock_release_recursive
 .text.__smakebuf_r
                0x1000b168       0xe0 c:/maximsdk/tools/gnutools/10.3/bin/../lib/gcc/arm-none-eabi/10.3.1/../../../../arm-none-eabi/lib/thumb/v7e-m+fp/softfp\libc.a(lib_a-makebuf.o)
                0x1000b168                __smakebuf_r
 *fill*         0x1000b248        0x8 
 .text          0x1000b250       0xa0 c:/maximsdk/tools/gnutools/10.3/bin/../lib/gcc/arm-none-eabi/10.3.1/../../../../arm-none-eabi/lib/thumb/v7e-m+fp/softfp\libc.a(lib_a-memchr.o)
                0x1000b250                memchr
 .text.memmove  0x1000b2f0       0xf8 c:/maximsdk/tools/gnutools/10.3/bin/../lib/gcc/arm-none-eabi/10.3.1/../../../../arm-none-eabi/lib/thumb/v7e-m+fp/softfp\libc.a(lib_a-memmove.o)
                0x1000b2f0                memmove
 .text._Balloc  0x1000b3e8       0x4c c:/maximsdk/tools/gnutools/10.3/bin/../lib/gcc/arm-none-eabi/10.3.1/../../../../arm-none-eabi/lib/thumb/v7e-m+fp/softfp\libc.a(lib_a-mprec.o)
                0x1000b3e8                _Balloc
 .text._Bfree   0x1000b434       0x14 c:/maximsdk/tools/gnutools/10.3/bin/../lib/gcc/arm-none-eabi/10.3.1/../../../../arm-none-eabi/lib/thumb/v7e-m+fp/softfp\libc.a(lib_a-mprec.o)
                0x1000b434                _Bfree
 .text.__multadd
                0x1000b448       0xa8 c:/maximsdk/tools/gnutools/10.3/bin/../lib/gcc/arm-none-eabi/10.3.1/../../../../arm-none-eabi/lib/thumb/v7e-m+fp/softfp\libc.a(lib_a-mprec.o)
                0x1000b448                __multadd
 .text.__hi0bits
                0x1000b4f0       0x40 c:/maximsdk/tools/gnutools/10.3/bin/../lib/gcc/arm-none-eabi/10.3.1/../../../../arm-none-eabi/lib/thumb/v7e-m+fp/softfp\libc.a(lib_a-mprec.o)
                0x1000b4f0                __hi0bits
 .text.__lo0bits
                0x1000b530       0x60 c:/maximsdk/tools/gnutools/10.3/bin/../lib/gcc/arm-none-eabi/10.3.1/../../../../arm-none-eabi/lib/thumb/v7e-m+fp/softfp\libc.a(lib_a-mprec.o)
                0x1000b530                __lo0bits
 .text.__i2b    0x1000b590       0x5c c:/maximsdk/tools/gnutools/10.3/bin/../lib/gcc/arm-none-eabi/10.3.1/../../../../arm-none-eabi/lib/thumb/v7e-m+fp/softfp\libc.a(lib_a-mprec.o)
                0x1000b590                __i2b
 .text.__multiply
                0x1000b5ec      0x15c c:/maximsdk/tools/gnutools/10.3/bin/../lib/gcc/arm-none-eabi/10.3.1/../../../../arm-none-eabi/lib/thumb/v7e-m+fp/softfp\libc.a(lib_a-mprec.o)
                0x1000b5ec                __multiply
 .text.__pow5mult
                0x1000b748       0xc0 c:/maximsdk/tools/gnutools/10.3/bin/../lib/gcc/arm-none-eabi/10.3.1/../../../../arm-none-eabi/lib/thumb/v7e-m+fp/softfp\libc.a(lib_a-mprec.o)
                0x1000b748                __pow5mult
 .text.__lshift
                0x1000b808       0xf0 c:/maximsdk/tools/gnutools/10.3/bin/../lib/gcc/arm-none-eabi/10.3.1/../../../../arm-none-eabi/lib/thumb/v7e-m+fp/softfp\libc.a(lib_a-mprec.o)
                0x1000b808                __lshift
 .text.__mcmp   0x1000b8f8       0x44 c:/maximsdk/tools/gnutools/10.3/bin/../lib/gcc/arm-none-eabi/10.3.1/../../../../arm-none-eabi/lib/thumb/v7e-m+fp/softfp\libc.a(lib_a-mprec.o)
                0x1000b8f8                __mcmp
 .text.__mdiff  0x1000b93c      0x14c c:/maximsdk/tools/gnutools/10.3/bin/../lib/gcc/arm-none-eabi/10.3.1/../../../../arm-none-eabi/lib/thumb/v7e-m+fp/softfp\libc.a(lib_a-mprec.o)
                0x1000b93c                __mdiff
 .text.__d2b    0x1000ba88       0xc4 c:/maximsdk/tools/gnutools/10.3/bin/../lib/gcc/arm-none-eabi/10.3.1/../../../../arm-none-eabi/lib/thumb/v7e-m+fp/softfp\libc.a(lib_a-mprec.o)
                0x1000ba88                __d2b
 .text._putc_r  0x1000bb4c       0x74 c:/maximsdk/tools/gnutools/10.3/bin/../lib/gcc/arm-none-eabi/10.3.1/../../../../arm-none-eabi/lib/thumb/v7e-m+fp/softfp\libc.a(lib_a-putc.o)
                0x1000bb4c                _putc_r
 .text._realloc_r
                0x1000bbc0      0x3d8 c:/maximsdk/tools/gnutools/10.3/bin/../lib/gcc/arm-none-eabi/10.3.1/../../../../arm-none-eabi/lib/thumb/v7e-m+fp/softfp\libc.a(lib_a-reallocr.o)
                0x1000bbc0                _realloc_r
 .text.frexp    0x1000bf98       0x70 c:/maximsdk/tools/gnutools/10.3/bin/../lib/gcc/arm-none-eabi/10.3.1/../../../../arm-none-eabi/lib/thumb/v7e-m+fp/softfp\libc.a(lib_a-s_frexp.o)
                0x1000bf98                frexp
 .text.__sread  0x1000c008       0x24 c:/maximsdk/tools/gnutools/10.3/bin/../lib/gcc/arm-none-eabi/10.3.1/../../../../arm-none-eabi/lib/thumb/v7e-m+fp/softfp\libc.a(lib_a-stdio.o)
                0x1000c008                __sread
 .text.__swrite
                0x1000c02c       0x40 c:/maximsdk/tools/gnutools/10.3/bin/../lib/gcc/arm-none-eabi/10.3.1/../../../../arm-none-eabi/lib/thumb/v7e-m+fp/softfp\libc.a(lib_a-stdio.o)
                0x1000c02c                __swrite
 .text.__sseek  0x1000c06c       0x20 c:/maximsdk/tools/gnutools/10.3/bin/../lib/gcc/arm-none-eabi/10.3.1/../../../../arm-none-eabi/lib/thumb/v7e-m+fp/softfp\libc.a(lib_a-stdio.o)
                0x1000c06c                __sseek
 .text.__sclose
                0x1000c08c        0x8 c:/maximsdk/tools/gnutools/10.3/bin/../lib/gcc/arm-none-eabi/10.3.1/../../../../arm-none-eabi/lib/thumb/v7e-m+fp/softfp\libc.a(lib_a-stdio.o)
                0x1000c08c                __sclose
 .text.strncpy  0x1000c094       0x64 c:/maximsdk/tools/gnutools/10.3/bin/../lib/gcc/arm-none-eabi/10.3.1/../../../../arm-none-eabi/lib/thumb/v7e-m+fp/softfp\libc.a(lib_a-strncpy.o)
                0x1000c094                strncpy
 .text.__ssprint_r
                0x1000c0f8       0xf8 c:/maximsdk/tools/gnutools/10.3/bin/../lib/gcc/arm-none-eabi/10.3.1/../../../../arm-none-eabi/lib/thumb/v7e-m+fp/softfp\libc.a(lib_a-svfiprintf.o)
                0x1000c0f8                __ssprint_r
 .text.__sprint_r.part.0
                0x1000c1f0       0x78 c:/maximsdk/tools/gnutools/10.3/bin/../lib/gcc/arm-none-eabi/10.3.1/../../../../arm-none-eabi/lib/thumb/v7e-m+fp/softfp\libc.a(lib_a-vfiprintf.o)
 .text.__sprint_r
                0x1000c268       0x18 c:/maximsdk/tools/gnutools/10.3/bin/../lib/gcc/arm-none-eabi/10.3.1/../../../../arm-none-eabi/lib/thumb/v7e-m+fp/softfp\libc.a(lib_a-vfiprintf.o)
                0x1000c268                __sprint_r
 .text._vfiprintf_r
                0x1000c280      0xdfc c:/maximsdk/tools/gnutools/10.3/bin/../lib/gcc/arm-none-eabi/10.3.1/../../../../arm-none-eabi/lib/thumb/v7e-m+fp/softfp\libc.a(lib_a-vfiprintf.o)
                0x1000c280                _vfiprintf_r
 .text.__sbprintf
                0x1000d07c       0x80 c:/maximsdk/tools/gnutools/10.3/bin/../lib/gcc/arm-none-eabi/10.3.1/../../../../arm-none-eabi/lib/thumb/v7e-m+fp/softfp\libc.a(lib_a-vfiprintf.o)
 .text.__swbuf_r
                0x1000d0fc       0xb0 c:/maximsdk/tools/gnutools/10.3/bin/../lib/gcc/arm-none-eabi/10.3.1/../../../../arm-none-eabi/lib/thumb/v7e-m+fp/softfp\libc.a(lib_a-wbuf.o)
                0x1000d0fc                __swbuf_r
 .text._write_r
                0x1000d1ac       0x2c c:/maximsdk/tools/gnutools/10.3/bin/../lib/gcc/arm-none-eabi/10.3.1/../../../../arm-none-eabi/lib/thumb/v7e-m+fp/softfp\libc.a(lib_a-writer.o)
                0x1000d1ac                _write_r
 .text.__register_exitproc
                0x1000d1d8       0x8c c:/maximsdk/tools/gnutools/10.3/bin/../lib/gcc/arm-none-eabi/10.3.1/../../../../arm-none-eabi/lib/thumb/v7e-m+fp/softfp\libc.a(lib_a-__atexit.o)
                0x1000d1d8                __register_exitproc
 .text.__assert_func
                0x1000d264       0x40 c:/maximsdk/tools/gnutools/10.3/bin/../lib/gcc/arm-none-eabi/10.3.1/../../../../arm-none-eabi/lib/thumb/v7e-m+fp/softfp\libc.a(lib_a-assert.o)
                0x1000d264                __assert_func
 .text._calloc_r
                0x1000d2a4       0x78 c:/maximsdk/tools/gnutools/10.3/bin/../lib/gcc/arm-none-eabi/10.3.1/../../../../arm-none-eabi/lib/thumb/v7e-m+fp/softfp\libc.a(lib_a-callocr.o)
                0x1000d2a4                _calloc_r
 .text._close_r
                0x1000d31c       0x24 c:/maximsdk/tools/gnutools/10.3/bin/../lib/gcc/arm-none-eabi/10.3.1/../../../../arm-none-eabi/lib/thumb/v7e-m+fp/softfp\libc.a(lib_a-closer.o)
                0x1000d31c                _close_r
 .text._fclose_r
                0x1000d340       0xcc c:/maximsdk/tools/gnutools/10.3/bin/../lib/gcc/arm-none-eabi/10.3.1/../../../../arm-none-eabi/lib/thumb/v7e-m+fp/softfp\libc.a(lib_a-fclose.o)
                0x1000d340                _fclose_r
 .text.fiprintf
                0x1000d40c       0x28 c:/maximsdk/tools/gnutools/10.3/bin/../lib/gcc/arm-none-eabi/10.3.1/../../../../arm-none-eabi/lib/thumb/v7e-m+fp/softfp\libc.a(lib_a-fiprintf.o)
                0x1000d40c                fiprintf
 .text.__fputwc
                0x1000d434       0xa8 c:/maximsdk/tools/gnutools/10.3/bin/../lib/gcc/arm-none-eabi/10.3.1/../../../../arm-none-eabi/lib/thumb/v7e-m+fp/softfp\libc.a(lib_a-fputwc.o)
                0x1000d434                __fputwc
 .text._fputwc_r
                0x1000d4dc       0x68 c:/maximsdk/tools/gnutools/10.3/bin/../lib/gcc/arm-none-eabi/10.3.1/../../../../arm-none-eabi/lib/thumb/v7e-m+fp/softfp\libc.a(lib_a-fputwc.o)
                0x1000d4dc                _fputwc_r
 .text._fstat_r
                0x1000d544       0x2c c:/maximsdk/tools/gnutools/10.3/bin/../lib/gcc/arm-none-eabi/10.3.1/../../../../arm-none-eabi/lib/thumb/v7e-m+fp/softfp\libc.a(lib_a-fstatr.o)
                0x1000d544                _fstat_r
 .text._isatty_r
                0x1000d570       0x24 c:/maximsdk/tools/gnutools/10.3/bin/../lib/gcc/arm-none-eabi/10.3.1/../../../../arm-none-eabi/lib/thumb/v7e-m+fp/softfp\libc.a(lib_a-isattyr.o)
                0x1000d570                _isatty_r
 .text.__locale_mb_cur_max
                0x1000d594        0xc c:/maximsdk/tools/gnutools/10.3/bin/../lib/gcc/arm-none-eabi/10.3.1/../../../../arm-none-eabi/lib/thumb/v7e-m+fp/softfp\libc.a(lib_a-locale.o)
                0x1000d594                __locale_mb_cur_max
 .text._lseek_r
                0x1000d5a0       0x2c c:/maximsdk/tools/gnutools/10.3/bin/../lib/gcc/arm-none-eabi/10.3.1/../../../../arm-none-eabi/lib/thumb/v7e-m+fp/softfp\libc.a(lib_a-lseekr.o)
                0x1000d5a0                _lseek_r
 .text.__ascii_mbtowc
                0x1000d5cc       0x2c c:/maximsdk/tools/gnutools/10.3/bin/../lib/gcc/arm-none-eabi/10.3.1/../../../../arm-none-eabi/lib/thumb/v7e-m+fp/softfp\libc.a(lib_a-mbtowc_r.o)
                0x1000d5cc                __ascii_mbtowc
 .text._read_r  0x1000d5f8       0x2c c:/maximsdk/tools/gnutools/10.3/bin/../lib/gcc/arm-none-eabi/10.3.1/../../../../arm-none-eabi/lib/thumb/v7e-m+fp/softfp\libc.a(lib_a-readr.o)
                0x1000d5f8                _read_r
 .text._wcrtomb_r
                0x1000d624       0x3c c:/maximsdk/tools/gnutools/10.3/bin/../lib/gcc/arm-none-eabi/10.3.1/../../../../arm-none-eabi/lib/thumb/v7e-m+fp/softfp\libc.a(lib_a-wcrtomb.o)
                0x1000d624                _wcrtomb_r
 .text.__ascii_wctomb
                0x1000d660       0x1c c:/maximsdk/tools/gnutools/10.3/bin/../lib/gcc/arm-none-eabi/10.3.1/../../../../arm-none-eabi/lib/thumb/v7e-m+fp/softfp\libc.a(lib_a-wctomb_r.o)
                0x1000d660                __ascii_wctomb
 .text.abort    0x1000d67c       0x10 c:/maximsdk/tools/gnutools/10.3/bin/../lib/gcc/arm-none-eabi/10.3.1/../../../../arm-none-eabi/lib/thumb/v7e-m+fp/softfp\libc.a(lib_a-abort.o)
                0x1000d67c                abort
 .text.raise    0x1000d68c       0x5c c:/maximsdk/tools/gnutools/10.3/bin/../lib/gcc/arm-none-eabi/10.3.1/../../../../arm-none-eabi/lib/thumb/v7e-m+fp/softfp\libc.a(lib_a-signal.o)
                0x1000d68c                raise
 .text._kill_r  0x1000d6e8       0x2c c:/maximsdk/tools/gnutools/10.3/bin/../lib/gcc/arm-none-eabi/10.3.1/../../../../arm-none-eabi/lib/thumb/v7e-m+fp/softfp\libc.a(lib_a-signalr.o)
                0x1000d6e8                _kill_r
 .text._getpid_r
                0x1000d714        0x4 c:/maximsdk/tools/gnutools/10.3/bin/../lib/gcc/arm-none-eabi/10.3.1/../../../../arm-none-eabi/lib/thumb/v7e-m+fp/softfp\libc.a(lib_a-signalr.o)
                0x1000d714                _getpid_r
 .text._getpid  0x1000d718       0x10 c:/maximsdk/tools/gnutools/10.3/bin/../lib/gcc/arm-none-eabi/10.3.1/../../../../arm-none-eabi/lib/thumb/v7e-m+fp/softfp\libnosys.a(getpid.o)
                0x1000d718                _getpid
 .text._kill    0x1000d728       0x10 c:/maximsdk/tools/gnutools/10.3/bin/../lib/gcc/arm-none-eabi/10.3.1/../../../../arm-none-eabi/lib/thumb/v7e-m+fp/softfp\libnosys.a(kill.o)
                0x1000d728                _kill
 .text._exit    0x1000d738        0x4 c:/maximsdk/tools/gnutools/10.3/bin/../lib/gcc/arm-none-eabi/10.3.1/../../../../arm-none-eabi/lib/thumb/v7e-m+fp/softfp\libnosys.a(_exit.o)
                0x1000d738                _exit
 .text          0x1000d73c      0x378 c:/maximsdk/tools/gnutools/10.3/bin/../lib/gcc/arm-none-eabi/10.3.1/thumb/v7e-m+fp/softfp\libgcc.a(_arm_addsubdf3.o)
                0x1000d73c                __aeabi_drsub
                0x1000d744                __aeabi_dsub
                0x1000d744                __subdf3
                0x1000d748                __aeabi_dadd
                0x1000d748                __adddf3
                0x1000d9c0                __floatunsidf
                0x1000d9c0                __aeabi_ui2d
                0x1000d9e0                __floatsidf
                0x1000d9e0                __aeabi_i2d
                0x1000da04                __aeabi_f2d
                0x1000da04                __extendsfdf2
                0x1000da48                __floatundidf
                0x1000da48                __aeabi_ul2d
                0x1000da58                __floatdidf
                0x1000da58                __aeabi_l2d
 .text          0x1000dab4      0x424 c:/maximsdk/tools/gnutools/10.3/bin/../lib/gcc/arm-none-eabi/10.3.1/thumb/v7e-m+fp/softfp\libgcc.a(_arm_muldivdf3.o)
                0x1000dab4                __aeabi_dmul
                0x1000dab4                __muldf3
                0x1000dd08                __divdf3
                0x1000dd08                __aeabi_ddiv
 .text          0x1000ded8      0x110 c:/maximsdk/tools/gnutools/10.3/bin/../lib/gcc/arm-none-eabi/10.3.1/thumb/v7e-m+fp/softfp\libgcc.a(_arm_cmpdf2.o)
                0x1000ded8                __gtdf2
                0x1000ded8                __gedf2
                0x1000dee0                __ltdf2
                0x1000dee0                __ledf2
                0x1000dee8                __nedf2
                0x1000dee8                __eqdf2
                0x1000dee8                __cmpdf2
                0x1000df64                __aeabi_cdrcmple
                0x1000df74                __aeabi_cdcmpeq
                0x1000df74                __aeabi_cdcmple
                0x1000df84                __aeabi_dcmpeq
                0x1000df98                __aeabi_dcmplt
                0x1000dfac                __aeabi_dcmple
                0x1000dfc0                __aeabi_dcmpge
                0x1000dfd4                __aeabi_dcmpgt
 .text          0x1000dfe8       0x2c c:/maximsdk/tools/gnutools/10.3/bin/../lib/gcc/arm-none-eabi/10.3.1/thumb/v7e-m+fp/softfp\libgcc.a(_arm_unorddf2.o)
                0x1000dfe8                __unorddf2
                0x1000dfe8                __aeabi_dcmpun
 .text          0x1000e014       0x50 c:/maximsdk/tools/gnutools/10.3/bin/../lib/gcc/arm-none-eabi/10.3.1/thumb/v7e-m+fp/softfp\libgcc.a(_arm_fixdfsi.o)
                0x1000e014                __aeabi_d2iz
                0x1000e014                __fixdfsi
 .text          0x1000e064       0xa0 c:/maximsdk/tools/gnutools/10.3/bin/../lib/gcc/arm-none-eabi/10.3.1/thumb/v7e-m+fp/softfp\libgcc.a(_aeabi_ldivmod.o)
                0x1000e064                __aeabi_ldivmod
 .text          0x1000e104       0x30 c:/maximsdk/tools/gnutools/10.3/bin/../lib/gcc/arm-none-eabi/10.3.1/thumb/v7e-m+fp/softfp\libgcc.a(_aeabi_uldivmod.o)
                0x1000e104                __aeabi_uldivmod
 .text          0x1000e134      0x2d0 c:/maximsdk/tools/gnutools/10.3/bin/../lib/gcc/arm-none-eabi/10.3.1/thumb/v7e-m+fp/softfp\libgcc.a(_udivmoddi4.o)
                0x1000e134                __udivmoddi4
 .text          0x1000e404        0x4 c:/maximsdk/tools/gnutools/10.3/bin/../lib/gcc/arm-none-eabi/10.3.1/thumb/v7e-m+fp/softfp\libgcc.a(_dvmd_tls.o)
                0x1000e404                __aeabi_idiv0
                0x1000e404                __aeabi_ldiv0
 *(.rodata*)
 .rodata.capture_process_camera.str1.4
                0x1000e408       0x14 C:/MaximSDK/Examples/AiBirdFeeder/bird_feeder/build/main.o
 .rodata.MoveDoor.str1.4
                0x1000e41c       0x4a C:/MaximSDK/Examples/AiBirdFeeder/bird_feeder/build/main.o
 *fill*         0x1000e466        0x2 
 .rodata.main.str1.4
                0x1000e468       0xea C:/MaximSDK/Examples/AiBirdFeeder/bird_feeder/build/main.o
 *fill*         0x1000e552        0x2 
 .rodata.str1.4
                0x1000e554        0xb C:/MaximSDK/Examples/AiBirdFeeder/bird_feeder/build/main.o
 *fill*         0x1000e55f        0x1 
 .rodata.classes
                0x1000e560       0x14 C:/MaximSDK/Examples/AiBirdFeeder/bird_feeder/build/main.o
                0x1000e560                classes
 .rodata.kernels_0
                0x1000e574      0x598 C:/MaximSDK/Examples/AiBirdFeeder/bird_feeder/build/cnn.o
 .rodata.kernels_1
                0x1000eb0c      0x598 C:/MaximSDK/Examples/AiBirdFeeder/bird_feeder/build/cnn.o
 .rodata.kernels_10
                0x1000f0a4      0x508 C:/MaximSDK/Examples/AiBirdFeeder/bird_feeder/build/cnn.o
 .rodata.kernels_11
                0x1000f5ac      0x508 C:/MaximSDK/Examples/AiBirdFeeder/bird_feeder/build/cnn.o
 .rodata.kernels_12
                0x1000fab4      0x508 C:/MaximSDK/Examples/AiBirdFeeder/bird_feeder/build/cnn.o
 .rodata.kernels_13
                0x1000ffbc      0x508 C:/MaximSDK/Examples/AiBirdFeeder/bird_feeder/build/cnn.o
 .rodata.kernels_14
                0x100104c4      0x508 C:/MaximSDK/Examples/AiBirdFeeder/bird_feeder/build/cnn.o
 .rodata.kernels_15
                0x100109cc      0x508 C:/MaximSDK/Examples/AiBirdFeeder/bird_feeder/build/cnn.o
 .rodata.kernels_16
                0x10010ed4      0x480 C:/MaximSDK/Examples/AiBirdFeeder/bird_feeder/build/cnn.o
 .rodata.kernels_17
                0x10011354      0x480 C:/MaximSDK/Examples/AiBirdFeeder/bird_feeder/build/cnn.o
 .rodata.kernels_18
                0x100117d4      0x480 C:/MaximSDK/Examples/AiBirdFeeder/bird_feeder/build/cnn.o
 .rodata.kernels_19
                0x10011c54      0x480 C:/MaximSDK/Examples/AiBirdFeeder/bird_feeder/build/cnn.o
 .rodata.kernels_2
                0x100120d4      0x598 C:/MaximSDK/Examples/AiBirdFeeder/bird_feeder/build/cnn.o
 .rodata.kernels_20
                0x1001266c      0x480 C:/MaximSDK/Examples/AiBirdFeeder/bird_feeder/build/cnn.o
 .rodata.kernels_21
                0x10012aec      0x480 C:/MaximSDK/Examples/AiBirdFeeder/bird_feeder/build/cnn.o
 .rodata.kernels_22
                0x10012f6c      0x480 C:/MaximSDK/Examples/AiBirdFeeder/bird_feeder/build/cnn.o
 .rodata.kernels_23
                0x100133ec      0x480 C:/MaximSDK/Examples/AiBirdFeeder/bird_feeder/build/cnn.o
 .rodata.kernels_24
                0x1001386c      0x480 C:/MaximSDK/Examples/AiBirdFeeder/bird_feeder/build/cnn.o
 .rodata.kernels_25
                0x10013cec      0x480 C:/MaximSDK/Examples/AiBirdFeeder/bird_feeder/build/cnn.o
 .rodata.kernels_26
                0x1001416c      0x480 C:/MaximSDK/Examples/AiBirdFeeder/bird_feeder/build/cnn.o
 .rodata.kernels_27
                0x100145ec      0x480 C:/MaximSDK/Examples/AiBirdFeeder/bird_feeder/build/cnn.o
 .rodata.kernels_28
                0x10014a6c      0x480 C:/MaximSDK/Examples/AiBirdFeeder/bird_feeder/build/cnn.o
 .rodata.kernels_29
                0x10014eec      0x480 C:/MaximSDK/Examples/AiBirdFeeder/bird_feeder/build/cnn.o
 .rodata.kernels_3
                0x1001536c      0x508 C:/MaximSDK/Examples/AiBirdFeeder/bird_feeder/build/cnn.o
 .rodata.kernels_30
                0x10015874      0x480 C:/MaximSDK/Examples/AiBirdFeeder/bird_feeder/build/cnn.o
 .rodata.kernels_31
                0x10015cf4      0x480 C:/MaximSDK/Examples/AiBirdFeeder/bird_feeder/build/cnn.o
 .rodata.kernels_32
                0x10016174      0x2d0 C:/MaximSDK/Examples/AiBirdFeeder/bird_feeder/build/cnn.o
 .rodata.kernels_33
                0x10016444      0x2d0 C:/MaximSDK/Examples/AiBirdFeeder/bird_feeder/build/cnn.o
 .rodata.kernels_34
                0x10016714      0x2d0 C:/MaximSDK/Examples/AiBirdFeeder/bird_feeder/build/cnn.o
 .rodata.kernels_35
                0x100169e4      0x2d0 C:/MaximSDK/Examples/AiBirdFeeder/bird_feeder/build/cnn.o
 .rodata.kernels_36
                0x10016cb4      0x3f0 C:/MaximSDK/Examples/AiBirdFeeder/bird_feeder/build/cnn.o
 .rodata.kernels_37
                0x100170a4      0x3f0 C:/MaximSDK/Examples/AiBirdFeeder/bird_feeder/build/cnn.o
 .rodata.kernels_38
                0x10017494      0x3f0 C:/MaximSDK/Examples/AiBirdFeeder/bird_feeder/build/cnn.o
 .rodata.kernels_39
                0x10017884      0x3f0 C:/MaximSDK/Examples/AiBirdFeeder/bird_feeder/build/cnn.o
 .rodata.kernels_4
                0x10017c74      0x508 C:/MaximSDK/Examples/AiBirdFeeder/bird_feeder/build/cnn.o
 .rodata.kernels_40
                0x1001817c      0x3f0 C:/MaximSDK/Examples/AiBirdFeeder/bird_feeder/build/cnn.o
 .rodata.kernels_41
                0x1001856c      0x3f0 C:/MaximSDK/Examples/AiBirdFeeder/bird_feeder/build/cnn.o
 .rodata.kernels_42
                0x1001895c      0x3f0 C:/MaximSDK/Examples/AiBirdFeeder/bird_feeder/build/cnn.o
 .rodata.kernels_43
                0x10018d4c      0x3f0 C:/MaximSDK/Examples/AiBirdFeeder/bird_feeder/build/cnn.o
 .rodata.kernels_44
                0x1001913c      0x3f0 C:/MaximSDK/Examples/AiBirdFeeder/bird_feeder/build/cnn.o
 .rodata.kernels_45
                0x1001952c      0x3f0 C:/MaximSDK/Examples/AiBirdFeeder/bird_feeder/build/cnn.o
 .rodata.kernels_46
                0x1001991c      0x3f0 C:/MaximSDK/Examples/AiBirdFeeder/bird_feeder/build/cnn.o
 .rodata.kernels_47
                0x10019d0c      0x3f0 C:/MaximSDK/Examples/AiBirdFeeder/bird_feeder/build/cnn.o
 .rodata.kernels_48
                0x1001a0fc      0x3f0 C:/MaximSDK/Examples/AiBirdFeeder/bird_feeder/build/cnn.o
 .rodata.kernels_49
                0x1001a4ec      0x3f0 C:/MaximSDK/Examples/AiBirdFeeder/bird_feeder/build/cnn.o
 .rodata.kernels_5
                0x1001a8dc      0x508 C:/MaximSDK/Examples/AiBirdFeeder/bird_feeder/build/cnn.o
 .rodata.kernels_50
                0x1001ade4      0x3f0 C:/MaximSDK/Examples/AiBirdFeeder/bird_feeder/build/cnn.o
 .rodata.kernels_51
                0x1001b1d4      0x3f0 C:/MaximSDK/Examples/AiBirdFeeder/bird_feeder/build/cnn.o
 .rodata.kernels_52
                0x1001b5c4      0x2d0 C:/MaximSDK/Examples/AiBirdFeeder/bird_feeder/build/cnn.o
 .rodata.kernels_53
                0x1001b894      0x2d0 C:/MaximSDK/Examples/AiBirdFeeder/bird_feeder/build/cnn.o
 .rodata.kernels_54
                0x1001bb64      0x2d0 C:/MaximSDK/Examples/AiBirdFeeder/bird_feeder/build/cnn.o
 .rodata.kernels_55
                0x1001be34      0x2d0 C:/MaximSDK/Examples/AiBirdFeeder/bird_feeder/build/cnn.o
 .rodata.kernels_56
                0x1001c104      0x2d0 C:/MaximSDK/Examples/AiBirdFeeder/bird_feeder/build/cnn.o
 .rodata.kernels_57
                0x1001c3d4      0x2d0 C:/MaximSDK/Examples/AiBirdFeeder/bird_feeder/build/cnn.o
 .rodata.kernels_58
                0x1001c6a4      0x2d0 C:/MaximSDK/Examples/AiBirdFeeder/bird_feeder/build/cnn.o
 .rodata.kernels_59
                0x1001c974      0x2d0 C:/MaximSDK/Examples/AiBirdFeeder/bird_feeder/build/cnn.o
 .rodata.kernels_6
                0x1001cc44      0x508 C:/MaximSDK/Examples/AiBirdFeeder/bird_feeder/build/cnn.o
 .rodata.kernels_60
                0x1001d14c      0x2d0 C:/MaximSDK/Examples/AiBirdFeeder/bird_feeder/build/cnn.o
 .rodata.kernels_61
                0x1001d41c      0x2d0 C:/MaximSDK/Examples/AiBirdFeeder/bird_feeder/build/cnn.o
 .rodata.kernels_62
                0x1001d6ec      0x2d0 C:/MaximSDK/Examples/AiBirdFeeder/bird_feeder/build/cnn.o
 .rodata.kernels_63
                0x1001d9bc      0x2d0 C:/MaximSDK/Examples/AiBirdFeeder/bird_feeder/build/cnn.o
 .rodata.kernels_7
                0x1001dc8c      0x508 C:/MaximSDK/Examples/AiBirdFeeder/bird_feeder/build/cnn.o
 .rodata.kernels_8
                0x1001e194      0x508 C:/MaximSDK/Examples/AiBirdFeeder/bird_feeder/build/cnn.o
 .rodata.kernels_9
                0x1001e69c      0x508 C:/MaximSDK/Examples/AiBirdFeeder/bird_feeder/build/cnn.o
 .rodata.mxc_assert.str1.4
                0x1001eba4       0x19 C:/MaximSDK/Examples/AiBirdFeeder/bird_feeder/build/board.o
 *fill*         0x1001ebbd        0x3 
 .rodata.Board_Init.str1.4
                0x1001ebc0       0x45 C:/MaximSDK/Examples/AiBirdFeeder/bird_feeder/build/board.o
 *fill*         0x1001ec05        0x3 
 .rodata.led_pin
                0x1001ec08       0x24 C:/MaximSDK/Examples/AiBirdFeeder/bird_feeder/build/board.o
                0x1001ec08                led_pin
 .rodata.num_leds
                0x1001ec2c        0x4 C:/MaximSDK/Examples/AiBirdFeeder/bird_feeder/build/board.o
                0x1001ec2c                num_leds
 .rodata.num_pbs
                0x1001ec30        0x4 C:/MaximSDK/Examples/AiBirdFeeder/bird_feeder/build/board.o
                0x1001ec30                num_pbs
 .rodata.pb_pin
                0x1001ec34       0x18 C:/MaximSDK/Examples/AiBirdFeeder/bird_feeder/build/board.o
                0x1001ec34                pb_pin
 .rodata.LED_On.str1.4
                0x1001ec4c       0x5f C:/MaximSDK/Examples/AiBirdFeeder/bird_feeder/build/led.o
 *fill*         0x1001ecab        0x1 
 .rodata.camera_setup.str1.4
                0x1001ecac       0x1b C:/MaximSDK/Examples/AiBirdFeeder/bird_feeder/build/camera.o
 *fill*         0x1001ecc7        0x1 
 .rodata.dump_registers.str1.4
                0x1001ecc8       0x12 C:/MaximSDK/Examples/AiBirdFeeder/bird_feeder/build/ov7692.o
 *fill*         0x1001ecda        0x2 
 .rodata.default_regs
                0x1001ecdc       0x5e C:/MaximSDK/Examples/AiBirdFeeder/bird_feeder/build/ov7692.o
 *fill*         0x1001ed3a        0x2 
 .rodata.gpio_cfg_scl
                0x1001ed3c        0xc C:/MaximSDK/Examples/AiBirdFeeder/bird_feeder/build/sccb.o
 .rodata.gpio_cfg_sda
                0x1001ed48        0xc C:/MaximSDK/Examples/AiBirdFeeder/bird_feeder/build/sccb.o
 .rodata.gpio_cfg_i2c0
                0x1001ed54        0xc C:/MaximSDK/Libraries/PeriphDrivers/bin/MAX78000/softfp/libPeriphDriver_softfp.a(pins_ai85.o)
                0x1001ed54                gpio_cfg_i2c0
 .rodata.gpio_cfg_i2c1
                0x1001ed60        0xc C:/MaximSDK/Libraries/PeriphDrivers/bin/MAX78000/softfp/libPeriphDriver_softfp.a(pins_ai85.o)
                0x1001ed60                gpio_cfg_i2c1
 .rodata.gpio_cfg_i2c2
                0x1001ed6c        0xc C:/MaximSDK/Libraries/PeriphDrivers/bin/MAX78000/softfp/libPeriphDriver_softfp.a(pins_ai85.o)
                0x1001ed6c                gpio_cfg_i2c2
 .rodata.gpio_cfg_pcif_P0_BITS_0_7
                0x1001ed78        0xc C:/MaximSDK/Libraries/PeriphDrivers/bin/MAX78000/softfp/libPeriphDriver_softfp.a(pins_ai85.o)
                0x1001ed78                gpio_cfg_pcif_P0_BITS_0_7
 .rodata.gpio_cfg_pcif_P0_BITS_8_9
                0x1001ed84        0xc C:/MaximSDK/Libraries/PeriphDrivers/bin/MAX78000/softfp/libPeriphDriver_softfp.a(pins_ai85.o)
                0x1001ed84                gpio_cfg_pcif_P0_BITS_8_9
 .rodata.gpio_cfg_pcif_P1_BITS_10_11
                0x1001ed90        0xc C:/MaximSDK/Libraries/PeriphDrivers/bin/MAX78000/softfp/libPeriphDriver_softfp.a(pins_ai85.o)
                0x1001ed90                gpio_cfg_pcif_P1_BITS_10_11
 .rodata.gpio_cfg_pcif_hsync
                0x1001ed9c        0xc C:/MaximSDK/Libraries/PeriphDrivers/bin/MAX78000/softfp/libPeriphDriver_softfp.a(pins_ai85.o)
                0x1001ed9c                gpio_cfg_pcif_hsync
 .rodata.gpio_cfg_pcif_vsync
                0x1001eda8        0xc C:/MaximSDK/Libraries/PeriphDrivers/bin/MAX78000/softfp/libPeriphDriver_softfp.a(pins_ai85.o)
                0x1001eda8                gpio_cfg_pcif_vsync
 .rodata.gpio_cfg_pcif_xclk
                0x1001edb4        0xc C:/MaximSDK/Libraries/PeriphDrivers/bin/MAX78000/softfp/libPeriphDriver_softfp.a(pins_ai85.o)
                0x1001edb4                gpio_cfg_pcif_xclk
 .rodata.gpio_cfg_pt0
                0x1001edc0        0xc C:/MaximSDK/Libraries/PeriphDrivers/bin/MAX78000/softfp/libPeriphDriver_softfp.a(pins_ai85.o)
                0x1001edc0                gpio_cfg_pt0
 .rodata.gpio_cfg_pt1
                0x1001edcc        0xc C:/MaximSDK/Libraries/PeriphDrivers/bin/MAX78000/softfp/libPeriphDriver_softfp.a(pins_ai85.o)
                0x1001edcc                gpio_cfg_pt1
 .rodata.gpio_cfg_pt2
                0x1001edd8        0xc C:/MaximSDK/Libraries/PeriphDrivers/bin/MAX78000/softfp/libPeriphDriver_softfp.a(pins_ai85.o)
                0x1001edd8                gpio_cfg_pt2
 .rodata.gpio_cfg_pt3
                0x1001ede4        0xc C:/MaximSDK/Libraries/PeriphDrivers/bin/MAX78000/softfp/libPeriphDriver_softfp.a(pins_ai85.o)
                0x1001ede4                gpio_cfg_pt3
 .rodata.gpio_cfg_tmr0
                0x1001edf0        0xc C:/MaximSDK/Libraries/PeriphDrivers/bin/MAX78000/softfp/libPeriphDriver_softfp.a(pins_ai85.o)
                0x1001edf0                gpio_cfg_tmr0
 .rodata.gpio_cfg_tmr0b
                0x1001edfc        0xc C:/MaximSDK/Libraries/PeriphDrivers/bin/MAX78000/softfp/libPeriphDriver_softfp.a(pins_ai85.o)
                0x1001edfc                gpio_cfg_tmr0b
 .rodata.gpio_cfg_tmr1
                0x1001ee08        0xc C:/MaximSDK/Libraries/PeriphDrivers/bin/MAX78000/softfp/libPeriphDriver_softfp.a(pins_ai85.o)
                0x1001ee08                gpio_cfg_tmr1
 .rodata.gpio_cfg_tmr1b
                0x1001ee14        0xc C:/MaximSDK/Libraries/PeriphDrivers/bin/MAX78000/softfp/libPeriphDriver_softfp.a(pins_ai85.o)
                0x1001ee14                gpio_cfg_tmr1b
 .rodata.gpio_cfg_tmr2
                0x1001ee20        0xc C:/MaximSDK/Libraries/PeriphDrivers/bin/MAX78000/softfp/libPeriphDriver_softfp.a(pins_ai85.o)