Archive member included to satisfy reference by file (symbol)

C:/MaximSDK/Libraries/PeriphDrivers/bin/MAX78000/softfp/libPeriphDriver_softfp.a(mxc_delay.o)
                              C:/MaximSDK/Examples/AiBirdFeeder/birdfeeder/build/main.o (MXC_Delay)
C:/MaximSDK/Libraries/PeriphDrivers/bin/MAX78000/softfp/libPeriphDriver_softfp.a(pins_ai85.o)
                              C:/MaximSDK/Examples/AiBirdFeeder/birdfeeder/build/camera.o (gpio_cfg_pcif_xclk)
C:/MaximSDK/Libraries/PeriphDrivers/bin/MAX78000/softfp/libPeriphDriver_softfp.a(sys_ai85.o)
                              C:/MaximSDK/Examples/AiBirdFeeder/birdfeeder/build/cnn.o (MXC_SYS_ClockDisable)
C:/MaximSDK/Libraries/PeriphDrivers/bin/MAX78000/softfp/libPeriphDriver_softfp.a(nvic_table.o)
                              C:/MaximSDK/Examples/AiBirdFeeder/birdfeeder/build/cnn.o (NVIC_SetVector)
C:/MaximSDK/Libraries/PeriphDrivers/bin/MAX78000/softfp/libPeriphDriver_softfp.a(cameraif_ai85.o)
                              C:/MaximSDK/Examples/AiBirdFeeder/birdfeeder/build/camera.o (MXC_PCIF_Init)
C:/MaximSDK/Libraries/PeriphDrivers/bin/MAX78000/softfp/libPeriphDriver_softfp.a(cameraif_reva.o)
                              C:/MaximSDK/Libraries/PeriphDrivers/bin/MAX78000/softfp/libPeriphDriver_softfp.a(cameraif_ai85.o) (MXC_PCIF_RevA_SetDatawidth)
C:/MaximSDK/Libraries/PeriphDrivers/bin/MAX78000/softfp/libPeriphDriver_softfp.a(dma_me17.o)
                              C:/MaximSDK/Examples/AiBirdFeeder/birdfeeder/build/main.o (MXC_DMA_Init)
C:/MaximSDK/Libraries/PeriphDrivers/bin/MAX78000/softfp/libPeriphDriver_softfp.a(dma_reva.o)
                              C:/MaximSDK/Libraries/PeriphDrivers/bin/MAX78000/softfp/libPeriphDriver_softfp.a(dma_me17.o) (MXC_DMA_RevA_Init)
C:/MaximSDK/Libraries/PeriphDrivers/bin/MAX78000/softfp/libPeriphDriver_softfp.a(flc_me17.o)
                              C:/MaximSDK/Libraries/PeriphDrivers/bin/MAX78000/softfp/libPeriphDriver_softfp.a(sys_ai85.o) (MXC_FLC_UnlockInfoBlock)
C:/MaximSDK/Libraries/PeriphDrivers/bin/MAX78000/softfp/libPeriphDriver_softfp.a(flc_revb.o)
                              C:/MaximSDK/Libraries/PeriphDrivers/bin/MAX78000/softfp/libPeriphDriver_softfp.a(flc_me17.o) (MXC_FLC_RevB_Busy)
C:/MaximSDK/Libraries/PeriphDrivers/bin/MAX78000/softfp/libPeriphDriver_softfp.a(gpio_ai85.o)
                              C:/MaximSDK/Examples/AiBirdFeeder/birdfeeder/build/cnn.o (MXC_GPIO_Config)
C:/MaximSDK/Libraries/PeriphDrivers/bin/MAX78000/softfp/libPeriphDriver_softfp.a(gpio_reva.o)
                              C:/MaximSDK/Libraries/PeriphDrivers/bin/MAX78000/softfp/libPeriphDriver_softfp.a(gpio_ai85.o) (MXC_GPIO_RevA_InGet)
C:/MaximSDK/Libraries/PeriphDrivers/bin/MAX78000/softfp/libPeriphDriver_softfp.a(i2c_me17.o)
                              C:/MaximSDK/Examples/AiBirdFeeder/birdfeeder/build/max20303.o (MXC_I2C_Init)
C:/MaximSDK/Libraries/PeriphDrivers/bin/MAX78000/softfp/libPeriphDriver_softfp.a(i2c_reva.o)
                              C:/MaximSDK/Libraries/PeriphDrivers/bin/MAX78000/softfp/libPeriphDriver_softfp.a(i2c_me17.o) (MXC_I2C_RevA_DMACallback)
C:/MaximSDK/Libraries/PeriphDrivers/bin/MAX78000/softfp/libPeriphDriver_softfp.a(icc_me17.o)
                              C:/MaximSDK/Examples/AiBirdFeeder/birdfeeder/build/main.o (MXC_ICC_Enable)
C:/MaximSDK/Libraries/PeriphDrivers/bin/MAX78000/softfp/libPeriphDriver_softfp.a(icc_reva.o)
                              C:/MaximSDK/Libraries/PeriphDrivers/bin/MAX78000/softfp/libPeriphDriver_softfp.a(icc_me17.o) (MXC_ICC_RevA_ID)
C:/MaximSDK/Libraries/PeriphDrivers/bin/MAX78000/softfp/libPeriphDriver_softfp.a(pt_me17.o)
                              C:/MaximSDK/Examples/AiBirdFeeder/birdfeeder/build/camera.o (MXC_PT_Init)
C:/MaximSDK/Libraries/PeriphDrivers/bin/MAX78000/softfp/libPeriphDriver_softfp.a(pt_reva.o)
                              C:/MaximSDK/Libraries/PeriphDrivers/bin/MAX78000/softfp/libPeriphDriver_softfp.a(pt_me17.o) (MXC_PT_RevA_Init)
C:/MaximSDK/Libraries/PeriphDrivers/bin/MAX78000/softfp/libPeriphDriver_softfp.a(spi_me17.o)
                              C:/MaximSDK/Examples/AiBirdFeeder/birdfeeder/build/tft_ili9341.o (MXC_SPI_Init)
C:/MaximSDK/Libraries/PeriphDrivers/bin/MAX78000/softfp/libPeriphDriver_softfp.a(spi_reva.o)
                              C:/MaximSDK/Libraries/PeriphDrivers/bin/MAX78000/softfp/libPeriphDriver_softfp.a(spi_me17.o) (MXC_SPI_RevA_Init)
C:/MaximSDK/Libraries/PeriphDrivers/bin/MAX78000/softfp/libPeriphDriver_softfp.a(tmr_ai85.o)
                              C:/MaximSDK/Examples/AiBirdFeeder/birdfeeder/build/main.o (MXC_TMR_Init)
C:/MaximSDK/Libraries/PeriphDrivers/bin/MAX78000/softfp/libPeriphDriver_softfp.a(tmr_revb.o)
                              C:/MaximSDK/Libraries/PeriphDrivers/bin/MAX78000/softfp/libPeriphDriver_softfp.a(tmr_ai85.o) (MXC_TMR_RevB_Init)
C:/MaximSDK/Libraries/PeriphDrivers/bin/MAX78000/softfp/libPeriphDriver_softfp.a(uart_ai85.o)
[...]
Memory Configuration

Name             Origin             Length             Attributes
ROM              0x00000000         0x00010000         xr
FLASH            0x10000000         0x00080000         xr
SRAM             0x20000000         0x00020000         xrw
*default*        0x00000000         0xffffffff

Linker script and memory map

LOAD c:/maximsdk/tools/gnutools/10.3/bin/../lib/gcc/arm-none-eabi/10.3.1/thumb/v7e-m+fp/softfp/crti.o
LOAD c:/maximsdk/tools/gnutools/10.3/bin/../lib/gcc/arm-none-eabi/10.3.1/thumb/v7e-m+fp/softfp/crtbegin.o
LOAD c:/maximsdk/tools/gnutools/10.3/bin/../lib/gcc/arm-none-eabi/10.3.1/../../../../arm-none-eabi/lib/thumb/v7e-m+fp/softfp/crt0.o
LOAD C:/MaximSDK/Examples/AiBirdFeeder/birdfeeder/build/main.o
LOAD C:/MaximSDK/Examples/AiBirdFeeder/birdfeeder/build/cnn.o
LOAD C:/MaximSDK/Examples/AiBirdFeeder/birdfeeder/build/softmax.o
LOAD C:/MaximSDK/Examples/AiBirdFeeder/birdfeeder/build/img_1_rgb565.o
LOAD C:/MaximSDK/Examples/AiBirdFeeder/birdfeeder/build/logo_rgb565.o
LOAD C:/MaximSDK/Examples/AiBirdFeeder/birdfeeder/build/SansSerif16x16.o
LOAD C:/MaximSDK/Examples/AiBirdFeeder/birdfeeder/build/board.o
LOAD C:/MaximSDK/Examples/AiBirdFeeder/birdfeeder/build/stdio.o
LOAD C:/MaximSDK/Examples/AiBirdFeeder/birdfeeder/build/led.o
LOAD C:/MaximSDK/Examples/AiBirdFeeder/birdfeeder/build/pb.o
LOAD C:/MaximSDK/Examples/AiBirdFeeder/birdfeeder/build/tft_ili9341.o
LOAD C:/MaximSDK/Examples/AiBirdFeeder/birdfeeder/build/camera.o
LOAD C:/MaximSDK/Examples/AiBirdFeeder/birdfeeder/build/ov7692.o
LOAD C:/MaximSDK/Examples/AiBirdFeeder/birdfeeder/build/sccb.o
LOAD C:/MaximSDK/Examples/AiBirdFeeder/birdfeeder/build/max20303.o
LOAD C:/MaximSDK/Examples/AiBirdFeeder/birdfeeder/build/startup_max78000.o
LOAD C:/MaximSDK/Examples/AiBirdFeeder/birdfeeder/build/heap.o
LOAD C:/MaximSDK/Examples/AiBirdFeeder/birdfeeder/build/system_max78000.o
START GROUP
LOAD C:/MaximSDK/Libraries/PeriphDrivers/bin/MAX78000/softfp/libPeriphDriver_softfp.a
LOAD c:/maximsdk/tools/gnutools/10.3/bin/../lib/gcc/arm-none-eabi/10.3.1/../../../../arm-none-eabi/lib/thumb/v7e-m+fp/softfp\libc.a
LOAD c:/maximsdk/tools/gnutools/10.3/bin/../lib/gcc/arm-none-eabi/10.3.1/../../../../arm-none-eabi/lib/thumb/v7e-m+fp/softfp\libm.a
LOAD c:/maximsdk/tools/gnutools/10.3/bin/../lib/gcc/arm-none-eabi/10.3.1/../../../../arm-none-eabi/lib/thumb/v7e-m+fp/softfp\libnosys.a
END GROUP
START GROUP
LOAD c:/maximsdk/tools/gnutools/10.3/bin/../lib/gcc/arm-none-eabi/10.3.1/thumb/v7e-m+fp/softfp\libgcc.a
LOAD c:/maximsdk/tools/gnutools/10.3/bin/../lib/gcc/arm-none-eabi/10.3.1/../../../../arm-none-eabi/lib/thumb/v7e-m+fp/softfp\libc.a
END GROUP
LOAD c:/maximsdk/tools/gnutools/10.3/bin/../lib/gcc/arm-none-eabi/10.3.1/thumb/v7e-m+fp/softfp/crtend.o
LOAD c:/maximsdk/tools/gnutools/10.3/bin/../lib/gcc/arm-none-eabi/10.3.1/thumb/v7e-m+fp/softfp/crtn.o

.rom
 *(.rom_vector)
 *(.rom_handlers*)

.text           0x10000000    0x1f460
                0x10000000                _text = .
 *(.isr_vector)
 .isr_vector    0x10000000      0x1e0 C:/MaximSDK/Examples/AiBirdFeeder/birdfeeder/build/startup_max78000.o
                0x10000000                __isr_vector
 *(.text*)
 .text          0x100001e0       0x40 c:/maximsdk/tools/gnutools/10.3/bin/../lib/gcc/arm-none-eabi/10.3.1/thumb/v7e-m+fp/softfp/crtbegin.o
 .text.capture_process_camera
                0x10000220       0xd4 C:/MaximSDK/Examples/AiBirdFeeder/birdfeeder/build/main.o
                0x10000220                capture_process_camera
 .text.MoveDoor
                0x100002f4       0xc0 C:/MaximSDK/Examples/AiBirdFeeder/birdfeeder/build/main.o
                0x100002f4                MoveDoor
 .text.startup.main
                0x100003b4      0x248 C:/MaximSDK/Examples/AiBirdFeeder/birdfeeder/build/main.o
                0x100003b4                main
 .text.CNN_ISR  0x100005fc       0x50 C:/MaximSDK/Examples/AiBirdFeeder/birdfeeder/build/cnn.o
                0x100005fc                CNN_ISR
 .text.cnn_stop
                0x1000064c       0x14 C:/MaximSDK/Examples/AiBirdFeeder/birdfeeder/build/cnn.o
                0x1000064c                cnn_stop
 .text.cnn_load_weights
                0x10000660      0xcb4 C:/MaximSDK/Examples/AiBirdFeeder/birdfeeder/build/cnn.o
                0x10000660                cnn_load_weights
 .text.cnn_load_bias
                0x10001314       0x14 C:/MaximSDK/Examples/AiBirdFeeder/birdfeeder/build/cnn.o
                0x10001314                cnn_load_bias
 .text.cnn_init
                0x10001328       0x54 C:/MaximSDK/Examples/AiBirdFeeder/birdfeeder/build/cnn.o
                0x10001328                cnn_init
 .text.cnn_configure
                0x1000137c      0x76c C:/MaximSDK/Examples/AiBirdFeeder/birdfeeder/build/cnn.o
                0x1000137c                cnn_configure
 .text.cnn_start
                0x10001ae8       0x50 C:/MaximSDK/Examples/AiBirdFeeder/birdfeeder/build/cnn.o
                0x10001ae8                cnn_start
 .text.cnn_unload
                0x10001b38       0x14 C:/MaximSDK/Examples/AiBirdFeeder/birdfeeder/build/cnn.o
                0x10001b38                cnn_unload
 .text.cnn_enable
                0x10001b4c       0x3c C:/MaximSDK/Examples/AiBirdFeeder/birdfeeder/build/cnn.o
                0x10001b4c                cnn_enable
 .text.cnn_boost_enable
                0x10001b88       0x24 C:/MaximSDK/Examples/AiBirdFeeder/birdfeeder/build/cnn.o
                0x10001b88                cnn_boost_enable
 .text.softmax_q17p14_q15
                0x10001bac       0xa8 C:/MaximSDK/Examples/AiBirdFeeder/birdfeeder/build/softmax.o
                0x10001bac                softmax_q17p14_q15
 .text.mxc_assert
                0x10001c54       0x10 C:/MaximSDK/Examples/AiBirdFeeder/birdfeeder/build/board.o
                0x10001c54                mxc_assert
 .text.Board_Init
                0x10001c64       0x6c C:/MaximSDK/Examples/AiBirdFeeder/birdfeeder/build/board.o
                0x10001c64                Board_Init
 .text.NMI_Handler
                0x10001cd0        0x4 C:/MaximSDK/Examples/AiBirdFeeder/birdfeeder/build/board.o
                0x10001cd0                NMI_Handler
 .text.Camera_Power
                0x10001cd4       0x1c C:/MaximSDK/Examples/AiBirdFeeder/birdfeeder/build/board.o
                0x10001cd4                Camera_Power
 .text._close   0x10001cf0        0x8 C:/MaximSDK/Examples/AiBirdFeeder/birdfeeder/build/stdio.o
                0x10001cf0                _close
 .text._isatty  0x10001cf8        0x8 C:/MaximSDK/Examples/AiBirdFeeder/birdfeeder/build/stdio.o
                0x10001cf8                _isatty
 .text._lseek   0x10001d00        0x8 C:/MaximSDK/Examples/AiBirdFeeder/birdfeeder/build/stdio.o
                0x10001d00                _lseek
 .text._fstat   0x10001d08        0x8 C:/MaximSDK/Examples/AiBirdFeeder/birdfeeder/build/stdio.o
                0x10001d08                _fstat
 .text._read    0x10001d10       0x50 C:/MaximSDK/Examples/AiBirdFeeder/birdfeeder/build/stdio.o
                0x10001d10                _read
 .text._write   0x10001d60       0x54 C:/MaximSDK/Examples/AiBirdFeeder/birdfeeder/build/stdio.o
                0x10001d60                _write
 .text.LED_Init
                0x10001db4       0x40 C:/MaximSDK/Examples/AiBirdFeeder/birdfeeder/build/led.o
                0x10001db4                LED_Init
 .text.LED_On   0x10001df4       0x40 C:/MaximSDK/Examples/AiBirdFeeder/birdfeeder/build/led.o
                0x10001df4                LED_On
 .text.LED_Off  0x10001e34       0x40 C:/MaximSDK/Examples/AiBirdFeeder/birdfeeder/build/led.o
                0x10001e34                LED_Off
 .text.PB_Init  0x10001e74       0x38 C:/MaximSDK/Examples/AiBirdFeeder/birdfeeder/build/pb.o
                0x10001e74                PB_Init
 .text.GPIO0_IRQHandler
                0x10001eac        0x8 C:/MaximSDK/Examples/AiBirdFeeder/birdfeeder/build/pb.o
                0x10001eac                GPIO0_IRQHandler
 .text.GPIO1_IRQHandler
                0x10001eb4        0x8 C:/MaximSDK/Examples/AiBirdFeeder/birdfeeder/build/pb.o
                0x10001eb4                GPIO1_IRQHandler
 .text.GPIO2_IRQHandler
                0x10001ebc        0x8 C:/MaximSDK/Examples/AiBirdFeeder/birdfeeder/build/pb.o
                0x10001ebc                GPIO2_IRQHandler
 .text.camera_irq_handler
                0x10001ec4      0x13c C:/MaximSDK/Examples/AiBirdFeeder/birdfeeder/build/camera.o
                0x10001ec4                camera_irq_handler
 .text.stream_callback
                0x10002000       0xbc C:/MaximSDK/Examples/AiBirdFeeder/birdfeeder/build/camera.o
 .text.setup_dma
                0x100020bc       0x90 C:/MaximSDK/Examples/AiBirdFeeder/birdfeeder/build/camera.o
 .text.stream_irq_handler
                0x1000214c        0x4 C:/MaximSDK/Examples/AiBirdFeeder/birdfeeder/build/camera.o
                0x1000214c                stream_irq_handler
 .text.camera_init
                0x10002150      0x138 C:/MaximSDK/Examples/AiBirdFeeder/birdfeeder/build/camera.o
                0x10002150                camera_init
 .text.camera_setup
                0x10002288      0x1d8 C:/MaximSDK/Examples/AiBirdFeeder/birdfeeder/build/camera.o
                0x10002288                camera_setup
 .text.camera_write_reg
                0x10002460        0xc C:/MaximSDK/Examples/AiBirdFeeder/birdfeeder/build/camera.o
                0x10002460                camera_write_reg
 .text.camera_start_capture_image
                0x1000246c       0x3c C:/MaximSDK/Examples/AiBirdFeeder/birdfeeder/build/camera.o
                0x1000246c                camera_start_capture_image
 .text.camera_is_image_rcv
                0x100024a8       0x10 C:/MaximSDK/Examples/AiBirdFeeder/birdfeeder/build/camera.o
                0x100024a8                camera_is_image_rcv
 .text.camera_get_image
                0x100024b8       0x3c C:/MaximSDK/Examples/AiBirdFeeder/birdfeeder/build/camera.o
                0x100024b8                camera_get_image
 .text.get_camera_stream_buffer
                0x100024f4        0xc C:/MaximSDK/Examples/AiBirdFeeder/birdfeeder/build/camera.o
                0x100024f4                get_camera_stream_buffer
 .text.release_camera_stream_buffer
                0x10002500        0xc C:/MaximSDK/Examples/AiBirdFeeder/birdfeeder/build/camera.o
                0x10002500                release_camera_stream_buffer
 .text.get_camera_stream_statistic
                0x1000250c        0x8 C:/MaximSDK/Examples/AiBirdFeeder/birdfeeder/build/camera.o
                0x1000250c                get_camera_stream_statistic
 .text.init     0x10002514       0x10 C:/MaximSDK/Examples/AiBirdFeeder/birdfeeder/build/ov7692.o
 .text.get_slave_address
                0x10002524        0xc C:/MaximSDK/Examples/AiBirdFeeder/birdfeeder/build/ov7692.o
 .text.get_pixformat
                0x10002530       0x10 C:/MaximSDK/Examples/AiBirdFeeder/birdfeeder/build/ov7692.o
 .text.set_saturation
                0x10002540        0x4 C:/MaximSDK/Examples/AiBirdFeeder/birdfeeder/build/ov7692.o
 .text.get_luminance
                0x10002544       0x60 C:/MaximSDK/Examples/AiBirdFeeder/birdfeeder/build/ov7692.o
 .text.read_reg
                0x100025a4       0x20 C:/MaximSDK/Examples/AiBirdFeeder/birdfeeder/build/ov7692.o
 .text.get_manufacture_id
                0x100025c4       0x3c C:/MaximSDK/Examples/AiBirdFeeder/birdfeeder/build/ov7692.o
 .text.get_product_id
                0x10002600       0x3c C:/MaximSDK/Examples/AiBirdFeeder/birdfeeder/build/ov7692.o
 .text.set_negateimage
                0x1000263c       0x90 C:/MaximSDK/Examples/AiBirdFeeder/birdfeeder/build/ov7692.o
 .text.set_vflip
                0x100026cc       0x3c C:/MaximSDK/Examples/AiBirdFeeder/birdfeeder/build/ov7692.o
 .text.set_hmirror
                0x10002708       0x3c C:/MaximSDK/Examples/AiBirdFeeder/birdfeeder/build/ov7692.o
 .text.set_colorbar
                0x10002744       0x3c C:/MaximSDK/Examples/AiBirdFeeder/birdfeeder/build/ov7692.o
 .text.set_gainceiling
                0x10002780       0xa0 C:/MaximSDK/Examples/AiBirdFeeder/birdfeeder/build/ov7692.o
 .text.set_brightness
                0x10002820       0xa8 C:/MaximSDK/Examples/AiBirdFeeder/birdfeeder/build/ov7692.o
 .text.set_contrast
                0x100028c8       0xa0 C:/MaximSDK/Examples/AiBirdFeeder/birdfeeder/build/ov7692.o
 .text.set_windowing
                0x10002968      0x120 C:/MaximSDK/Examples/AiBirdFeeder/birdfeeder/build/ov7692.o
 .text.set_framesize
                0x10002a88       0xc0 C:/MaximSDK/Examples/AiBirdFeeder/birdfeeder/build/ov7692.o
 .text.set_pixformat
                0x10002b48       0x54 C:/MaximSDK/Examples/AiBirdFeeder/birdfeeder/build/ov7692.o
 .text.write_reg
                0x10002b9c       0x18 C:/MaximSDK/Examples/AiBirdFeeder/birdfeeder/build/ov7692.o
 .text.sleep    0x10002bb4       0x3c C:/MaximSDK/Examples/AiBirdFeeder/birdfeeder/build/ov7692.o
 .text.reset    0x10002bf0       0x64 C:/MaximSDK/Examples/AiBirdFeeder/birdfeeder/build/ov7692.o
 .text.dump_registers
                0x10002c54       0xa4 C:/MaximSDK/Examples/AiBirdFeeder/birdfeeder/build/ov7692.o
 .text.sensor_register
                0x10002cf8       0xbc C:/MaximSDK/Examples/AiBirdFeeder/birdfeeder/build/ov7692.o
                0x10002cf8                sensor_register
 .text.send_byte
                0x10002db4       0x68 C:/MaximSDK/Examples/AiBirdFeeder/birdfeeder/build/sccb.o
 .text.get_byte
                0x10002e1c       0x50 C:/MaximSDK/Examples/AiBirdFeeder/birdfeeder/build/sccb.o
 .text.sccb_init
                0x10002e6c       0x2c C:/MaximSDK/Examples/AiBirdFeeder/birdfeeder/build/sccb.o
                0x10002e6c                sccb_init
 .text.sccb_read_byt
                0x10002e98      0x11c C:/MaximSDK/Examples/AiBirdFeeder/birdfeeder/build/sccb.o
                0x10002e98                sccb_read_byt
 .text.sccb_write_byt
                0x10002fb4       0xa4 C:/MaximSDK/Examples/AiBirdFeeder/birdfeeder/build/sccb.o
                0x10002fb4                sccb_write_byt
 .text.reg_read
                0x10003058       0x78 C:/MaximSDK/Examples/AiBirdFeeder/birdfeeder/build/max20303.o
 .text.reg_write
                0x100030d0       0x60 C:/MaximSDK/Examples/AiBirdFeeder/birdfeeder/build/max20303.o
 .text.reg_write_buf.constprop.0
                0x10003130       0x70 C:/MaximSDK/Examples/AiBirdFeeder/birdfeeder/build/max20303.o
 .text.max20303_camera_power
                0x100031a0       0x68 C:/MaximSDK/Examples/AiBirdFeeder/birdfeeder/build/max20303.o
                0x100031a0                max20303_camera_power
 .text.max20303_init
                0x10003208       0x68 C:/MaximSDK/Examples/AiBirdFeeder/birdfeeder/build/max20303.o
                0x10003208                max20303_init
 .text          0x10003270      0x148 C:/MaximSDK/Examples/AiBirdFeeder/birdfeeder/build/startup_max78000.o
                0x10003270                Reset_Handler
                0x100032ae                HardFault_Handler
                0x100032b0                MemManage_Handler
                0x100032b2                BusFault_Handler
                0x100032b4                UsageFault_Handler
                0x100032b6                SVC_Handler
                0x100032b8                DebugMon_Handler
                0x100032ba                PendSV_Handler
                0x100032bc                SysTick_Handler
                0x100032be                Default_Handler
                0x100032c0                PF_IRQHandler
                0x100032c2                WDT0_IRQHandler
                0x100032c4                RSV02_IRQHandler
                0x100032c6                RTC_IRQHandler
                0x100032c8                TRNG_IRQHandler
                0x100032ca                TMR0_IRQHandler
                0x100032cc                TMR1_IRQHandler
                0x100032ce                TMR2_IRQHandler
                0x100032d0                TMR3_IRQHandler
                0x100032d2                TMR4_IRQHandler
                0x100032d4                TMR5_IRQHandler
                0x100032d6                RSV11_IRQHandler
                0x100032d8                RSV12_IRQHandler
                0x100032da                I2C0_IRQHandler
                0x100032dc                UART0_IRQHandler
                0x100032de                UART1_IRQHandler
                0x100032e0                SPI1_IRQHandler
                0x100032e2                RSV17_IRQHandler
                0x100032e4                RSV18_IRQHandler
                0x100032e6                RSV19_IRQHandler
                0x100032e8                ADC_IRQHandler
                0x100032ea                RSV21_IRQHandler
                0x100032ec                RSV22_IRQHandler
                0x100032ee                FLC0_IRQHandler
                0x100032f6                RSV27_IRQHandler
                0x100032f8                DMA0_IRQHandler
                0x100032fa                DMA1_IRQHandler
                0x100032fc                DMA2_IRQHandler
                0x100032fe                DMA3_IRQHandler
                0x10003300                RSV32_IRQHandler
                0x10003302                RSV33_IRQHandler
                0x10003304                UART2_IRQHandler
                0x10003306                RSV35_IRQHandler
                0x10003308                I2C1_IRQHandler
                0x1000330a                RSV37_IRQHandler
                0x1000330c                RSV38_IRQHandler
                0x1000330e                RSV39_IRQHandler
                0x10003310                RSV40_IRQHandler
                0x10003312                RSV41_IRQHandler
                0x10003314                RSV42_IRQHandler
                0x10003316                RSV43_IRQHandler
                0x10003318                RSV44_IRQHandler
                0x1000331a                RSV45_IRQHandler
                0x1000331c                RSV46_IRQHandler
                0x1000331e                RSV47_IRQHandler
                0x10003320                RSV48_IRQHandler
                0x10003322                RSV49_IRQHandler
                0x10003324                RSV50_IRQHandler
                0x10003326                RSV51_IRQHandler
                0x10003328                RSV52_IRQHandler
                0x1000332a                WUT_IRQHandler
                0x1000332c                GPIOWAKE_IRQHandler
                0x1000332e                RSV55_IRQHandler
                0x10003330                SPI0_IRQHandler
                0x10003332                WDT1_IRQHandler
                0x10003334                RSV58_IRQHandler
                0x10003336                PT_IRQHandler
                0x10003338                RSV60_IRQHandler
                0x1000333a                RSV61_IRQHandler
                0x1000333c                I2C2_IRQHandler
                0x1000333e                RISCV_IRQHandler
                0x10003340                RSV64_IRQHandler
                0x10003342                RSV65_IRQHandler
                0x10003344                RSV66_IRQHandler
                0x10003346                OWM_IRQHandler
                0x10003348                RSV68_IRQHandler
                0x1000334a                RSV69_IRQHandler
                0x1000334c                RSV70_IRQHandler
                0x1000334e                RSV71_IRQHandler
                0x10003350                RSV72_IRQHandler
                0x10003352                RSV73_IRQHandler
                0x10003354                RSV74_IRQHandler
                0x10003356                RSV75_IRQHandler
                0x10003358                RSV76_IRQHandler
                0x1000335a                RSV77_IRQHandler
                0x1000335c                RSV78_IRQHandler
                0x1000335e                RSV79_IRQHandler
                0x10003360                RSV80_IRQHandler
                0x10003362                RSV81_IRQHandler
                0x10003364                ECC_IRQHandler
                0x10003366                DVS_IRQHandler
                0x10003368                SIMO_IRQHandler
                0x1000336a                RSV85_IRQHandler
                0x1000336c                RSV86_IRQHandler
                0x1000336e                RSV87_IRQHandler
                0x10003370                UART3_IRQHandler
                0x10003372                RSV89_IRQHandler
                0x10003374                RSV90_IRQHandler
                0x10003376                PCIF_IRQHandler
                0x10003378                RSV92_IRQHandler
                0x1000337a                RSV93_IRQHandler
                0x1000337c                RSV94_IRQHandler
                0x1000337e                RSV95_IRQHandler
                0x10003380                RSV96_IRQHandler
                0x10003382                AES_IRQHandler
                0x10003384                RSV98_IRQHandler
                0x10003386                I2S_IRQHandler
                0x10003388                CNN_FIFO_IRQHandler
                0x1000338a                CNN_IRQHandler
                0x1000338c                RSV102_IRQHandler
                0x1000338e                LPCMP_IRQHandler
 .text._sbrk    0x100033b8       0x3c C:/MaximSDK/Examples/AiBirdFeeder/birdfeeder/build/heap.o
                0x100033b8                _sbrk
 .text.SystemCoreClockUpdate
                0x100033f4       0x68 C:/MaximSDK/Examples/AiBirdFeeder/birdfeeder/build/system_max78000.o
                0x100033f4                SystemCoreClockUpdate
 .text.PreInit  0x1000345c        0x4 C:/MaximSDK/Examples/AiBirdFeeder/birdfeeder/build/system_max78000.o
                0x1000345c                PreInit
 .text.SystemInit
                0x10003460       0x38 C:/MaximSDK/Examples/AiBirdFeeder/birdfeeder/build/system_max78000.o
                0x10003460                SystemInit
 .text.MXC_DelayInit
                0x10003498       0x7c C:/MaximSDK/Libraries/PeriphDrivers/bin/MAX78000/softfp/libPeriphDriver_softfp.a(mxc_delay.o)
 .text.MXC_DelayAsync
                0x10003514       0x3c C:/MaximSDK/Libraries/PeriphDrivers/bin/MAX78000/softfp/libPeriphDriver_softfp.a(mxc_delay.o)
                0x10003514                MXC_DelayAsync
 .text.MXC_DelayAbort
                0x10003550       0x34 C:/MaximSDK/Libraries/PeriphDrivers/bin/MAX78000/softfp/libPeriphDriver_softfp.a(mxc_delay.o)
                0x10003550                MXC_DelayAbort
 .text.MXC_DelayCheck
                0x10003584       0x58 C:/MaximSDK/Libraries/PeriphDrivers/bin/MAX78000/softfp/libPeriphDriver_softfp.a(mxc_delay.o)
                0x10003584                MXC_DelayCheck
 .text.MXC_Delay
                0x100035dc       0x50 C:/MaximSDK/Libraries/PeriphDrivers/bin/MAX78000/softfp/libPeriphDriver_softfp.a(mxc_delay.o)
                0x100035dc                MXC_Delay
 .text.MXC_SYS_IsClockEnabled
                0x1000362c       0x34 C:/MaximSDK/Libraries/PeriphDrivers/bin/MAX78000/softfp/libPeriphDriver_softfp.a(sys_ai85.o)
                0x1000362c                MXC_SYS_IsClockEnabled
 .text.MXC_SYS_ClockDisable
                0x10003660       0x44 C:/MaximSDK/Libraries/PeriphDrivers/bin/MAX78000/softfp/libPeriphDriver_softfp.a(sys_ai85.o)
                0x10003660                MXC_SYS_ClockDisable
 .text.MXC_SYS_ClockEnable
                0x100036a4       0x4c C:/MaximSDK/Libraries/PeriphDrivers/bin/MAX78000/softfp/libPeriphDriver_softfp.a(sys_ai85.o)
                0x100036a4                MXC_SYS_ClockEnable
 .text.MXC_SYS_Clock_Timeout
                0x100036f0       0x2e C:/MaximSDK/Libraries/PeriphDrivers/bin/MAX78000/softfp/libPeriphDriver_softfp.a(sys_ai85.o)
                0x100036f0                MXC_SYS_Clock_Timeout
 .text.MXC_SYS_ClockSourceEnable
                0x1000371e       0x6c C:/MaximSDK/Libraries/PeriphDrivers/bin/MAX78000/softfp/libPeriphDriver_softfp.a(sys_ai85.o)
                0x1000371e                MXC_SYS_ClockSourceEnable
 .text.MXC_SYS_Clock_Select
                0x1000378a      0x106 C:/MaximSDK/Libraries/PeriphDrivers/bin/MAX78000/softfp/libPeriphDriver_softfp.a(sys_ai85.o)
                0x1000378a                MXC_SYS_Clock_Select
 .text.MXC_SYS_Reset_Periph
                0x10003890       0x4c C:/MaximSDK/Libraries/PeriphDrivers/bin/MAX78000/softfp/libPeriphDriver_softfp.a(sys_ai85.o)
                0x10003890                MXC_SYS_Reset_Periph
 .text.NVIC_SetRAM
                0x100038dc       0x24 C:/MaximSDK/Libraries/PeriphDrivers/bin/MAX78000/softfp/libPeriphDriver_softfp.a(nvic_table.o)
                0x100038dc                NVIC_SetRAM
 .text.NVIC_SetVector
                0x10003900       0x3c C:/MaximSDK/Libraries/PeriphDrivers/bin/MAX78000/softfp/libPeriphDriver_softfp.a(nvic_table.o)
                0x10003900                NVIC_SetVector
 .text.MXC_PCIF_Init
                0x1000393c       0x68 C:/MaximSDK/Libraries/PeriphDrivers/bin/MAX78000/softfp/libPeriphDriver_softfp.a(cameraif_ai85.o)
                0x1000393c                MXC_PCIF_Init
 .text.MXC_PCIF_SetDataWidth
                0x100039a4        0xc C:/MaximSDK/Libraries/PeriphDrivers/bin/MAX78000/softfp/libPeriphDriver_softfp.a(cameraif_ai85.o)
                0x100039a4                MXC_PCIF_SetDataWidth
 .text.MXC_PCIF_SetTimingSel
                0x100039b0        0xc C:/MaximSDK/Libraries/PeriphDrivers/bin/MAX78000/softfp/libPeriphDriver_softfp.a(cameraif_ai85.o)
                0x100039b0                MXC_PCIF_SetTimingSel
 .text.MXC_PCIF_SetThreshold
                0x100039bc        0xc C:/MaximSDK/Libraries/PeriphDrivers/bin/MAX78000/softfp/libPeriphDriver_softfp.a(cameraif_ai85.o)
                0x100039bc                MXC_PCIF_SetThreshold
 .text.MXC_PCIF_EnableInt
                0x100039c8        0xc C:/MaximSDK/Libraries/PeriphDrivers/bin/MAX78000/softfp/libPeriphDriver_softfp.a(cameraif_ai85.o)
                0x100039c8                MXC_PCIF_EnableInt
 .text.MXC_PCIF_DisableInt
                0x100039d4        0xc C:/MaximSDK/Libraries/PeriphDrivers/bin/MAX78000/softfp/libPeriphDriver_softfp.a(cameraif_ai85.o)
                0x100039d4                MXC_PCIF_DisableInt
 .text.MXC_PCIF_Start
                0x100039e0        0xc C:/MaximSDK/Libraries/PeriphDrivers/bin/MAX78000/softfp/libPeriphDriver_softfp.a(cameraif_ai85.o)
                0x100039e0                MXC_PCIF_Start
 .text.MXC_PCIF_RevA_SetDatawidth
                0x100039ec       0x12 C:/MaximSDK/Libraries/PeriphDrivers/bin/MAX78000/softfp/libPeriphDriver_softfp.a(cameraif_reva.o)
                0x100039ec                MXC_PCIF_RevA_SetDatawidth
 .text.MXC_PCIF_RevA_SetTimingSel
                0x100039fe       0x12 C:/MaximSDK/Libraries/PeriphDrivers/bin/MAX78000/softfp/libPeriphDriver_softfp.a(cameraif_reva.o)
                0x100039fe                MXC_PCIF_RevA_SetTimingSel
 .text.MXC_PCIF_RevA_SetThreshold
                0x10003a10       0x16 C:/MaximSDK/Libraries/PeriphDrivers/bin/MAX78000/softfp/libPeriphDriver_softfp.a(cameraif_reva.o)
                0x10003a10                MXC_PCIF_RevA_SetThreshold
 .text.MXC_PCIF_RevA_EnableInt
                0x10003a26        0xc C:/MaximSDK/Libraries/PeriphDrivers/bin/MAX78000/softfp/libPeriphDriver_softfp.a(cameraif_reva.o)
                0x10003a26                MXC_PCIF_RevA_EnableInt
 .text.MXC_PCIF_RevA_DisableInt
                0x10003a32        0xe C:/MaximSDK/Libraries/PeriphDrivers/bin/MAX78000/softfp/libPeriphDriver_softfp.a(cameraif_reva.o)
                0x10003a32                MXC_PCIF_RevA_DisableInt
 .text.MXC_PCIF_RevA_Start
                0x10003a40       0x14 C:/MaximSDK/Libraries/PeriphDrivers/bin/MAX78000/softfp/libPeriphDriver_softfp.a(cameraif_reva.o)
                0x10003a40                MXC_PCIF_RevA_Start
 .text.MXC_DMA_Init
                0x10003a54       0x28 C:/MaximSDK/Libraries/PeriphDrivers/bin/MAX78000/softfp/libPeriphDriver_softfp.a(dma_me17.o)
                0x10003a54                MXC_DMA_Init
 .text.MXC_DMA_AcquireChannel
                0x10003a7c        0xc C:/MaximSDK/Libraries/PeriphDrivers/bin/MAX78000/softfp/libPeriphDriver_softfp.a(dma_me17.o)
                0x10003a7c                MXC_DMA_AcquireChannel
 .text.MXC_DMA_SetCallback
                0x10003a88        0x4 C:/MaximSDK/Libraries/PeriphDrivers/bin/MAX78000/softfp/libPeriphDriver_softfp.a(dma_me17.o)
                0x10003a88                MXC_DMA_SetCallback
 .text.MXC_DMA_ChannelClearFlags
                0x10003a8c        0x4 C:/MaximSDK/Libraries/PeriphDrivers/bin/MAX78000/softfp/libPeriphDriver_softfp.a(dma_me17.o)
                0x10003a8c                MXC_DMA_ChannelClearFlags
 .text.MXC_DMA_Handler
                0x10003a90        0xc C:/MaximSDK/Libraries/PeriphDrivers/bin/MAX78000/softfp/libPeriphDriver_softfp.a(dma_me17.o)
                0x10003a90                MXC_DMA_Handler
 .text.MXC_DMA_RevA_Init
                0x10003a9c       0x8c C:/MaximSDK/Libraries/PeriphDrivers/bin/MAX78000/softfp/libPeriphDriver_softfp.a(dma_reva.o)
                0x10003a9c                MXC_DMA_RevA_Init
 .text.MXC_DMA_RevA_AcquireChannel
                0x10003b28       0x6c C:/MaximSDK/Libraries/PeriphDrivers/bin/MAX78000/softfp/libPeriphDriver_softfp.a(dma_reva.o)
                0x10003b28                MXC_DMA_RevA_AcquireChannel
 .text.MXC_DMA_RevA_SetCallback
                0x10003b94       0x20 C:/MaximSDK/Libraries/PeriphDrivers/bin/MAX78000/softfp/libPeriphDriver_softfp.a(dma_reva.o)
                0x10003b94                MXC_DMA_RevA_SetCallback
 .text.MXC_DMA_RevA_ChannelGetFlags
                0x10003bb4       0x20 C:/MaximSDK/Libraries/PeriphDrivers/bin/MAX78000/softfp/libPeriphDriver_softfp.a(dma_reva.o)
                0x10003bb4                MXC_DMA_RevA_ChannelGetFlags
 .text.MXC_DMA_RevA_ChannelClearFlags
                0x10003bd4       0x2c C:/MaximSDK/Libraries/PeriphDrivers/bin/MAX78000/softfp/libPeriphDriver_softfp.a(dma_reva.o)
                0x10003bd4                MXC_DMA_RevA_ChannelClearFlags
 .text.MXC_DMA_RevA_Handler
                0x10003c00       0x64 C:/MaximSDK/Libraries/PeriphDrivers/bin/MAX78000/softfp/libPeriphDriver_softfp.a(dma_reva.o)
                0x10003c00                MXC_DMA_RevA_Handler
 .text.MXC_GPIO_Init
                0x10003c64       0x22 C:/MaximSDK/Libraries/PeriphDrivers/bin/MAX78000/softfp/libPeriphDriver_softfp.a(gpio_ai85.o)
                0x10003c64                MXC_GPIO_Init
 *fill*         0x10003c86        0x2 
 .text.MXC_GPIO_Config
                0x10003c88      0x1e4 C:/MaximSDK/Libraries/PeriphDrivers/bin/MAX78000/softfp/libPeriphDriver_softfp.a(gpio_ai85.o)
                0x10003c88                MXC_GPIO_Config
 .text.MXC_GPIO_OutSet
                0x10003e6c       0x34 C:/MaximSDK/Libraries/PeriphDrivers/bin/MAX78000/softfp/libPeriphDriver_softfp.a(gpio_ai85.o)
                0x10003e6c                MXC_GPIO_OutSet
 .text.MXC_GPIO_OutClr
                0x10003ea0       0x34 C:/MaximSDK/Libraries/PeriphDrivers/bin/MAX78000/softfp/libPeriphDriver_softfp.a(gpio_ai85.o)
                0x10003ea0                MXC_GPIO_OutClr
 .text.MXC_GPIO_Handler
                0x10003ed4        0x4 C:/MaximSDK/Libraries/PeriphDrivers/bin/MAX78000/softfp/libPeriphDriver_softfp.a(gpio_ai85.o)
                0x10003ed4                MXC_GPIO_Handler
 .text.MXC_GPIO_ClearFlags
                0x10003ed8        0x4 C:/MaximSDK/Libraries/PeriphDrivers/bin/MAX78000/softfp/libPeriphDriver_softfp.a(gpio_ai85.o)
                0x10003ed8                MXC_GPIO_ClearFlags
 .text.MXC_GPIO_GetFlags
                0x10003edc        0x4 C:/MaximSDK/Libraries/PeriphDrivers/bin/MAX78000/softfp/libPeriphDriver_softfp.a(gpio_ai85.o)
                0x10003edc                MXC_GPIO_GetFlags
 .text.MXC_GPIO_SetVSSEL
                0x10003ee0        0x4 C:/MaximSDK/Libraries/PeriphDrivers/bin/MAX78000/softfp/libPeriphDriver_softfp.a(gpio_ai85.o)
                0x10003ee0                MXC_GPIO_SetVSSEL
 .text.MXC_GPIO_RevA_OutSet
                0x10003ee4        0x4 C:/MaximSDK/Libraries/PeriphDrivers/bin/MAX78000/softfp/libPeriphDriver_softfp.a(gpio_reva.o)
                0x10003ee4                MXC_GPIO_RevA_OutSet
 .text.MXC_GPIO_RevA_OutClr
                0x10003ee8        0x4 C:/MaximSDK/Libraries/PeriphDrivers/bin/MAX78000/softfp/libPeriphDriver_softfp.a(gpio_reva.o)
                0x10003ee8                MXC_GPIO_RevA_OutClr
 .text.MXC_GPIO_RevA_ClearFlags
                0x10003eec        0x4 C:/MaximSDK/Libraries/PeriphDrivers/bin/MAX78000/softfp/libPeriphDriver_softfp.a(gpio_reva.o)
                0x10003eec                MXC_GPIO_RevA_ClearFlags
 .text.MXC_GPIO_RevA_GetFlags
                0x10003ef0        0x4 C:/MaximSDK/Libraries/PeriphDrivers/bin/MAX78000/softfp/libPeriphDriver_softfp.a(gpio_reva.o)
                0x10003ef0                MXC_GPIO_RevA_GetFlags
 .text.MXC_GPIO_RevA_SetVSSEL
                0x10003ef4       0x24 C:/MaximSDK/Libraries/PeriphDrivers/bin/MAX78000/softfp/libPeriphDriver_softfp.a(gpio_reva.o)
                0x10003ef4                MXC_GPIO_RevA_SetVSSEL
 .text.MXC_GPIO_RevA_SetAF
                0x10003f18       0x40 C:/MaximSDK/Libraries/PeriphDrivers/bin/MAX78000/softfp/libPeriphDriver_softfp.a(gpio_reva.o)
                0x10003f18                MXC_GPIO_RevA_SetAF
 .text.MXC_I2C_SetSlaveAddr
                0x10003f58        0x4 C:/MaximSDK/Libraries/PeriphDrivers/bin/MAX78000/softfp/libPeriphDriver_softfp.a(i2c_me17.o)
                0x10003f58                MXC_I2C_SetSlaveAddr
 .text.MXC_I2C_Shutdown
                0x10003f5c       0x4c C:/MaximSDK/Libraries/PeriphDrivers/bin/MAX78000/softfp/libPeriphDriver_softfp.a(i2c_me17.o)
                0x10003f5c                MXC_I2C_Shutdown
 .text.MXC_I2C_Init
                0x10003fa8       0x74 C:/MaximSDK/Libraries/PeriphDrivers/bin/MAX78000/softfp/libPeriphDriver_softfp.a(i2c_me17.o)
                0x10003fa8                MXC_I2C_Init
 .text.MXC_I2C_SetFrequency
                0x1000401c       0x14 C:/MaximSDK/Libraries/PeriphDrivers/bin/MAX78000/softfp/libPeriphDriver_softfp.a(i2c_me17.o)
                0x1000401c                MXC_I2C_SetFrequency
 .text.MXC_I2C_GetFrequency
                0x10004030        0x4 C:/MaximSDK/Libraries/PeriphDrivers/bin/MAX78000/softfp/libPeriphDriver_softfp.a(i2c_me17.o)
                0x10004030                MXC_I2C_GetFrequency
 .text.MXC_I2C_ClearRXFIFO
                0x10004034        0x4 C:/MaximSDK/Libraries/PeriphDrivers/bin/MAX78000/softfp/libPeriphDriver_softfp.a(i2c_me17.o)
                0x10004034                MXC_I2C_ClearRXFIFO
 .text.MXC_I2C_ClearTXFIFO
                0x10004038        0x4 C:/MaximSDK/Libraries/PeriphDrivers/bin/MAX78000/softfp/libPeriphDriver_softfp.a(i2c_me17.o)
                0x10004038                MXC_I2C_ClearTXFIFO
 .text.MXC_I2C_Recover
                0x1000403c        0x4 C:/MaximSDK/Libraries/PeriphDrivers/bin/MAX78000/softfp/libPeriphDriver_softfp.a(i2c_me17.o)
                0x1000403c                MXC_I2C_Recover
 .text.MXC_I2C_SetRXThreshold
                0x10004040        0x4 C:/MaximSDK/Libraries/PeriphDrivers/bin/MAX78000/softfp/libPeriphDriver_softfp.a(i2c_me17.o)
                0x10004040                MXC_I2C_SetRXThreshold
 .text.MXC_I2C_SetTXThreshold
                0x10004044        0x4 C:/MaximSDK/Libraries/PeriphDrivers/bin/MAX78000/softfp/libPeriphDriver_softfp.a(i2c_me17.o)
                0x10004044                MXC_I2C_SetTXThreshold
 .text.MXC_I2C_RevA_Init
                0x10004048       0xc0 C:/MaximSDK/Libraries/PeriphDrivers/bin/MAX78000/softfp/libPeriphDriver_softfp.a(i2c_reva.o)
                0x10004048                MXC_I2C_RevA_Init
 .text.MXC_I2C_RevA_SetSlaveAddr
                0x10004108       0x34 C:/MaximSDK/Libraries/PeriphDrivers/bin/MAX78000/softfp/libPeriphDriver_softfp.a(i2c_reva.o)
                0x10004108                MXC_I2C_RevA_SetSlaveAddr
 .text.MXC_I2C_RevA_SetFrequency
                0x1000413c       0x6c C:/MaximSDK/Libraries/PeriphDrivers/bin/MAX78000/softfp/libPeriphDriver_softfp.a(i2c_reva.o)
                0x1000413c                MXC_I2C_RevA_SetFrequency
 .text.MXC_I2C_RevA_GetFrequency
                0x100041a8       0x20 C:/MaximSDK/Libraries/PeriphDrivers/bin/MAX78000/softfp/libPeriphDriver_softfp.a(i2c_reva.o)
                0x100041a8                MXC_I2C_RevA_GetFrequency
 .text.MXC_I2C_RevA_ClearRXFIFO
                0x100041c8       0x10 C:/MaximSDK/Libraries/PeriphDrivers/bin/MAX78000/softfp/libPeriphDriver_softfp.a(i2c_reva.o)
                0x100041c8                MXC_I2C_RevA_ClearRXFIFO
 .text.MXC_I2C_RevA_ClearTXFIFO
                0x100041d8       0x10 C:/MaximSDK/Libraries/PeriphDrivers/bin/MAX78000/softfp/libPeriphDriver_softfp.a(i2c_reva.o)
                0x100041d8                MXC_I2C_RevA_ClearTXFIFO
 .text.MXC_I2C_RevA_Recover
                0x100041e8       0xc6 C:/MaximSDK/Libraries/PeriphDrivers/bin/MAX78000/softfp/libPeriphDriver_softfp.a(i2c_reva.o)
                0x100041e8                MXC_I2C_RevA_Recover
 .text.MXC_I2C_RevA_SetRXThreshold
                0x100042ae       0x1e C:/MaximSDK/Libraries/PeriphDrivers/bin/MAX78000/softfp/libPeriphDriver_softfp.a(i2c_reva.o)
                0x100042ae                MXC_I2C_RevA_SetRXThreshold
 .text.MXC_I2C_RevA_SetTXThreshold
                0x100042cc       0x20 C:/MaximSDK/Libraries/PeriphDrivers/bin/MAX78000/softfp/libPeriphDriver_softfp.a(i2c_reva.o)
                0x100042cc                MXC_I2C_RevA_SetTXThreshold
 .text.MXC_ICC_Enable
                0x100042ec        0x4 C:/MaximSDK/Libraries/PeriphDrivers/bin/MAX78000/softfp/libPeriphDriver_softfp.a(icc_me17.o)
                0x100042ec                MXC_ICC_Enable
 .text.MXC_ICC_RevA_Enable
                0x100042f0       0x30 C:/MaximSDK/Libraries/PeriphDrivers/bin/MAX78000/softfp/libPeriphDriver_softfp.a(icc_reva.o)
                0x100042f0                MXC_ICC_RevA_Enable
 .text.MXC_PT_Init
                0x10004320       0x90 C:/MaximSDK/Libraries/PeriphDrivers/bin/MAX78000/softfp/libPeriphDriver_softfp.a(pt_me17.o)
                0x10004320                MXC_PT_Init
 .text.MXC_PT_Config
                0x100043b0       0x4c C:/MaximSDK/Libraries/PeriphDrivers/bin/MAX78000/softfp/libPeriphDriver_softfp.a(pt_me17.o)
                0x100043b0                MXC_PT_Config
 .text.MXC_PT_SqrWaveConfig
                0x100043fc       0x20 C:/MaximSDK/Libraries/PeriphDrivers/bin/MAX78000/softfp/libPeriphDriver_softfp.a(pt_me17.o)
                0x100043fc                MXC_PT_SqrWaveConfig
 .text.MXC_PT_Start
                0x1000441c        0xc C:/MaximSDK/Libraries/PeriphDrivers/bin/MAX78000/softfp/libPeriphDriver_softfp.a(pt_me17.o)
                0x1000441c                MXC_PT_Start
 .text.MXC_PT_IsActive
                0x10004428        0xc C:/MaximSDK/Libraries/PeriphDrivers/bin/MAX78000/softfp/libPeriphDriver_softfp.a(pt_me17.o)
                0x10004428                MXC_PT_IsActive
 .text.MXC_PT_RevA_Init
                0x10004434        0xa C:/MaximSDK/Libraries/PeriphDrivers/bin/MAX78000/softfp/libPeriphDriver_softfp.a(pt_reva.o)
                0x10004434                MXC_PT_RevA_Init
 *fill*         0x1000443e        0x2 
 .text.MXC_PT_RevA_Config
                0x10004440       0xbc C:/MaximSDK/Libraries/PeriphDrivers/bin/MAX78000/softfp/libPeriphDriver_softfp.a(pt_reva.o)
                0x10004440                MXC_PT_RevA_Config
 .text.MXC_PT_RevA_SqrWaveConfig
                0x100044fc       0x14 C:/MaximSDK/Libraries/PeriphDrivers/bin/MAX78000/softfp/libPeriphDriver_softfp.a(pt_reva.o)
                0x100044fc                MXC_PT_RevA_SqrWaveConfig
 .text.MXC_PT_RevA_Start
                0x10004510       0x10 C:/MaximSDK/Libraries/PeriphDrivers/bin/MAX78000/softfp/libPeriphDriver_softfp.a(pt_reva.o)
                0x10004510                MXC_PT_RevA_Start
 .text.MXC_PT_RevA_IsActive
                0x10004520        0xc C:/MaximSDK/Libraries/PeriphDrivers/bin/MAX78000/softfp/libPeriphDriver_softfp.a(pt_reva.o)
                0x10004520                MXC_PT_RevA_IsActive
 .text.MXC_TMR_Init
                0x1000452c      0x1d0 C:/MaximSDK/Libraries/PeriphDrivers/bin/MAX78000/softfp/libPeriphDriver_softfp.a(tmr_ai85.o)
                0x1000452c                MXC_TMR_Init
 .text.MXC_TMR_Shutdown
                0x100046fc       0xac C:/MaximSDK/Libraries/PeriphDrivers/bin/MAX78000/softfp/libPeriphDriver_softfp.a(tmr_ai85.o)
                0x100046fc                MXC_TMR_Shutdown
 .text.MXC_TMR_Start
                0x100047a8        0x4 C:/MaximSDK/Libraries/PeriphDrivers/bin/MAX78000/softfp/libPeriphDriver_softfp.a(tmr_ai85.o)
                0x100047a8                MXC_TMR_Start
 .text.MXC_TMR_Stop
                0x100047ac        0x4 C:/MaximSDK/Libraries/PeriphDrivers/bin/MAX78000/softfp/libPeriphDriver_softfp.a(tmr_ai85.o)
                0x100047ac                MXC_TMR_Stop
 .text.MXC_TMR_SetPWM
                0x100047b0        0x4 C:/MaximSDK/Libraries/PeriphDrivers/bin/MAX78000/softfp/libPeriphDriver_softfp.a(tmr_ai85.o)
                0x100047b0                MXC_TMR_SetPWM
 .text.MXC_TMR_GetPeriod
                0x100047b4       0xd0 C:/MaximSDK/Libraries/PeriphDrivers/bin/MAX78000/softfp/libPeriphDriver_softfp.a(tmr_ai85.o)
                0x100047b4                MXC_TMR_GetPeriod
 .text.MXC_TMR_ClearFlags
                0x10004884        0x4 C:/MaximSDK/Libraries/PeriphDrivers/bin/MAX78000/softfp/libPeriphDriver_softfp.a(tmr_ai85.o)
                0x10004884                MXC_TMR_ClearFlags
 .text.MXC_TMR_SetCount
                0x10004888        0x4 C:/MaximSDK/Libraries/PeriphDrivers/bin/MAX78000/softfp/libPeriphDriver_softfp.a(tmr_ai85.o)
                0x10004888                MXC_TMR_SetCount
 .text.MXC_TMR_TO_Start
                0x1000488c        0x4 C:/MaximSDK/Libraries/PeriphDrivers/bin/MAX78000/softfp/libPeriphDriver_softfp.a(tmr_ai85.o)
                0x1000488c                MXC_TMR_TO_Start
 .text.MXC_TMR_TO_Stop
                0x10004890        0x4 C:/MaximSDK/Libraries/PeriphDrivers/bin/MAX78000/softfp/libPeriphDriver_softfp.a(tmr_ai85.o)
                0x10004890                MXC_TMR_TO_Stop
 .text.MXC_TMR_TO_Elapsed
                0x10004894        0x4 C:/MaximSDK/Libraries/PeriphDrivers/bin/MAX78000/softfp/libPeriphDriver_softfp.a(tmr_ai85.o)
                0x10004894                MXC_TMR_TO_Elapsed
 .text.MXC_TMR_SW_Start
                0x10004898        0x4 C:/MaximSDK/Libraries/PeriphDrivers/bin/MAX78000/softfp/libPeriphDriver_softfp.a(tmr_ai85.o)
                0x10004898                MXC_TMR_SW_Start
 .text.MXC_TMR_SW_Stop
                0x1000489c        0x4 C:/MaximSDK/Libraries/PeriphDrivers/bin/MAX78000/softfp/libPeriphDriver_softfp.a(tmr_ai85.o)
                0x1000489c                MXC_TMR_SW_Stop
 .text.MXC_TMR_GetTime
                0x100048a0        0x4 C:/MaximSDK/Libraries/PeriphDrivers/bin/MAX78000/softfp/libPeriphDriver_softfp.a(tmr_ai85.o)
                0x100048a0                MXC_TMR_GetTime
 .text.MXC_TMR_RevB_ConfigGeneric
                0x100048a4       0xcc C:/MaximSDK/Libraries/PeriphDrivers/bin/MAX78000/softfp/libPeriphDriver_softfp.a(tmr_revb.o)
                0x100048a4                MXC_TMR_RevB_ConfigGeneric
 .text.MXC_TMR_RevB_Init
                0x10004970       0xc0 C:/MaximSDK/Libraries/PeriphDrivers/bin/MAX78000/softfp/libPeriphDriver_softfp.a(tmr_revb.o)
                0x10004970                MXC_TMR_RevB_Init
 .text.MXC_TMR_RevB_Shutdown
                0x10004a30       0x58 C:/MaximSDK/Libraries/PeriphDrivers/bin/MAX78000/softfp/libPeriphDriver_softfp.a(tmr_revb.o)
                0x10004a30                MXC_TMR_RevB_Shutdown
 .text.MXC_TMR_RevB_Start
                0x10004a88       0x5c C:/MaximSDK/Libraries/PeriphDrivers/bin/MAX78000/softfp/libPeriphDriver_softfp.a(tmr_revb.o)
                0x10004a88                MXC_TMR_RevB_Start
 .text.MXC_TMR_RevB_Stop
                0x10004ae4       0x58 C:/MaximSDK/Libraries/PeriphDrivers/bin/MAX78000/softfp/libPeriphDriver_softfp.a(tmr_revb.o)
                0x10004ae4                MXC_TMR_RevB_Stop
 .text.MXC_TMR_RevB_SetPWM
                0x10004b3c       0x6c C:/MaximSDK/Libraries/PeriphDrivers/bin/MAX78000/softfp/libPeriphDriver_softfp.a(tmr_revb.o)
                0x10004b3c                MXC_TMR_RevB_SetPWM
 .text.MXC_TMR_RevB_GetPeriod
                0x10004ba8       0x5c C:/MaximSDK/Libraries/PeriphDrivers/bin/MAX78000/softfp/libPeriphDriver_softfp.a(tmr_revb.o)
                0x10004ba8                MXC_TMR_RevB_GetPeriod
 .text.MXC_TMR_RevB_ClearFlags
                0x10004c04       0x58 C:/MaximSDK/Libraries/PeriphDrivers/bin/MAX78000/softfp/libPeriphDriver_softfp.a(tmr_revb.o)
                0x10004c04                MXC_TMR_RevB_ClearFlags
 .text.MXC_TMR_RevB_SetCount
                0x10004c5c       0x5c C:/MaximSDK/Libraries/PeriphDrivers/bin/MAX78000/softfp/libPeriphDriver_softfp.a(tmr_revb.o)
                0x10004c5c                MXC_TMR_RevB_SetCount
 .text.MXC_TMR_RevB_TO_Start
                0x10004cb8       0xc4 C:/MaximSDK/Libraries/PeriphDrivers/bin/MAX78000/softfp/libPeriphDriver_softfp.a(tmr_revb.o)
                0x10004cb8                MXC_TMR_RevB_TO_Start
 .text.MXC_TMR_RevB_GetTime
                0x10004d7c       0xf8 C:/MaximSDK/Libraries/PeriphDrivers/bin/MAX78000/softfp/libPeriphDriver_softfp.a(tmr_revb.o)
                0x10004d7c                MXC_TMR_RevB_GetTime
 .text.MXC_UART_GetFrequency.part.0
                0x10004e74       0x54 C:/MaximSDK/Libraries/PeriphDrivers/bin/MAX78000/softfp/libPeriphDriver_softfp.a(uart_ai85.o)
 .text.MXC_UART_Shutdown
                0x10004ec8       0x60 C:/MaximSDK/Libraries/PeriphDrivers/bin/MAX78000/softfp/libPeriphDriver_softfp.a(uart_ai85.o)
                0x10004ec8                MXC_UART_Shutdown
 .text.MXC_UART_Init
                0x10004f28       0x98 C:/MaximSDK/Libraries/PeriphDrivers/bin/MAX78000/softfp/libPeriphDriver_softfp.a(uart_ai85.o)
                0x10004f28                MXC_UART_Init
 .text.MXC_UART_SetFrequency
                0x10004fc0       0xb8 C:/MaximSDK/Libraries/PeriphDrivers/bin/MAX78000/softfp/libPeriphDriver_softfp.a(uart_ai85.o)
                0x10004fc0                MXC_UART_SetFrequency
 .text.MXC_UART_GetFrequency
                0x10005078       0x30 C:/MaximSDK/Libraries/PeriphDrivers/bin/MAX78000/softfp/libPeriphDriver_softfp.a(uart_ai85.o)
                0x10005078                MXC_UART_GetFrequency
 .text.MXC_UART_SetDataSize
                0x100050a8        0x4 C:/MaximSDK/Libraries/PeriphDrivers/bin/MAX78000/softfp/libPeriphDriver_softfp.a(uart_ai85.o)
                0x100050a8                MXC_UART_SetDataSize
 .text.MXC_UART_SetStopBits
                0x100050ac        0x4 C:/MaximSDK/Libraries/PeriphDrivers/bin/MAX78000/softfp/libPeriphDriver_softfp.a(uart_ai85.o)
                0x100050ac                MXC_UART_SetStopBits
 .text.MXC_UART_SetParity
                0x100050b0        0x4 C:/MaximSDK/Libraries/PeriphDrivers/bin/MAX78000/softfp/libPeriphDriver_softfp.a(uart_ai85.o)
                0x100050b0                MXC_UART_SetParity
 .text.MXC_UART_ReadCharacterRaw
                0x100050b4        0x4 C:/MaximSDK/Libraries/PeriphDrivers/bin/MAX78000/softfp/libPeriphDriver_softfp.a(uart_ai85.o)
                0x100050b4                MXC_UART_ReadCharacterRaw
 .text.MXC_UART_WriteCharacterRaw
                0x100050b8        0x4 C:/MaximSDK/Libraries/PeriphDrivers/bin/MAX78000/softfp/libPeriphDriver_softfp.a(uart_ai85.o)
                0x100050b8                MXC_UART_WriteCharacterRaw
 .text.MXC_UART_ReadCharacter
                0x100050bc        0x4 C:/MaximSDK/Libraries/PeriphDrivers/bin/MAX78000/softfp/libPeriphDriver_softfp.a(uart_ai85.o)
                0x100050bc                MXC_UART_ReadCharacter
 .text.MXC_UART_WriteCharacter
                0x100050c0        0x4 C:/MaximSDK/Libraries/PeriphDrivers/bin/MAX78000/softfp/libPeriphDriver_softfp.a(uart_ai85.o)
                0x100050c0                MXC_UART_WriteCharacter
 .text.MXC_UART_GetRXFIFOAvailable
                0x100050c4        0x4 C:/MaximSDK/Libraries/PeriphDrivers/bin/MAX78000/softfp/libPeriphDriver_softfp.a(uart_ai85.o)
                0x100050c4                MXC_UART_GetRXFIFOAvailable
 .text.MXC_UART_GetTXFIFOAvailable
                0x100050c8        0x4 C:/MaximSDK/Libraries/PeriphDrivers/bin/MAX78000/softfp/libPeriphDriver_softfp.a(uart_ai85.o)
                0x100050c8                MXC_UART_GetTXFIFOAvailable
 .text.MXC_UART_SetRXThreshold
                0x100050cc        0x4 C:/MaximSDK/Libraries/PeriphDrivers/bin/MAX78000/softfp/libPeriphDriver_softfp.a(uart_ai85.o)
                0x100050cc                MXC_UART_SetRXThreshold
 .text.MXC_UART_Common_ReadCharacter
                0x100050d0       0x18 C:/MaximSDK/Libraries/PeriphDrivers/bin/MAX78000/softfp/libPeriphDriver_softfp.a(uart_common.o)
                0x100050d0                MXC_UART_Common_ReadCharacter
 .text.MXC_UART_Common_WriteCharacter
                0x100050e8       0x1e C:/MaximSDK/Libraries/PeriphDrivers/bin/MAX78000/softfp/libPeriphDriver_softfp.a(uart_common.o)
                0x100050e8                MXC_UART_Common_WriteCharacter
 *fill*         0x10005106        0x2 
 .text.MXC_UART_RevB_Init
                0x10005108       0x68 C:/MaximSDK/Libraries/PeriphDrivers/bin/MAX78000/softfp/libPeriphDriver_softfp.a(uart_revb.o)
                0x10005108                MXC_UART_RevB_Init
 .text.MXC_UART_RevB_SetFrequency
                0x10005170       0x88 C:/MaximSDK/Libraries/PeriphDrivers/bin/MAX78000/softfp/libPeriphDriver_softfp.a(uart_revb.o)
                0x10005170                MXC_UART_RevB_SetFrequency
 .text.MXC_UART_RevB_GetFrequency
                0x100051f8       0x68 C:/MaximSDK/Libraries/PeriphDrivers/bin/MAX78000/softfp/libPeriphDriver_softfp.a(uart_revb.o)
                0x100051f8                MXC_UART_RevB_GetFrequency
 .text.MXC_UART_RevB_SetDataSize
                0x10005260       0x40 C:/MaximSDK/Libraries/PeriphDrivers/bin/MAX78000/softfp/libPeriphDriver_softfp.a(uart_revb.o)
                0x10005260                MXC_UART_RevB_SetDataSize
 .text.MXC_UART_RevB_SetStopBits
                0x100052a0       0x44 C:/MaximSDK/Libraries/PeriphDrivers/bin/MAX78000/softfp/libPeriphDriver_softfp.a(uart_revb.o)
                0x100052a0                MXC_UART_RevB_SetStopBits
 .text.MXC_UART_RevB_SetParity
                0x100052e4       0x94 C:/MaximSDK/Libraries/PeriphDrivers/bin/MAX78000/softfp/libPeriphDriver_softfp.a(uart_revb.o)
                0x100052e4                MXC_UART_RevB_SetParity
 .text.MXC_UART_RevB_ReadCharacterRaw
                0x10005378       0x38 C:/MaximSDK/Libraries/PeriphDrivers/bin/MAX78000/softfp/libPeriphDriver_softfp.a(uart_revb.o)
                0x10005378                MXC_UART_RevB_ReadCharacterRaw
 .text.MXC_UART_RevB_WriteCharacterRaw
                0x100053b0       0x3c C:/MaximSDK/Libraries/PeriphDrivers/bin/MAX78000/softfp/libPeriphDriver_softfp.a(uart_revb.o)
                0x100053b0                MXC_UART_RevB_WriteCharacterRaw
 .text.MXC_UART_RevB_GetRXFIFOAvailable
                0x100053ec        0x8 C:/MaximSDK/Libraries/PeriphDrivers/bin/MAX78000/softfp/libPeriphDriver_softfp.a(uart_revb.o)
                0x100053ec                MXC_UART_RevB_GetRXFIFOAvailable
 .text.MXC_UART_RevB_GetTXFIFOAvailable
                0x100053f4        0xc C:/MaximSDK/Libraries/PeriphDrivers/bin/MAX78000/softfp/libPeriphDriver_softfp.a(uart_revb.o)
                0x100053f4                MXC_UART_RevB_GetTXFIFOAvailable
 .text.MXC_UART_RevB_SetRXThreshold
                0x10005400       0x3c C:/MaximSDK/Libraries/PeriphDrivers/bin/MAX78000/softfp/libPeriphDriver_softfp.a(uart_revb.o)
                0x10005400                MXC_UART_RevB_SetRXThreshold
 .text.MXC_GetLock
                0x1000543c       0x1c C:/MaximSDK/Libraries/PeriphDrivers/bin/MAX78000/softfp/libPeriphDriver_softfp.a(mxc_lock.o)
                0x1000543c                MXC_GetLock
 .text.MXC_FreeLock
                0x10005458        0xa C:/MaximSDK/Libraries/PeriphDrivers/bin/MAX78000/softfp/libPeriphDriver_softfp.a(mxc_lock.o)
                0x10005458                MXC_FreeLock
 *fill*         0x10005462        0x2 
 .text.MXC_GPIO_Common_Init
                0x10005464       0x24 C:/MaximSDK/Libraries/PeriphDrivers/bin/MAX78000/softfp/libPeriphDriver_softfp.a(gpio_common.o)
                0x10005464                MXC_GPIO_Common_Init
 .text.MXC_GPIO_Common_Handler
                0x10005488       0x84 C:/MaximSDK/Libraries/PeriphDrivers/bin/MAX78000/softfp/libPeriphDriver_softfp.a(gpio_common.o)
                0x10005488                MXC_GPIO_Common_Handler
 .text.MXC_TMR_Common_TO_Stop
                0x1000550c       0x14 C:/MaximSDK/Libraries/PeriphDrivers/bin/MAX78000/softfp/libPeriphDriver_softfp.a(tmr_common.o)
                0x1000550c                MXC_TMR_Common_TO_Stop
 .text.MXC_TMR_Common_SW_Start
                0x10005520        0x8 C:/MaximSDK/Libraries/PeriphDrivers/bin/MAX78000/softfp/libPeriphDriver_softfp.a(tmr_common.o)
                0x10005520                MXC_TMR_Common_SW_Start
 .text.MXC_TMR_Common_SW_Stop
                0x10005528       0x14 C:/MaximSDK/Libraries/PeriphDrivers/bin/MAX78000/softfp/libPeriphDriver_softfp.a(tmr_common.o)
                0x10005528                MXC_TMR_Common_SW_Stop
 .text.MXC_TMR_Common_TO_Elapsed
                0x1000553c       0x40 C:/MaximSDK/Libraries/PeriphDrivers/bin/MAX78000/softfp/libPeriphDriver_softfp.a(tmr_common.o)
                0x1000553c                MXC_TMR_Common_TO_Elapsed
 .text.__errno  0x1000557c        0xc c:/maximsdk/tools/gnutools/10.3/bin/../lib/gcc/arm-none-eabi/10.3.1/../../../../arm-none-eabi/lib/thumb/v7e-m+fp/softfp\libc.a(lib_a-errno.o)
                0x1000557c                __errno
 .text.__libc_init_array
                0x10005588       0x48 c:/maximsdk/tools/gnutools/10.3/bin/../lib/gcc/arm-none-eabi/10.3.1/../../../../arm-none-eabi/lib/thumb/v7e-m+fp/softfp\libc.a(lib_a-init.o)
                0x10005588                __libc_init_array
 .text.malloc   0x100055d0       0x10 c:/maximsdk/tools/gnutools/10.3/bin/../lib/gcc/arm-none-eabi/10.3.1/../../../../arm-none-eabi/lib/thumb/v7e-m+fp/softfp\libc.a(lib_a-malloc.o)
                0x100055d0                malloc
 .text.free     0x100055e0       0x10 c:/maximsdk/tools/gnutools/10.3/bin/../lib/gcc/arm-none-eabi/10.3.1/../../../../arm-none-eabi/lib/thumb/v7e-m+fp/softfp\libc.a(lib_a-malloc.o)
                0x100055e0                free
 .text._malloc_r
                0x100055f0      0x560 c:/maximsdk/tools/gnutools/10.3/bin/../lib/gcc/arm-none-eabi/10.3.1/../../../../arm-none-eabi/lib/thumb/v7e-m+fp/softfp\libc.a(lib_a-mallocr.o)
                0x100055f0                _malloc_r
 .text          0x10005b50      0x134 c:/maximsdk/tools/gnutools/10.3/bin/../lib/gcc/arm-none-eabi/10.3.1/../../../../arm-none-eabi/lib/thumb/v7e-m+fp/softfp\libc.a(lib_a-memcpy.o)
                0x10005b50                memcpy
 .text.memset   0x10005c84       0xa4 c:/maximsdk/tools/gnutools/10.3/bin/../lib/gcc/arm-none-eabi/10.3.1/../../../../arm-none-eabi/lib/thumb/v7e-m+fp/softfp\libc.a(lib_a-memset.o)
                0x10005c84                memset
 .text.__malloc_lock
                0x10005d28        0xc c:/maximsdk/tools/gnutools/10.3/bin/../lib/gcc/arm-none-eabi/10.3.1/../../../../arm-none-eabi/lib/thumb/v7e-m+fp/softfp\libc.a(lib_a-mlock.o)
                0x10005d28                __malloc_lock
 .text.__malloc_unlock
                0x10005d34        0xc c:/maximsdk/tools/gnutools/10.3/bin/../lib/gcc/arm-none-eabi/10.3.1/../../../../arm-none-eabi/lib/thumb/v7e-m+fp/softfp\libc.a(lib_a-mlock.o)
                0x10005d34                __malloc_unlock
 .text.printf   0x10005d40       0x28 c:/maximsdk/tools/gnutools/10.3/bin/../lib/gcc/arm-none-eabi/10.3.1/../../../../arm-none-eabi/lib/thumb/v7e-m+fp/softfp\libc.a(lib_a-printf.o)
                0x10005d40                printf
 .text.putchar  0x10005d68       0x10 c:/maximsdk/tools/gnutools/10.3/bin/../lib/gcc/arm-none-eabi/10.3.1/../../../../arm-none-eabi/lib/thumb/v7e-m+fp/softfp\libc.a(lib_a-putchar.o)
                0x10005d68                putchar
 .text._puts_r  0x10005d78       0x9c c:/maximsdk/tools/gnutools/10.3/bin/../lib/gcc/arm-none-eabi/10.3.1/../../../../arm-none-eabi/lib/thumb/v7e-m+fp/softfp\libc.a(lib_a-puts.o)
                0x10005d78                _puts_r
 .text.puts     0x10005e14       0x10 c:/maximsdk/tools/gnutools/10.3/bin/../lib/gcc/arm-none-eabi/10.3.1/../../../../arm-none-eabi/lib/thumb/v7e-m+fp/softfp\libc.a(lib_a-puts.o)
                0x10005e14                puts
 .text._sbrk_r  0x10005e24       0x24 c:/maximsdk/tools/gnutools/10.3/bin/../lib/gcc/arm-none-eabi/10.3.1/../../../../arm-none-eabi/lib/thumb/v7e-m+fp/softfp\libc.a(lib_a-sbrkr.o)
                0x10005e24                _sbrk_r
 .text.sprintf  0x10005e48       0x40 c:/maximsdk/tools/gnutools/10.3/bin/../lib/gcc/arm-none-eabi/10.3.1/../../../../arm-none-eabi/lib/thumb/v7e-m+fp/softfp\libc.a(lib_a-sprintf.o)
                0x10005e48                sprintf
 *fill*         0x10005e88       0x38 
 .text          0x10005ec0       0xdc c:/maximsdk/tools/gnutools/10.3/bin/../lib/gcc/arm-none-eabi/10.3.1/../../../../arm-none-eabi/lib/thumb/v7e-m+fp/softfp\libc.a(lib_a-strlen.o)
                0x10005ec0                strlen
 *fill*         0x10005f9c        0x4 
 .text._svfprintf_r
                0x10005fa0     0x1ac8 c:/maximsdk/tools/gnutools/10.3/bin/../lib/gcc/arm-none-eabi/10.3.1/../../../../arm-none-eabi/lib/thumb/v7e-m+fp/softfp\libc.a(lib_a-svfprintf.o)
                0x10005fa0                _svfprintf_r
 .text._vfprintf_r
                0x10007a68     0x1b8c c:/maximsdk/tools/gnutools/10.3/bin/../lib/gcc/arm-none-eabi/10.3.1/../../../../arm-none-eabi/lib/thumb/v7e-m+fp/softfp\libc.a(lib_a-vfprintf.o)
                0x10007a68                _vfprintf_r
 .text.__sbprintf
                0x100095f4       0x80 c:/maximsdk/tools/gnutools/10.3/bin/../lib/gcc/arm-none-eabi/10.3.1/../../../../arm-none-eabi/lib/thumb/v7e-m+fp/softfp\libc.a(lib_a-vfprintf.o)
 .text.__swsetup_r
                0x10009674       0xd4 c:/maximsdk/tools/gnutools/10.3/bin/../lib/gcc/arm-none-eabi/10.3.1/../../../../arm-none-eabi/lib/thumb/v7e-m+fp/softfp\libc.a(lib_a-wsetup.o)
                0x10009674                __swsetup_r
 .text.startup.register_fini
                0x10009748       0x14 c:/maximsdk/tools/gnutools/10.3/bin/../lib/gcc/arm-none-eabi/10.3.1/../../../../arm-none-eabi/lib/thumb/v7e-m+fp/softfp\libc.a(lib_a-__call_atexit.o)
 .text.atexit   0x1000975c        0xc c:/maximsdk/tools/gnutools/10.3/bin/../lib/gcc/arm-none-eabi/10.3.1/../../../../arm-none-eabi/lib/thumb/v7e-m+fp/softfp\libc.a(lib_a-atexit.o)
                0x1000975c                atexit
 .text.quorem   0x10009768      0x128 c:/maximsdk/tools/gnutools/10.3/bin/../lib/gcc/arm-none-eabi/10.3.1/../../../../arm-none-eabi/lib/thumb/v7e-m+fp/softfp\libc.a(lib_a-dtoa.o)
 .text._dtoa_r  0x10009890      0xf34 c:/maximsdk/tools/gnutools/10.3/bin/../lib/gcc/arm-none-eabi/10.3.1/../../../../arm-none-eabi/lib/thumb/v7e-m+fp/softfp\libc.a(lib_a-dtoa.o)
                0x10009890                _dtoa_r
 .text.__sflush_r
                0x1000a7c4      0x130 c:/maximsdk/tools/gnutools/10.3/bin/../lib/gcc/arm-none-eabi/10.3.1/../../../../arm-none-eabi/lib/thumb/v7e-m+fp/softfp\libc.a(lib_a-fflush.o)
                0x1000a7c4                __sflush_r
 .text._fflush_r
                0x1000a8f4       0x5c c:/maximsdk/tools/gnutools/10.3/bin/../lib/gcc/arm-none-eabi/10.3.1/../../../../arm-none-eabi/lib/thumb/v7e-m+fp/softfp\libc.a(lib_a-fflush.o)
                0x1000a8f4                _fflush_r
 .text._cleanup_r
                0x1000a950        0xc c:/maximsdk/tools/gnutools/10.3/bin/../lib/gcc/arm-none-eabi/10.3.1/../../../../arm-none-eabi/lib/thumb/v7e-m+fp/softfp\libc.a(lib_a-findfp.o)
                0x1000a950                _cleanup_r
 .text.__sinit  0x1000a95c      0x10c c:/maximsdk/tools/gnutools/10.3/bin/../lib/gcc/arm-none-eabi/10.3.1/../../../../arm-none-eabi/lib/thumb/v7e-m+fp/softfp\libc.a(lib_a-findfp.o)
                0x1000a95c                __sinit
 .text.__sfp_lock_acquire
                0x1000aa68        0xc c:/maximsdk/tools/gnutools/10.3/bin/../lib/gcc/arm-none-eabi/10.3.1/../../../../arm-none-eabi/lib/thumb/v7e-m+fp/softfp\libc.a(lib_a-findfp.o)
                0x1000aa68                __sfp_lock_acquire
 .text.__sfp_lock_release
                0x1000aa74        0xc c:/maximsdk/tools/gnutools/10.3/bin/../lib/gcc/arm-none-eabi/10.3.1/../../../../arm-none-eabi/lib/thumb/v7e-m+fp/softfp\libc.a(lib_a-findfp.o)
                0x1000aa74                __sfp_lock_release
 .text.__libc_fini_array
                0x1000aa80       0x2c c:/maximsdk/tools/gnutools/10.3/bin/../lib/gcc/arm-none-eabi/10.3.1/../../../../arm-none-eabi/lib/thumb/v7e-m+fp/softfp\libc.a(lib_a-fini.o)
                0x1000aa80                __libc_fini_array
 .text._malloc_trim_r
                0x1000aaac       0xa0 c:/maximsdk/tools/gnutools/10.3/bin/../lib/gcc/arm-none-eabi/10.3.1/../../../../arm-none-eabi/lib/thumb/v7e-m+fp/softfp\libc.a(lib_a-freer.o)
                0x1000aaac                _malloc_trim_r
 .text._free_r  0x1000ab4c      0x20c c:/maximsdk/tools/gnutools/10.3/bin/../lib/gcc/arm-none-eabi/10.3.1/../../../../arm-none-eabi/lib/thumb/v7e-m+fp/softfp\libc.a(lib_a-freer.o)
                0x1000ab4c                _free_r
 .text.__sfvwrite_r
                0x1000ad58      0x2f0 c:/maximsdk/tools/gnutools/10.3/bin/../lib/gcc/arm-none-eabi/10.3.1/../../../../arm-none-eabi/lib/thumb/v7e-m+fp/softfp\libc.a(lib_a-fvwrite.o)
                0x1000ad58                __sfvwrite_r
 .text._fwalk_reent
                0x1000b048       0x48 c:/maximsdk/tools/gnutools/10.3/bin/../lib/gcc/arm-none-eabi/10.3.1/../../../../arm-none-eabi/lib/thumb/v7e-m+fp/softfp\libc.a(lib_a-fwalk.o)
                0x1000b048                _fwalk_reent
 .text._localeconv_r
                0x1000b090        0x8 c:/maximsdk/tools/gnutools/10.3/bin/../lib/gcc/arm-none-eabi/10.3.1/../../../../arm-none-eabi/lib/thumb/v7e-m+fp/softfp\libc.a(lib_a-localeconv.o)
                0x1000b090                _localeconv_r
 .text.__retarget_lock_init_recursive
                0x1000b098        0x4 c:/maximsdk/tools/gnutools/10.3/bin/../lib/gcc/arm-none-eabi/10.3.1/../../../../arm-none-eabi/lib/thumb/v7e-m+fp/softfp\libc.a(lib_a-lock.o)
                0x1000b098                __retarget_lock_init_recursive
 .text.__retarget_lock_close_recursive
                0x1000b09c        0x4 c:/maximsdk/tools/gnutools/10.3/bin/../lib/gcc/arm-none-eabi/10.3.1/../../../../arm-none-eabi/lib/thumb/v7e-m+fp/softfp\libc.a(lib_a-lock.o)
                0x1000b09c                __retarget_lock_close_recursive
 .text.__retarget_lock_acquire_recursive
                0x1000b0a0        0x4 c:/maximsdk/tools/gnutools/10.3/bin/../lib/gcc/arm-none-eabi/10.3.1/../../../../arm-none-eabi/lib/thumb/v7e-m+fp/softfp\libc.a(lib_a-lock.o)
                0x1000b0a0                __retarget_lock_acquire_recursive
 .text.__retarget_lock_release_recursive
                0x1000b0a4        0x4 c:/maximsdk/tools/gnutools/10.3/bin/../lib/gcc/arm-none-eabi/10.3.1/../../../../arm-none-eabi/lib/thumb/v7e-m+fp/softfp\libc.a(lib_a-lock.o)
                0x1000b0a4                __retarget_lock_release_recursive
 .text.__smakebuf_r
                0x1000b0a8       0xe0 c:/maximsdk/tools/gnutools/10.3/bin/../lib/gcc/arm-none-eabi/10.3.1/../../../../arm-none-eabi/lib/thumb/v7e-m+fp/softfp\libc.a(lib_a-makebuf.o)
                0x1000b0a8                __smakebuf_r
 *fill*         0x1000b188        0x8 
 .text          0x1000b190       0xa0 c:/maximsdk/tools/gnutools/10.3/bin/../lib/gcc/arm-none-eabi/10.3.1/../../../../arm-none-eabi/lib/thumb/v7e-m+fp/softfp\libc.a(lib_a-memchr.o)
                0x1000b190                memchr
 .text.memmove  0x1000b230       0xf8 c:/maximsdk/tools/gnutools/10.3/bin/../lib/gcc/arm-none-eabi/10.3.1/../../../../arm-none-eabi/lib/thumb/v7e-m+fp/softfp\libc.a(lib_a-memmove.o)
                0x1000b230                memmove
 .text._Balloc  0x1000b328       0x4c c:/maximsdk/tools/gnutools/10.3/bin/../lib/gcc/arm-none-eabi/10.3.1/../../../../arm-none-eabi/lib/thumb/v7e-m+fp/softfp\libc.a(lib_a-mprec.o)
                0x1000b328                _Balloc
 .text._Bfree   0x1000b374       0x14 c:/maximsdk/tools/gnutools/10.3/bin/../lib/gcc/arm-none-eabi/10.3.1/../../../../arm-none-eabi/lib/thumb/v7e-m+fp/softfp\libc.a(lib_a-mprec.o)
                0x1000b374                _Bfree
 .text.__multadd
                0x1000b388       0xa8 c:/maximsdk/tools/gnutools/10.3/bin/../lib/gcc/arm-none-eabi/10.3.1/../../../../arm-none-eabi/lib/thumb/v7e-m+fp/softfp\libc.a(lib_a-mprec.o)
                0x1000b388                __multadd
 .text.__hi0bits
                0x1000b430       0x40 c:/maximsdk/tools/gnutools/10.3/bin/../lib/gcc/arm-none-eabi/10.3.1/../../../../arm-none-eabi/lib/thumb/v7e-m+fp/softfp\libc.a(lib_a-mprec.o)
                0x1000b430                __hi0bits
 .text.__lo0bits
                0x1000b470       0x60 c:/maximsdk/tools/gnutools/10.3/bin/../lib/gcc/arm-none-eabi/10.3.1/../../../../arm-none-eabi/lib/thumb/v7e-m+fp/softfp\libc.a(lib_a-mprec.o)
                0x1000b470                __lo0bits
 .text.__i2b    0x1000b4d0       0x5c c:/maximsdk/tools/gnutools/10.3/bin/../lib/gcc/arm-none-eabi/10.3.1/../../../../arm-none-eabi/lib/thumb/v7e-m+fp/softfp\libc.a(lib_a-mprec.o)
                0x1000b4d0                __i2b
 .text.__multiply
                0x1000b52c      0x15c c:/maximsdk/tools/gnutools/10.3/bin/../lib/gcc/arm-none-eabi/10.3.1/../../../../arm-none-eabi/lib/thumb/v7e-m+fp/softfp\libc.a(lib_a-mprec.o)
                0x1000b52c                __multiply
 .text.__pow5mult
                0x1000b688       0xc0 c:/maximsdk/tools/gnutools/10.3/bin/../lib/gcc/arm-none-eabi/10.3.1/../../../../arm-none-eabi/lib/thumb/v7e-m+fp/softfp\libc.a(lib_a-mprec.o)
                0x1000b688                __pow5mult
 .text.__lshift
                0x1000b748       0xf0 c:/maximsdk/tools/gnutools/10.3/bin/../lib/gcc/arm-none-eabi/10.3.1/../../../../arm-none-eabi/lib/thumb/v7e-m+fp/softfp\libc.a(lib_a-mprec.o)
                0x1000b748                __lshift
 .text.__mcmp   0x1000b838       0x44 c:/maximsdk/tools/gnutools/10.3/bin/../lib/gcc/arm-none-eabi/10.3.1/../../../../arm-none-eabi/lib/thumb/v7e-m+fp/softfp\libc.a(lib_a-mprec.o)
                0x1000b838                __mcmp
 .text.__mdiff  0x1000b87c      0x14c c:/maximsdk/tools/gnutools/10.3/bin/../lib/gcc/arm-none-eabi/10.3.1/../../../../arm-none-eabi/lib/thumb/v7e-m+fp/softfp\libc.a(lib_a-mprec.o)
                0x1000b87c                __mdiff
 .text.__d2b    0x1000b9c8       0xc4 c:/maximsdk/tools/gnutools/10.3/bin/../lib/gcc/arm-none-eabi/10.3.1/../../../../arm-none-eabi/lib/thumb/v7e-m+fp/softfp\libc.a(lib_a-mprec.o)
                0x1000b9c8                __d2b
 .text._putc_r  0x1000ba8c       0x74 c:/maximsdk/tools/gnutools/10.3/bin/../lib/gcc/arm-none-eabi/10.3.1/../../../../arm-none-eabi/lib/thumb/v7e-m+fp/softfp\libc.a(lib_a-putc.o)
                0x1000ba8c                _putc_r
 .text._realloc_r
                0x1000bb00      0x3d8 c:/maximsdk/tools/gnutools/10.3/bin/../lib/gcc/arm-none-eabi/10.3.1/../../../../arm-none-eabi/lib/thumb/v7e-m+fp/softfp\libc.a(lib_a-reallocr.o)
                0x1000bb00                _realloc_r
 .text.frexp    0x1000bed8       0x70 c:/maximsdk/tools/gnutools/10.3/bin/../lib/gcc/arm-none-eabi/10.3.1/../../../../arm-none-eabi/lib/thumb/v7e-m+fp/softfp\libc.a(lib_a-s_frexp.o)
                0x1000bed8                frexp
 .text.__sread  0x1000bf48       0x24 c:/maximsdk/tools/gnutools/10.3/bin/../lib/gcc/arm-none-eabi/10.3.1/../../../../arm-none-eabi/lib/thumb/v7e-m+fp/softfp\libc.a(lib_a-stdio.o)
                0x1000bf48                __sread
 .text.__swrite
                0x1000bf6c       0x40 c:/maximsdk/tools/gnutools/10.3/bin/../lib/gcc/arm-none-eabi/10.3.1/../../../../arm-none-eabi/lib/thumb/v7e-m+fp/softfp\libc.a(lib_a-stdio.o)
                0x1000bf6c                __swrite
 .text.__sseek  0x1000bfac       0x20 c:/maximsdk/tools/gnutools/10.3/bin/../lib/gcc/arm-none-eabi/10.3.1/../../../../arm-none-eabi/lib/thumb/v7e-m+fp/softfp\libc.a(lib_a-stdio.o)
                0x1000bfac                __sseek
 .text.__sclose
                0x1000bfcc        0x8 c:/maximsdk/tools/gnutools/10.3/bin/../lib/gcc/arm-none-eabi/10.3.1/../../../../arm-none-eabi/lib/thumb/v7e-m+fp/softfp\libc.a(lib_a-stdio.o)
                0x1000bfcc                __sclose
 .text.strncpy  0x1000bfd4       0x64 c:/maximsdk/tools/gnutools/10.3/bin/../lib/gcc/arm-none-eabi/10.3.1/../../../../arm-none-eabi/lib/thumb/v7e-m+fp/softfp\libc.a(lib_a-strncpy.o)
                0x1000bfd4                strncpy
 .text.__ssprint_r
                0x1000c038       0xf8 c:/maximsdk/tools/gnutools/10.3/bin/../lib/gcc/arm-none-eabi/10.3.1/../../../../arm-none-eabi/lib/thumb/v7e-m+fp/softfp\libc.a(lib_a-svfiprintf.o)
                0x1000c038                __ssprint_r
 .text.__sprint_r.part.0
                0x1000c130       0x78 c:/maximsdk/tools/gnutools/10.3/bin/../lib/gcc/arm-none-eabi/10.3.1/../../../../arm-none-eabi/lib/thumb/v7e-m+fp/softfp\libc.a(lib_a-vfiprintf.o)
 .text.__sprint_r
                0x1000c1a8       0x18 c:/maximsdk/tools/gnutools/10.3/bin/../lib/gcc/arm-none-eabi/10.3.1/../../../../arm-none-eabi/lib/thumb/v7e-m+fp/softfp\libc.a(lib_a-vfiprintf.o)
                0x1000c1a8                __sprint_r
 .text._vfiprintf_r
                0x1000c1c0      0xdfc c:/maximsdk/tools/gnutools/10.3/bin/../lib/gcc/arm-none-eabi/10.3.1/../../../../arm-none-eabi/lib/thumb/v7e-m+fp/softfp\libc.a(lib_a-vfiprintf.o)
                0x1000c1c0                _vfiprintf_r
 .text.__sbprintf
                0x1000cfbc       0x80 c:/maximsdk/tools/gnutools/10.3/bin/../lib/gcc/arm-none-eabi/10.3.1/../../../../arm-none-eabi/lib/thumb/v7e-m+fp/softfp\libc.a(lib_a-vfiprintf.o)
 .text.__swbuf_r
                0x1000d03c       0xb0 c:/maximsdk/tools/gnutools/10.3/bin/../lib/gcc/arm-none-eabi/10.3.1/../../../../arm-none-eabi/lib/thumb/v7e-m+fp/softfp\libc.a(lib_a-wbuf.o)
                0x1000d03c                __swbuf_r
 .text._write_r
                0x1000d0ec       0x2c c:/maximsdk/tools/gnutools/10.3/bin/../lib/gcc/arm-none-eabi/10.3.1/../../../../arm-none-eabi/lib/thumb/v7e-m+fp/softfp\libc.a(lib_a-writer.o)
                0x1000d0ec                _write_r
 .text.__register_exitproc
                0x1000d118       0x8c c:/maximsdk/tools/gnutools/10.3/bin/../lib/gcc/arm-none-eabi/10.3.1/../../../../arm-none-eabi/lib/thumb/v7e-m+fp/softfp\libc.a(lib_a-__atexit.o)
                0x1000d118                __register_exitproc
 .text.__assert_func
                0x1000d1a4       0x40 c:/maximsdk/tools/gnutools/10.3/bin/../lib/gcc/arm-none-eabi/10.3.1/../../../../arm-none-eabi/lib/thumb/v7e-m+fp/softfp\libc.a(lib_a-assert.o)
                0x1000d1a4                __assert_func
 .text._calloc_r
                0x1000d1e4       0x78 c:/maximsdk/tools/gnutools/10.3/bin/../lib/gcc/arm-none-eabi/10.3.1/../../../../arm-none-eabi/lib/thumb/v7e-m+fp/softfp\libc.a(lib_a-callocr.o)
                0x1000d1e4                _calloc_r
 .text._close_r
                0x1000d25c       0x24 c:/maximsdk/tools/gnutools/10.3/bin/../lib/gcc/arm-none-eabi/10.3.1/../../../../arm-none-eabi/lib/thumb/v7e-m+fp/softfp\libc.a(lib_a-closer.o)
                0x1000d25c                _close_r
 .text._fclose_r
                0x1000d280       0xcc c:/maximsdk/tools/gnutools/10.3/bin/../lib/gcc/arm-none-eabi/10.3.1/../../../../arm-none-eabi/lib/thumb/v7e-m+fp/softfp\libc.a(lib_a-fclose.o)
                0x1000d280                _fclose_r
 .text.fiprintf
                0x1000d34c       0x28 c:/maximsdk/tools/gnutools/10.3/bin/../lib/gcc/arm-none-eabi/10.3.1/../../../../arm-none-eabi/lib/thumb/v7e-m+fp/softfp\libc.a(lib_a-fiprintf.o)
                0x1000d34c                fiprintf
 .text.__fputwc
                0x1000d374       0xa8 c:/maximsdk/tools/gnutools/10.3/bin/../lib/gcc/arm-none-eabi/10.3.1/../../../../arm-none-eabi/lib/thumb/v7e-m+fp/softfp\libc.a(lib_a-fputwc.o)
                0x1000d374                __fputwc
 .text._fputwc_r
                0x1000d41c       0x68 c:/maximsdk/tools/gnutools/10.3/bin/../lib/gcc/arm-none-eabi/10.3.1/../../../../arm-none-eabi/lib/thumb/v7e-m+fp/softfp\libc.a(lib_a-fputwc.o)
                0x1000d41c                _fputwc_r
 .text._fstat_r
                0x1000d484       0x2c c:/maximsdk/tools/gnutools/10.3/bin/../lib/gcc/arm-none-eabi/10.3.1/../../../../arm-none-eabi/lib/thumb/v7e-m+fp/softfp\libc.a(lib_a-fstatr.o)
                0x1000d484                _fstat_r
 .text._isatty_r
                0x1000d4b0       0x24 c:/maximsdk/tools/gnutools/10.3/bin/../lib/gcc/arm-none-eabi/10.3.1/../../../../arm-none-eabi/lib/thumb/v7e-m+fp/softfp\libc.a(lib_a-isattyr.o)
                0x1000d4b0                _isatty_r
 .text.__locale_mb_cur_max
                0x1000d4d4        0xc c:/maximsdk/tools/gnutools/10.3/bin/../lib/gcc/arm-none-eabi/10.3.1/../../../../arm-none-eabi/lib/thumb/v7e-m+fp/softfp\libc.a(lib_a-locale.o)
                0x1000d4d4                __locale_mb_cur_max
 .text._lseek_r
                0x1000d4e0       0x2c c:/maximsdk/tools/gnutools/10.3/bin/../lib/gcc/arm-none-eabi/10.3.1/../../../../arm-none-eabi/lib/thumb/v7e-m+fp/softfp\libc.a(lib_a-lseekr.o)
                0x1000d4e0                _lseek_r
 .text.__ascii_mbtowc
                0x1000d50c       0x2c c:/maximsdk/tools/gnutools/10.3/bin/../lib/gcc/arm-none-eabi/10.3.1/../../../../arm-none-eabi/lib/thumb/v7e-m+fp/softfp\libc.a(lib_a-mbtowc_r.o)
                0x1000d50c                __ascii_mbtowc
 .text._read_r  0x1000d538       0x2c c:/maximsdk/tools/gnutools/10.3/bin/../lib/gcc/arm-none-eabi/10.3.1/../../../../arm-none-eabi/lib/thumb/v7e-m+fp/softfp\libc.a(lib_a-readr.o)
                0x1000d538                _read_r
 .text._wcrtomb_r
                0x1000d564       0x3c c:/maximsdk/tools/gnutools/10.3/bin/../lib/gcc/arm-none-eabi/10.3.1/../../../../arm-none-eabi/lib/thumb/v7e-m+fp/softfp\libc.a(lib_a-wcrtomb.o)
                0x1000d564                _wcrtomb_r
 .text.__ascii_wctomb
                0x1000d5a0       0x1c c:/maximsdk/tools/gnutools/10.3/bin/../lib/gcc/arm-none-eabi/10.3.1/../../../../arm-none-eabi/lib/thumb/v7e-m+fp/softfp\libc.a(lib_a-wctomb_r.o)
                0x1000d5a0                __ascii_wctomb
 .text.abort    0x1000d5bc       0x10 c:/maximsdk/tools/gnutools/10.3/bin/../lib/gcc/arm-none-eabi/10.3.1/../../../../arm-none-eabi/lib/thumb/v7e-m+fp/softfp\libc.a(lib_a-abort.o)
                0x1000d5bc                abort
 .text.raise    0x1000d5cc       0x5c c:/maximsdk/tools/gnutools/10.3/bin/../lib/gcc/arm-none-eabi/10.3.1/../../../../arm-none-eabi/lib/thumb/v7e-m+fp/softfp\libc.a(lib_a-signal.o)
                0x1000d5cc                raise
 .text._kill_r  0x1000d628       0x2c c:/maximsdk/tools/gnutools/10.3/bin/../lib/gcc/arm-none-eabi/10.3.1/../../../../arm-none-eabi/lib/thumb/v7e-m+fp/softfp\libc.a(lib_a-signalr.o)
                0x1000d628                _kill_r
 .text._getpid_r
                0x1000d654        0x4 c:/maximsdk/tools/gnutools/10.3/bin/../lib/gcc/arm-none-eabi/10.3.1/../../../../arm-none-eabi/lib/thumb/v7e-m+fp/softfp\libc.a(lib_a-signalr.o)
                0x1000d654                _getpid_r
 .text._getpid  0x1000d658       0x10 c:/maximsdk/tools/gnutools/10.3/bin/../lib/gcc/arm-none-eabi/10.3.1/../../../../arm-none-eabi/lib/thumb/v7e-m+fp/softfp\libnosys.a(getpid.o)
                0x1000d658                _getpid
 .text._kill    0x1000d668       0x10 c:/maximsdk/tools/gnutools/10.3/bin/../lib/gcc/arm-none-eabi/10.3.1/../../../../arm-none-eabi/lib/thumb/v7e-m+fp/softfp\libnosys.a(kill.o)
                0x1000d668                _kill
 .text._exit    0x1000d678        0x4 c:/maximsdk/tools/gnutools/10.3/bin/../lib/gcc/arm-none-eabi/10.3.1/../../../../arm-none-eabi/lib/thumb/v7e-m+fp/softfp\libnosys.a(_exit.o)
                0x1000d678                _exit
 .text          0x1000d67c      0x378 c:/maximsdk/tools/gnutools/10.3/bin/../lib/gcc/arm-none-eabi/10.3.1/thumb/v7e-m+fp/softfp\libgcc.a(_arm_addsubdf3.o)
                0x1000d67c                __aeabi_drsub
                0x1000d684                __aeabi_dsub
                0x1000d684                __subdf3
                0x1000d688                __aeabi_dadd
                0x1000d688                __adddf3
                0x1000d900                __floatunsidf
                0x1000d900                __aeabi_ui2d
                0x1000d920                __floatsidf
                0x1000d920                __aeabi_i2d
                0x1000d944                __aeabi_f2d
                0x1000d944                __extendsfdf2
                0x1000d988                __floatundidf
                0x1000d988                __aeabi_ul2d
                0x1000d998                __floatdidf
                0x1000d998                __aeabi_l2d
 .text          0x1000d9f4      0x424 c:/maximsdk/tools/gnutools/10.3/bin/../lib/gcc/arm-none-eabi/10.3.1/thumb/v7e-m+fp/softfp\libgcc.a(_arm_muldivdf3.o)
                0x1000d9f4                __aeabi_dmul
                0x1000d9f4                __muldf3
                0x1000dc48                __divdf3
                0x1000dc48                __aeabi_ddiv
 .text          0x1000de18      0x110 c:/maximsdk/tools/gnutools/10.3/bin/../lib/gcc/arm-none-eabi/10.3.1/thumb/v7e-m+fp/softfp\libgcc.a(_arm_cmpdf2.o)
                0x1000de18                __gtdf2
                0x1000de18                __gedf2
                0x1000de20                __ltdf2
                0x1000de20                __ledf2
                0x1000de28                __nedf2
                0x1000de28                __eqdf2
                0x1000de28                __cmpdf2
                0x1000dea4                __aeabi_cdrcmple
                0x1000deb4                __aeabi_cdcmpeq
                0x1000deb4                __aeabi_cdcmple
                0x1000dec4                __aeabi_dcmpeq
                0x1000ded8                __aeabi_dcmplt
                0x1000deec                __aeabi_dcmple
                0x1000df00                __aeabi_dcmpge
                0x1000df14                __aeabi_dcmpgt
 .text          0x1000df28       0x2c c:/maximsdk/tools/gnutools/10.3/bin/../lib/gcc/arm-none-eabi/10.3.1/thumb/v7e-m+fp/softfp\libgcc.a(_arm_unorddf2.o)
                0x1000df28                __unorddf2
                0x1000df28                __aeabi_dcmpun
 .text          0x1000df54       0x50 c:/maximsdk/tools/gnutools/10.3/bin/../lib/gcc/arm-none-eabi/10.3.1/thumb/v7e-m+fp/softfp\libgcc.a(_arm_fixdfsi.o)
                0x1000df54                __aeabi_d2iz
                0x1000df54                __fixdfsi
 .text          0x1000dfa4       0xa0 c:/maximsdk/tools/gnutools/10.3/bin/../lib/gcc/arm-none-eabi/10.3.1/thumb/v7e-m+fp/softfp\libgcc.a(_aeabi_ldivmod.o)
                0x1000dfa4                __aeabi_ldivmod
 .text          0x1000e044       0x30 c:/maximsdk/tools/gnutools/10.3/bin/../lib/gcc/arm-none-eabi/10.3.1/thumb/v7e-m+fp/softfp\libgcc.a(_aeabi_uldivmod.o)
                0x1000e044                __aeabi_uldivmod
 .text          0x1000e074      0x2d0 c:/maximsdk/tools/gnutools/10.3/bin/../lib/gcc/arm-none-eabi/10.3.1/thumb/v7e-m+fp/softfp\libgcc.a(_udivmoddi4.o)
                0x1000e074                __udivmoddi4
 .text          0x1000e344        0x4 c:/maximsdk/tools/gnutools/10.3/bin/../lib/gcc/arm-none-eabi/10.3.1/thumb/v7e-m+fp/softfp\libgcc.a(_dvmd_tls.o)
                0x1000e344                __aeabi_idiv0
                0x1000e344                __aeabi_ldiv0
 *(.rodata*)
 .rodata.capture_process_camera.str1.4
                0x1000e348       0x14 C:/MaximSDK/Examples/AiBirdFeeder/birdfeeder/build/main.o
 .rodata.MoveDoor.str1.4
                0x1000e35c       0x3a C:/MaximSDK/Examples/AiBirdFeeder/birdfeeder/build/main.o
 *fill*         0x1000e396        0x2 
 .rodata.main.str1.4
                0x1000e398       0xd6 C:/MaximSDK/Examples/AiBirdFeeder/birdfeeder/build/main.o
 *fill*         0x1000e46e        0x2 
 .rodata.classes
                0x1000e470       0x1a C:/MaximSDK/Examples/AiBirdFeeder/birdfeeder/build/main.o
                0x1000e470                classes
 *fill*         0x1000e48a        0x2 
 .rodata.kernels_0
                0x1000e48c      0x598 C:/MaximSDK/Examples/AiBirdFeeder/birdfeeder/build/cnn.o
 .rodata.kernels_1
                0x1000ea24      0x598 C:/MaximSDK/Examples/AiBirdFeeder/birdfeeder/build/cnn.o
 .rodata.kernels_10
                0x1000efbc      0x508 C:/MaximSDK/Examples/AiBirdFeeder/birdfeeder/build/cnn.o
 .rodata.kernels_11
                0x1000f4c4      0x508 C:/MaximSDK/Examples/AiBirdFeeder/birdfeeder/build/cnn.o
 .rodata.kernels_12
                0x1000f9cc      0x508 C:/MaximSDK/Examples/AiBirdFeeder/birdfeeder/build/cnn.o
 .rodata.kernels_13
                0x1000fed4      0x508 C:/MaximSDK/Examples/AiBirdFeeder/birdfeeder/build/cnn.o
 .rodata.kernels_14
                0x100103dc      0x508 C:/MaximSDK/Examples/AiBirdFeeder/birdfeeder/build/cnn.o
 .rodata.kernels_15
                0x100108e4      0x508 C:/MaximSDK/Examples/AiBirdFeeder/birdfeeder/build/cnn.o
 .rodata.kernels_16
                0x10010dec      0x480 C:/MaximSDK/Examples/AiBirdFeeder/birdfeeder/build/cnn.o
 .rodata.kernels_17
                0x1001126c      0x480 C:/MaximSDK/Examples/AiBirdFeeder/birdfeeder/build/cnn.o
 .rodata.kernels_18
                0x100116ec      0x480 C:/MaximSDK/Examples/AiBirdFeeder/birdfeeder/build/cnn.o
 .rodata.kernels_19
                0x10011b6c      0x480 C:/MaximSDK/Examples/AiBirdFeeder/birdfeeder/build/cnn.o
 .rodata.kernels_2
                0x10011fec      0x598 C:/MaximSDK/Examples/AiBirdFeeder/birdfeeder/build/cnn.o
 .rodata.kernels_20
                0x10012584      0x480 C:/MaximSDK/Examples/AiBirdFeeder/birdfeeder/build/cnn.o
 .rodata.kernels_21
                0x10012a04      0x480 C:/MaximSDK/Examples/AiBirdFeeder/birdfeeder/build/cnn.o
 .rodata.kernels_22
                0x10012e84      0x480 C:/MaximSDK/Examples/AiBirdFeeder/birdfeeder/build/cnn.o
 .rodata.kernels_23
                0x10013304      0x480 C:/MaximSDK/Examples/AiBirdFeeder/birdfeeder/build/cnn.o
 .rodata.kernels_24
                0x10013784      0x480 C:/MaximSDK/Examples/AiBirdFeeder/birdfeeder/build/cnn.o
 .rodata.kernels_25
                0x10013c04      0x480 C:/MaximSDK/Examples/AiBirdFeeder/birdfeeder/build/cnn.o
 .rodata.kernels_26
                0x10014084      0x480 C:/MaximSDK/Examples/AiBirdFeeder/birdfeeder/build/cnn.o
 .rodata.kernels_27
                0x10014504      0x480 C:/MaximSDK/Examples/AiBirdFeeder/birdfeeder/build/cnn.o
 .rodata.kernels_28
                0x10014984      0x480 C:/MaximSDK/Examples/AiBirdFeeder/birdfeeder/build/cnn.o
 .rodata.kernels_29
                0x10014e04      0x480 C:/MaximSDK/Examples/AiBirdFeeder/birdfeeder/build/cnn.o
 .rodata.kernels_3
                0x10015284      0x508 C:/MaximSDK/Examples/AiBirdFeeder/birdfeeder/build/cnn.o
 .rodata.kernels_30
                0x1001578c      0x480 C:/MaximSDK/Examples/AiBirdFeeder/birdfeeder/build/cnn.o
 .rodata.kernels_31
                0x10015c0c      0x480 C:/MaximSDK/Examples/AiBirdFeeder/birdfeeder/build/cnn.o
 .rodata.kernels_32
                0x1001608c      0x2d0 C:/MaximSDK/Examples/AiBirdFeeder/birdfeeder/build/cnn.o
 .rodata.kernels_33
                0x1001635c      0x2d0 C:/MaximSDK/Examples/AiBirdFeeder/birdfeeder/build/cnn.o
 .rodata.kernels_34
                0x1001662c      0x2d0 C:/MaximSDK/Examples/AiBirdFeeder/birdfeeder/build/cnn.o
 .rodata.kernels_35
                0x100168fc      0x2d0 C:/MaximSDK/Examples/AiBirdFeeder/birdfeeder/build/cnn.o
 .rodata.kernels_36
                0x10016bcc      0x3f0 C:/MaximSDK/Examples/AiBirdFeeder/birdfeeder/build/cnn.o
 .rodata.kernels_37
                0x10016fbc      0x3f0 C:/MaximSDK/Examples/AiBirdFeeder/birdfeeder/build/cnn.o
 .rodata.kernels_38
                0x100173ac      0x3f0 C:/MaximSDK/Examples/AiBirdFeeder/birdfeeder/build/cnn.o
 .rodata.kernels_39
                0x1001779c      0x3f0 C:/MaximSDK/Examples/AiBirdFeeder/birdfeeder/build/cnn.o
 .rodata.kernels_4
                0x10017b8c      0x508 C:/MaximSDK/Examples/AiBirdFeeder/birdfeeder/build/cnn.o
 .rodata.kernels_40
                0x10018094      0x3f0 C:/MaximSDK/Examples/AiBirdFeeder/birdfeeder/build/cnn.o
 .rodata.kernels_41
                0x10018484      0x3f0 C:/MaximSDK/Examples/AiBirdFeeder/birdfeeder/build/cnn.o
 .rodata.kernels_42
                0x10018874      0x3f0 C:/MaximSDK/Examples/AiBirdFeeder/birdfeeder/build/cnn.o
 .rodata.kernels_43
                0x10018c64      0x3f0 C:/MaximSDK/Examples/AiBirdFeeder/birdfeeder/build/cnn.o
 .rodata.kernels_44
                0x10019054      0x3f0 C:/MaximSDK/Examples/AiBirdFeeder/birdfeeder/build/cnn.o
 .rodata.kernels_45
                0x10019444      0x3f0 C:/MaximSDK/Examples/AiBirdFeeder/birdfeeder/build/cnn.o
 .rodata.kernels_46
                0x10019834      0x3f0 C:/MaximSDK/Examples/AiBirdFeeder/birdfeeder/build/cnn.o
 .rodata.kernels_47
                0x10019c24      0x3f0 C:/MaximSDK/Examples/AiBirdFeeder/birdfeeder/build/cnn.o
 .rodata.kernels_48
                0x1001a014      0x3f0 C:/MaximSDK/Examples/AiBirdFeeder/birdfeeder/build/cnn.o
 .rodata.kernels_49
                0x1001a404      0x3f0 C:/MaximSDK/Examples/AiBirdFeeder/birdfeeder/build/cnn.o
 .rodata.kernels_5
                0x1001a7f4      0x508 C:/MaximSDK/Examples/AiBirdFeeder/birdfeeder/build/cnn.o
 .rodata.kernels_50
                0x1001acfc      0x3f0 C:/MaximSDK/Examples/AiBirdFeeder/birdfeeder/build/cnn.o
 .rodata.kernels_51
                0x1001b0ec      0x3f0 C:/MaximSDK/Examples/AiBirdFeeder/birdfeeder/build/cnn.o
 .rodata.kernels_52
                0x1001b4dc      0x2d0 C:/MaximSDK/Examples/AiBirdFeeder/birdfeeder/build/cnn.o
 .rodata.kernels_53
                0x1001b7ac      0x2d0 C:/MaximSDK/Examples/AiBirdFeeder/birdfeeder/build/cnn.o
 .rodata.kernels_54
                0x1001ba7c      0x2d0 C:/MaximSDK/Examples/AiBirdFeeder/birdfeeder/build/cnn.o
 .rodata.kernels_55
                0x1001bd4c      0x2d0 C:/MaximSDK/Examples/AiBirdFeeder/birdfeeder/build/cnn.o
 .rodata.kernels_56
                0x1001c01c      0x2d0 C:/MaximSDK/Examples/AiBirdFeeder/birdfeeder/build/cnn.o
 .rodata.kernels_57
                0x1001c2ec      0x2d0 C:/MaximSDK/Examples/AiBirdFeeder/birdfeeder/build/cnn.o
 .rodata.kernels_58
                0x1001c5bc      0x2d0 C:/MaximSDK/Examples/AiBirdFeeder/birdfeeder/build/cnn.o
 .rodata.kernels_59
                0x1001c88c      0x2d0 C:/MaximSDK/Examples/AiBirdFeeder/birdfeeder/build/cnn.o
 .rodata.kernels_6
                0x1001cb5c      0x508 C:/MaximSDK/Examples/AiBirdFeeder/birdfeeder/build/cnn.o
 .rodata.kernels_60
                0x1001d064      0x2d0 C:/MaximSDK/Examples/AiBirdFeeder/birdfeeder/build/cnn.o
 .rodata.kernels_61
                0x1001d334      0x2d0 C:/MaximSDK/Examples/AiBirdFeeder/birdfeeder/build/cnn.o
 .rodata.kernels_62
                0x1001d604      0x2d0 C:/MaximSDK/Examples/AiBirdFeeder/birdfeeder/build/cnn.o
 .rodata.kernels_63
                0x1001d8d4      0x2d0 C:/MaximSDK/Examples/AiBirdFeeder/birdfeeder/build/cnn.o
 .rodata.kernels_7
                0x1001dba4      0x508 C:/MaximSDK/Examples/AiBirdFeeder/birdfeeder/build/cnn.o
 .rodata.kernels_8
                0x1001e0ac      0x508 C:/MaximSDK/Examples/AiBirdFeeder/birdfeeder/build/cnn.o
 .rodata.kernels_9
                0x1001e5b4      0x508 C:/MaximSDK/Examples/AiBirdFeeder/birdfeeder/build/cnn.o
 .rodata.mxc_assert.str1.4
                0x1001eabc       0x19 C:/MaximSDK/Examples/AiBirdFeeder/birdfeeder/build/board.o
 *fill*         0x1001ead5        0x3 
 .rodata.Board_Init.str1.4
                0x1001ead8       0x45 C:/MaximSDK/Examples/AiBirdFeeder/birdfeeder/build/board.o
 *fill*         0x1001eb1d        0x3 
 .rodata.led_pin
                0x1001eb20       0x24 C:/MaximSDK/Examples/AiBirdFeeder/birdfeeder/build/board.o
                0x1001eb20                led_pin
 .rodata.num_leds
                0x1001eb44        0x4 C:/MaximSDK/Examples/AiBirdFeeder/birdfeeder/build/board.o
                0x1001eb44                num_leds
 .rodata.num_pbs
                0x1001eb48        0x4 C:/MaximSDK/Examples/AiBirdFeeder/birdfeeder/build/board.o
                0x1001eb48                num_pbs
 .rodata.pb_pin
                0x1001eb4c       0x18 C:/MaximSDK/Examples/AiBirdFeeder/birdfeeder/build/board.o
                0x1001eb4c                pb_pin
 .rodata.LED_On.str1.4
                0x1001eb64       0x5f C:/MaximSDK/Examples/AiBirdFeeder/birdfeeder/build/led.o
 *fill*         0x1001ebc3        0x1 
 .rodata.camera_setup.str1.4
                0x1001ebc4       0x1b C:/MaximSDK/Examples/AiBirdFeeder/birdfeeder/build/camera.o
 *fill*         0x1001ebdf        0x1 
 .rodata.dump_registers.str1.4
                0x1001ebe0       0x12 C:/MaximSDK/Examples/AiBirdFeeder/birdfeeder/build/ov7692.o
 *fill*         0x1001ebf2        0x2 
 .rodata.default_regs
                0x1001ebf4       0x5e C:/MaximSDK/Examples/AiBirdFeeder/birdfeeder/build/ov7692.o
 *fill*         0x1001ec52        0x2 
 .rodata.gpio_cfg_scl
                0x1001ec54        0xc C:/MaximSDK/Examples/AiBirdFeeder/birdfeeder/build/sccb.o
 .rodata.gpio_cfg_sda
                0x1001ec60        0xc C:/MaximSDK/Examples/AiBirdFeeder/birdfeeder/build/sccb.o
 .rodata.gpio_cfg_i2c0
                0x1001ec6c        0xc C:/MaximSDK/Libraries/PeriphDrivers/bin/MAX78000/softfp/libPeriphDriver_softfp.a(pins_ai85.o)
                0x1001ec6c                gpio_cfg_i2c0
 .rodata.gpio_cfg_i2c1
                0x1001ec78        0xc C:/MaximSDK/Libraries/PeriphDrivers/bin/MAX78000/softfp/libPeriphDriver_softfp.a(pins_ai85.o)
                0x1001ec78                gpio_cfg_i2c1
 .rodata.gpio_cfg_i2c2
                0x1001ec84        0xc C:/MaximSDK/Libraries/PeriphDrivers/bin/MAX78000/softfp/libPeriphDriver_softfp.a(pins_ai85.o)
                0x1001ec84                gpio_cfg_i2c2
 .rodata.gpio_cfg_pcif_P0_BITS_0_7
                0x1001ec90        0xc C:/MaximSDK/Libraries/PeriphDrivers/bin/MAX78000/softfp/libPeriphDriver_softfp.a(pins_ai85.o)
                0x1001ec90                gpio_cfg_pcif_P0_BITS_0_7
 .rodata.gpio_cfg_pcif_P0_BITS_8_9
                0x1001ec9c        0xc C:/MaximSDK/Libraries/PeriphDrivers/bin/MAX78000/softfp/libPeriphDriver_softfp.a(pins_ai85.o)
                0x1001ec9c                gpio_cfg_pcif_P0_BITS_8_9
 .rodata.gpio_cfg_pcif_P1_BITS_10_11
                0x1001eca8        0xc C:/MaximSDK/Libraries/PeriphDrivers/bin/MAX78000/softfp/libPeriphDriver_softfp.a(pins_ai85.o)
                0x1001eca8                gpio_cfg_pcif_P1_BITS_10_11
 .rodata.gpio_cfg_pcif_hsync
                0x1001ecb4        0xc C:/MaximSDK/Libraries/PeriphDrivers/bin/MAX78000/softfp/libPeriphDriver_softfp.a(pins_ai85.o)
                0x1001ecb4                gpio_cfg_pcif_hsync
 .rodata.gpio_cfg_pcif_vsync
                0x1001ecc0        0xc C:/MaximSDK/Libraries/PeriphDrivers/bin/MAX78000/softfp/libPeriphDriver_softfp.a(pins_ai85.o)
                0x1001ecc0                gpio_cfg_pcif_vsync
 .rodata.gpio_cfg_pcif_xclk
                0x1001eccc        0xc C:/MaximSDK/Libraries/PeriphDrivers/bin/MAX78000/softfp/libPeriphDriver_softfp.a(pins_ai85.o)
                0x1001eccc                gpio_cfg_pcif_xclk
 .rodata.gpio_cfg_pt0
                0x1001ecd8        0xc C:/MaximSDK/Libraries/PeriphDrivers/bin/MAX78000/softfp/libPeriphDriver_softfp.a(pins_ai85.o)
                0x1001ecd8                gpio_cfg_pt0
 .rodata.gpio_cfg_pt1
                0x1001ece4        0xc C:/MaximSDK/Libraries/PeriphDrivers/bin/MAX78000/softfp/libPeriphDriver_softfp.a(pins_ai85.o)
                0x1001ece4                gpio_cfg_pt1
 .rodata.gpio_cfg_pt2
                0x1001ecf0        0xc C:/MaximSDK/Libraries/PeriphDrivers/bin/MAX78000/softfp/libPeriphDriver_softfp.a(pins_ai85.o)
                0x1001ecf0                gpio_cfg_pt2
 .rodata.gpio_cfg_pt3
                0x1001ecfc        0xc C:/MaximSDK/Libraries/PeriphDrivers/bin/MAX78000/softfp/libPeriphDriver_softfp.a(pins_ai85.o)
                0x1001ecfc                gpio_cfg_pt3
 .rodata.gpio_cfg_tmr0
                0x1001ed08        0xc C:/MaximSDK/Libraries/PeriphDrivers/bin/MAX78000/softfp/libPeriphDriver_softfp.a(pins_ai85.o)
                0x1001ed08                gpio_cfg_tmr0
 .rodata.gpio_cfg_tmr0b
                0x1001ed14        0xc C:/MaximSDK/Libraries/PeriphDrivers/bin/MAX78000/softfp/libPeriphDriver_softfp.a(pins_ai85.o)
                0x1001ed14                gpio_cfg_tmr0b
 .rodata.gpio_cfg_tmr1
                0x1001ed20        0xc C:/MaximSDK/Libraries/PeriphDrivers/bin/MAX78000/softfp/libPeriphDriver_softfp.a(pins_ai85.o)
                0x1001ed20                gpio_cfg_tmr1
 .rodata.gpio_cfg_tmr1b
                0x1001ed2c        0xc C:/MaximSDK/Libraries/PeriphDrivers/bin/MAX78000/softfp/libPeriphDriver_softfp.a(pins_ai85.o)
                0x1001ed2c                gpio_cfg_tmr1b
 .rodata.gpio_cfg_tmr2
                0x1001ed38        0xc C:/MaximSDK/Libraries/PeriphDrivers/bin/MAX78000/softfp/libPeriphDriver_softfp.a(pins_ai85.o)
                0x1001ed38                gpio_cfg_tmr2
 .rodata.gpio_cfg_tmr2b
                0x1001ed44        0xc C:/MaximSDK/Libraries/PeriphDrivers/bin/MAX78000/softfp/libPeriphDriver_softfp.a(pins_ai85.o)
                0x1001ed44                gpio_cfg_tmr2b
 .rodata.gpio_cfg_tmr3
                0x1001ed50        0xc C:/MaximSDK/Libraries/PeriphDrivers/bin/MAX78000/softfp/libPeriphDriver_softfp.a(pins_ai85.o)